  Determining projects to restore...
C:\_prj\stevecisco\private\daiv3\src\Daiv3.Api\Daiv3.Api.csproj : warning NU1903: Package 'System.IO.Packaging' 8.0.0 has a known high severity vulnerability, https://github.com/advisories/GHSA-f32c-w444-8ppv [C:\_prj\stevecisco\private\daiv3\Daiv3.FoundryLocal.slnx]
C:\_prj\stevecisco\private\daiv3\src\Daiv3.Knowledge.DocProc\Daiv3.Knowledge.DocProc.csproj : warning NU1903: Package 'System.IO.Packaging' 8.0.0 has a known high severity vulnerability, https://github.com/advisories/GHSA-f32c-w444-8ppv [C:\_prj\stevecisco\private\daiv3\Daiv3.FoundryLocal.slnx]
C:\_prj\stevecisco\private\daiv3\src\Daiv3.Worker\Daiv3.Worker.csproj : warning NU1903: Package 'System.IO.Packaging' 8.0.0 has a known high severity vulnerability, https://github.com/advisories/GHSA-f32c-w444-8ppv [C:\_prj\stevecisco\private\daiv3\Daiv3.FoundryLocal.slnx]
C:\_prj\stevecisco\private\daiv3\src\Daiv3.Orchestration\Daiv3.Orchestration.csproj : warning NU1903: Package 'System.IO.Packaging' 8.0.0 has a known high severity vulnerability, https://github.com/advisories/GHSA-f32c-w444-8ppv [C:\_prj\stevecisco\private\daiv3\Daiv3.FoundryLocal.slnx]
C:\_prj\stevecisco\private\daiv3\src\Daiv3.App.Cli\Daiv3.App.Cli.csproj : warning NU1903: Package 'System.IO.Packaging' 8.0.0 has a known high severity vulnerability, https://github.com/advisories/GHSA-f32c-w444-8ppv [C:\_prj\stevecisco\private\daiv3\Daiv3.FoundryLocal.slnx]
C:\_prj\stevecisco\private\daiv3\tests\unit\Daiv3.UnitTests\Daiv3.UnitTests.csproj : warning NU1903: Package 'System.IO.Packaging' 8.0.0 has a known high severity vulnerability, https://github.com/advisories/GHSA-f32c-w444-8ppv [C:\_prj\stevecisco\private\daiv3\Daiv3.FoundryLocal.slnx]
C:\_prj\stevecisco\private\daiv3\src\Daiv3.App.Maui\Daiv3.App.Maui.csproj : warning NU1903: Package 'System.IO.Packaging' 8.0.0 has a known high severity vulnerability, https://github.com/advisories/GHSA-f32c-w444-8ppv [C:\_prj\stevecisco\private\daiv3\Daiv3.FoundryLocal.slnx]
C:\_prj\stevecisco\private\daiv3\src\Daiv3.Mcp.Integration\Daiv3.Mcp.Integration.csproj : warning NU1510: PackageReference System.Text.Json will not be pruned. Consider removing this package from your dependencies, as it is likely unnecessary. [C:\_prj\stevecisco\private\daiv3\Daiv3.FoundryLocal.slnx]
C:\_prj\stevecisco\private\daiv3\src\Daiv3.Orchestration\Daiv3.Orchestration.csproj : warning NU1903: Package 'System.IO.Packaging' 8.0.0 has a known high severity vulnerability, https://github.com/advisories/GHSA-qj66-m88j-hmgj [C:\_prj\stevecisco\private\daiv3\Daiv3.FoundryLocal.slnx]
C:\_prj\stevecisco\private\daiv3\src\Daiv3.Knowledge\Daiv3.Knowledge.csproj : warning NU1903: Package 'System.IO.Packaging' 8.0.0 has a known high severity vulnerability, https://github.com/advisories/GHSA-f32c-w444-8ppv [C:\_prj\stevecisco\private\daiv3\Daiv3.FoundryLocal.slnx]
C:\_prj\stevecisco\private\daiv3\src\Daiv3.App.Cli\Daiv3.App.Cli.csproj : warning NU1903: Package 'System.IO.Packaging' 8.0.0 has a known high severity vulnerability, https://github.com/advisories/GHSA-qj66-m88j-hmgj [C:\_prj\stevecisco\private\daiv3\Daiv3.FoundryLocal.slnx]
C:\_prj\stevecisco\private\daiv3\src\Daiv3.App.Maui\Daiv3.App.Maui.csproj : warning NU1903: Package 'System.IO.Packaging' 8.0.0 has a known high severity vulnerability, https://github.com/advisories/GHSA-qj66-m88j-hmgj [C:\_prj\stevecisco\private\daiv3\Daiv3.FoundryLocal.slnx]
C:\_prj\stevecisco\private\daiv3\src\Daiv3.Knowledge\Daiv3.Knowledge.csproj : warning NU1903: Package 'System.IO.Packaging' 8.0.0 has a known high severity vulnerability, https://github.com/advisories/GHSA-qj66-m88j-hmgj [C:\_prj\stevecisco\private\daiv3\Daiv3.FoundryLocal.slnx]
C:\_prj\stevecisco\private\daiv3\src\Daiv3.Worker\Daiv3.Worker.csproj : warning NU1903: Package 'System.IO.Packaging' 8.0.0 has a known high severity vulnerability, https://github.com/advisories/GHSA-qj66-m88j-hmgj [C:\_prj\stevecisco\private\daiv3\Daiv3.FoundryLocal.slnx]
C:\_prj\stevecisco\private\daiv3\src\Daiv3.Api\Daiv3.Api.csproj : warning NU1903: Package 'System.IO.Packaging' 8.0.0 has a known high severity vulnerability, https://github.com/advisories/GHSA-qj66-m88j-hmgj [C:\_prj\stevecisco\private\daiv3\Daiv3.FoundryLocal.slnx]
C:\_prj\stevecisco\private\daiv3\src\Daiv3.Knowledge.DocProc\Daiv3.Knowledge.DocProc.csproj : warning NU1903: Package 'System.IO.Packaging' 8.0.0 has a known high severity vulnerability, https://github.com/advisories/GHSA-qj66-m88j-hmgj [C:\_prj\stevecisco\private\daiv3\Daiv3.FoundryLocal.slnx]
C:\_prj\stevecisco\private\daiv3\tests\unit\Daiv3.UnitTests\Daiv3.UnitTests.csproj : warning NU1903: Package 'System.IO.Packaging' 8.0.0 has a known high severity vulnerability, https://github.com/advisories/GHSA-qj66-m88j-hmgj [C:\_prj\stevecisco\private\daiv3\Daiv3.FoundryLocal.slnx]
  All projects are up-to-date for restore.
C:\_prj\stevecisco\private\daiv3\src\Daiv3.App.Cli\Daiv3.App.Cli.csproj : warning NU1903: Package 'System.IO.Packaging' 8.0.0 has a known high severity vulnerability, https://github.com/advisories/GHSA-f32c-w444-8ppv
C:\_prj\stevecisco\private\daiv3\src\Daiv3.App.Cli\Daiv3.App.Cli.csproj : warning NU1903: Package 'System.IO.Packaging' 8.0.0 has a known high severity vulnerability, https://github.com/advisories/GHSA-qj66-m88j-hmgj
C:\_prj\stevecisco\private\daiv3\src\Daiv3.Knowledge.DocProc\Daiv3.Knowledge.DocProc.csproj : warning NU1903: Package 'System.IO.Packaging' 8.0.0 has a known high severity vulnerability, https://github.com/advisories/GHSA-f32c-w444-8ppv [TargetFramework=net10.0]
C:\_prj\stevecisco\private\daiv3\src\Daiv3.Knowledge.DocProc\Daiv3.Knowledge.DocProc.csproj : warning NU1903: Package 'System.IO.Packaging' 8.0.0 has a known high severity vulnerability, https://github.com/advisories/GHSA-qj66-m88j-hmgj [TargetFramework=net10.0]
C:\_prj\stevecisco\private\daiv3\src\Daiv3.Knowledge\Daiv3.Knowledge.csproj : warning NU1903: Package 'System.IO.Packaging' 8.0.0 has a known high severity vulnerability, https://github.com/advisories/GHSA-f32c-w444-8ppv [TargetFramework=net10.0]
C:\_prj\stevecisco\private\daiv3\src\Daiv3.Knowledge\Daiv3.Knowledge.csproj : warning NU1903: Package 'System.IO.Packaging' 8.0.0 has a known high severity vulnerability, https://github.com/advisories/GHSA-qj66-m88j-hmgj [TargetFramework=net10.0]
C:\_prj\stevecisco\private\daiv3\src\Daiv3.Api\Daiv3.Api.csproj : warning NU1903: Package 'System.IO.Packaging' 8.0.0 has a known high severity vulnerability, https://github.com/advisories/GHSA-f32c-w444-8ppv
C:\_prj\stevecisco\private\daiv3\src\Daiv3.Api\Daiv3.Api.csproj : warning NU1903: Package 'System.IO.Packaging' 8.0.0 has a known high severity vulnerability, https://github.com/advisories/GHSA-qj66-m88j-hmgj
C:\_prj\stevecisco\private\daiv3\src\Daiv3.Mcp.Integration\Daiv3.Mcp.Integration.csproj : warning NU1510: PackageReference System.Text.Json will not be pruned. Consider removing this package from your dependencies, as it is likely unnecessary. [TargetFramework=net10.0]
C:\_prj\stevecisco\private\daiv3\src\Daiv3.Knowledge\Daiv3.Knowledge.csproj : warning NU1903: Package 'System.IO.Packaging' 8.0.0 has a known high severity vulnerability, https://github.com/advisories/GHSA-f32c-w444-8ppv [TargetFramework=net10.0-windows10.0.26100]
C:\_prj\stevecisco\private\daiv3\src\Daiv3.Knowledge\Daiv3.Knowledge.csproj : warning NU1903: Package 'System.IO.Packaging' 8.0.0 has a known high severity vulnerability, https://github.com/advisories/GHSA-qj66-m88j-hmgj [TargetFramework=net10.0-windows10.0.26100]
  Daiv3.FoundryLocal.Bridge -> C:\_prj\stevecisco\private\daiv3\src\Daiv3.FoundryLocal.Bridge\bin\Debug\net10.0\Daiv3.FoundryLocal.Bridge.dll
  Daiv3.Core -> C:\_prj\stevecisco\private\daiv3\src\Daiv3.Core\bin\Debug\net10.0\Daiv3.Core.dll
C:\_prj\stevecisco\private\daiv3\src\Daiv3.App.Maui\Daiv3.App.Maui.csproj : warning NU1903: Package 'System.IO.Packaging' 8.0.0 has a known high severity vulnerability, https://github.com/advisories/GHSA-f32c-w444-8ppv [TargetFramework=net10.0-windows10.0.26100]
C:\_prj\stevecisco\private\daiv3\src\Daiv3.App.Maui\Daiv3.App.Maui.csproj : warning NU1903: Package 'System.IO.Packaging' 8.0.0 has a known high severity vulnerability, https://github.com/advisories/GHSA-qj66-m88j-hmgj [TargetFramework=net10.0-windows10.0.26100]
  Daiv3.Infrastructure.Shared -> C:\_prj\stevecisco\private\daiv3\src\Daiv3.Infrastructure.Shared\bin\Debug\net10.0\Daiv3.Infrastructure.Shared.dll
C:\_prj\stevecisco\private\daiv3\src\Daiv3.Mcp.Integration\Daiv3.Mcp.Integration.csproj : warning NU1510: PackageReference System.Text.Json will not be pruned. Consider removing this package from your dependencies, as it is likely unnecessary. [TargetFramework=net10.0-windows10.0.26100]
C:\_prj\stevecisco\private\daiv3\src\Daiv3.Worker\Daiv3.Worker.csproj : warning NU1903: Package 'System.IO.Packaging' 8.0.0 has a known high severity vulnerability, https://github.com/advisories/GHSA-f32c-w444-8ppv
C:\_prj\stevecisco\private\daiv3\src\Daiv3.Worker\Daiv3.Worker.csproj : warning NU1903: Package 'System.IO.Packaging' 8.0.0 has a known high severity vulnerability, https://github.com/advisories/GHSA-qj66-m88j-hmgj
C:\_prj\stevecisco\private\daiv3\tests\unit\Daiv3.UnitTests\Daiv3.UnitTests.csproj : warning NU1903: Package 'System.IO.Packaging' 8.0.0 has a known high severity vulnerability, https://github.com/advisories/GHSA-f32c-w444-8ppv [TargetFramework=net10.0]
C:\_prj\stevecisco\private\daiv3\tests\unit\Daiv3.UnitTests\Daiv3.UnitTests.csproj : warning NU1903: Package 'System.IO.Packaging' 8.0.0 has a known high severity vulnerability, https://github.com/advisories/GHSA-qj66-m88j-hmgj [TargetFramework=net10.0]
C:\_prj\stevecisco\private\daiv3\src\Daiv3.Orchestration\Daiv3.Orchestration.csproj : warning NU1903: Package 'System.IO.Packaging' 8.0.0 has a known high severity vulnerability, https://github.com/advisories/GHSA-f32c-w444-8ppv [TargetFramework=net10.0]
C:\_prj\stevecisco\private\daiv3\src\Daiv3.Orchestration\Daiv3.Orchestration.csproj : warning NU1903: Package 'System.IO.Packaging' 8.0.0 has a known high severity vulnerability, https://github.com/advisories/GHSA-qj66-m88j-hmgj [TargetFramework=net10.0]
C:\_prj\stevecisco\private\daiv3\src\Daiv3.Orchestration\Daiv3.Orchestration.csproj : warning NU1903: Package 'System.IO.Packaging' 8.0.0 has a known high severity vulnerability, https://github.com/advisories/GHSA-f32c-w444-8ppv [TargetFramework=net10.0-windows10.0.26100]
C:\_prj\stevecisco\private\daiv3\src\Daiv3.Orchestration\Daiv3.Orchestration.csproj : warning NU1903: Package 'System.IO.Packaging' 8.0.0 has a known high severity vulnerability, https://github.com/advisories/GHSA-qj66-m88j-hmgj [TargetFramework=net10.0-windows10.0.26100]
C:\_prj\stevecisco\private\daiv3\tests\unit\Daiv3.UnitTests\Daiv3.UnitTests.csproj : warning NU1903: Package 'System.IO.Packaging' 8.0.0 has a known high severity vulnerability, https://github.com/advisories/GHSA-f32c-w444-8ppv [TargetFramework=net10.0-windows10.0.26100]
C:\_prj\stevecisco\private\daiv3\tests\unit\Daiv3.UnitTests\Daiv3.UnitTests.csproj : warning NU1903: Package 'System.IO.Packaging' 8.0.0 has a known high severity vulnerability, https://github.com/advisories/GHSA-qj66-m88j-hmgj [TargetFramework=net10.0-windows10.0.26100]
  Daiv3.Core -> C:\_prj\stevecisco\private\daiv3\src\Daiv3.Core\bin\Debug\net10.0-windows10.0.26100\Daiv3.Core.dll
  Daiv3.Infrastructure.Shared -> C:\_prj\stevecisco\private\daiv3\src\Daiv3.Infrastructure.Shared\bin\Debug\net10.0-windows10.0.26100\Daiv3.Infrastructure.Shared.dll
  Daiv3.OnlineProviders.Abstractions -> C:\_prj\stevecisco\private\daiv3\src\Daiv3.OnlineProviders.Abstractions\bin\Debug\net10.0\Daiv3.OnlineProviders.Abstractions.dll
  Daiv3.Knowledge.DocProc -> C:\_prj\stevecisco\private\daiv3\src\Daiv3.Knowledge.DocProc\bin\Debug\net10.0\Daiv3.Knowledge.DocProc.dll
  Daiv3.Knowledge.Embedding -> C:\_prj\stevecisco\private\daiv3\src\Daiv3.Knowledge.Embedding\bin\Debug\net10.0\Daiv3.Knowledge.Embedding.dll
  Daiv3.WebFetch.Crawl -> C:\_prj\stevecisco\private\daiv3\src\Daiv3.WebFetch.Crawl\bin\Debug\net10.0\Daiv3.WebFetch.Crawl.dll
  Daiv3.OnlineProviders.Anthropic -> C:\_prj\stevecisco\private\daiv3\src\Daiv3.OnlineProviders.Anthropic\bin\Debug\net10.0-windows10.0.26100\Daiv3.OnlineProviders.Anthropic.dll
  Daiv3.OnlineProviders.AzureOpenAI -> C:\_prj\stevecisco\private\daiv3\src\Daiv3.OnlineProviders.AzureOpenAI\bin\Debug\net10.0-windows10.0.26100\Daiv3.OnlineProviders.AzureOpenAI.dll
  Daiv3.FoundryLocal.Management -> C:\_prj\stevecisco\private\daiv3\src\Daiv3.FoundryLocal.Management\bin\Debug\net10.0\Daiv3.FoundryLocal.Management.dll
  Daiv3.FoundryLocal.IntegrationTests -> C:\_prj\stevecisco\private\daiv3\tests\integration\Daiv3.FoundryLocal.IntegrationTests\bin\Debug\net10.0-windows10.0.26100\Daiv3.FoundryLocal.IntegrationTests.dll
  Building Daiv3.FoundryLocal.Management for net10.0
  Daiv3.Mcp.Integration -> C:\_prj\stevecisco\private\daiv3\src\Daiv3.Mcp.Integration\bin\Debug\net10.0\Daiv3.Mcp.Integration.dll
  Daiv3.OnlineProviders.OpenAI -> C:\_prj\stevecisco\private\daiv3\src\Daiv3.OnlineProviders.OpenAI\bin\Debug\net10.0-windows10.0.26100\Daiv3.OnlineProviders.OpenAI.dll
  Daiv3.Knowledge.Embedding -> C:\_prj\stevecisco\private\daiv3\src\Daiv3.Knowledge.Embedding\bin\Debug\net10.0-windows10.0.26100\Daiv3.Knowledge.Embedding.dll
  Daiv3.WebFetch.Crawl -> C:\_prj\stevecisco\private\daiv3\src\Daiv3.WebFetch.Crawl\bin\Debug\net10.0-windows10.0.26100\Daiv3.WebFetch.Crawl.dll
  Daiv3.Mcp.Integration -> C:\_prj\stevecisco\private\daiv3\src\Daiv3.Mcp.Integration\bin\Debug\net10.0-windows10.0.26100\Daiv3.Mcp.Integration.dll
  Daiv3.ModelExecution -> C:\_prj\stevecisco\private\daiv3\src\Daiv3.ModelExecution\bin\Debug\net10.0\Daiv3.ModelExecution.dll
  Daiv3.FoundryLocal.Management -> C:\_prj\stevecisco\private\daiv3\src\Daiv3.FoundryLocal.Management\bin\Debug\net10.0-windows10.0.26100\Daiv3.FoundryLocal.Management.dll
  Building Daiv3.FoundryLocal.Management for net10.0-windows10.0.26100
  Building Daiv3.FoundryLocal.Management for 
  Daiv3.ModelExecution -> C:\_prj\stevecisco\private\daiv3\src\Daiv3.ModelExecution\bin\Debug\net10.0-windows10.0.26100\Daiv3.ModelExecution.dll
  Daiv3.Persistence -> C:\_prj\stevecisco\private\daiv3\src\Daiv3.Persistence\bin\Debug\net10.0\Daiv3.Persistence.dll
  Daiv3.FoundryLocal.Management.Cli -> C:\_prj\stevecisco\private\daiv3\src\Daiv3.FoundryLocal.Management.Cli\bin\Debug\net10.0-windows10.0.26100\Daiv3.FoundryLocal.Management.Cli.dll
  Daiv3.Persistence -> C:\_prj\stevecisco\private\daiv3\src\Daiv3.Persistence\bin\Debug\net10.0-windows10.0.26100\Daiv3.Persistence.dll
  Daiv3.Knowledge -> C:\_prj\stevecisco\private\daiv3\src\Daiv3.Knowledge\bin\Debug\net10.0-windows10.0.26100\Daiv3.Knowledge.dll
  Daiv3.Scheduler -> C:\_prj\stevecisco\private\daiv3\src\Daiv3.Scheduler\bin\Debug\net10.0-windows10.0.26100\Daiv3.Scheduler.dll
  Daiv3.Knowledge.Embedding.IntegrationTests -> C:\_prj\stevecisco\private\daiv3\tests\integration\Daiv3.Knowledge.Embedding.IntegrationTests\bin\Debug\net10.0-windows10.0.26100\Daiv3.Knowledge.Embedding.IntegrationTests.dll
  Daiv3.Knowledge -> C:\_prj\stevecisco\private\daiv3\src\Daiv3.Knowledge\bin\Debug\net10.0\Daiv3.Knowledge.dll
  Building Daiv3.FoundryLocal.Management.Cli for net10.0-windows10.0.26100
  Daiv3.Persistence.IntegrationTests -> C:\_prj\stevecisco\private\daiv3\tests\integration\Daiv3.Persistence.IntegrationTests\bin\Debug\net10.0-windows10.0.26100\Daiv3.Persistence.IntegrationTests.dll
  Daiv3.Orchestration -> C:\_prj\stevecisco\private\daiv3\src\Daiv3.Orchestration\bin\Debug\net10.0-windows10.0.26100\Daiv3.Orchestration.dll
  Daiv3.Scheduler -> C:\_prj\stevecisco\private\daiv3\src\Daiv3.Scheduler\bin\Debug\net10.0\Daiv3.Scheduler.dll
  Daiv3.Persistence.IntegrationTests -> C:\_prj\stevecisco\private\daiv3\tests\integration\Daiv3.Persistence.IntegrationTests\bin\Debug\net10.0\Daiv3.Persistence.IntegrationTests.dll
  Daiv3.App.Cli -> C:\_prj\stevecisco\private\daiv3\src\Daiv3.App.Cli\bin\Debug\net10.0-windows10.0.26100\Daiv3.App.Cli.dll
  Daiv3.Worker -> C:\_prj\stevecisco\private\daiv3\src\Daiv3.Worker\bin\Debug\net10.0-windows10.0.26100\Daiv3.Worker.dll
  XAML source generation is enabled (MauiXamlInflator=SourceGen). This generates C# code from XAML at compile time for better performance. To disable, remove the MauiXamlInflator line from your .csproj file (reverts to configuration-based defaults: Runtime in Debug, XamlC in Release).
  Daiv3.Api -> C:\_prj\stevecisco\private\daiv3\src\Daiv3.Api\bin\Debug\net10.0-windows10.0.26100\Daiv3.Api.dll
  Daiv3.Orchestration -> C:\_prj\stevecisco\private\daiv3\src\Daiv3.Orchestration\bin\Debug\net10.0\Daiv3.Orchestration.dll
C:\_prj\stevecisco\private\daiv3\tests\unit\Daiv3.UnitTests\Persistence\WebFetchMigrationTests.cs(79,16): error CS0117: 'Assert' does not contain a definition for 'GreaterThanOrEqual' [C:\_prj\stevecisco\private\daiv3\tests\unit\Daiv3.UnitTests\Daiv3.UnitTests.csproj::TargetFramework=net10.0]
C:\_prj\stevecisco\private\daiv3\tests\unit\Daiv3.UnitTests\Persistence\WebFetchMigrationTests.cs(102,28): error CS0118: 'WebFetch' is a namespace but is used like a type [C:\_prj\stevecisco\private\daiv3\tests\unit\Daiv3.UnitTests\Daiv3.UnitTests.csproj::TargetFramework=net10.0]
C:\_prj\stevecisco\private\daiv3\tests\unit\Daiv3.UnitTests\Persistence\WebFetchMigrationTests.cs(140,28): error CS0118: 'WebFetch' is a namespace but is used like a type [C:\_prj\stevecisco\private\daiv3\tests\unit\Daiv3.UnitTests\Daiv3.UnitTests.csproj::TargetFramework=net10.0]
C:\_prj\stevecisco\private\daiv3\tests\unit\Daiv3.UnitTests\Persistence\WebFetchMigrationTests.cs(189,28): error CS0118: 'WebFetch' is a namespace but is used like a type [C:\_prj\stevecisco\private\daiv3\tests\unit\Daiv3.UnitTests\Daiv3.UnitTests.csproj::TargetFramework=net10.0]
C:\_prj\stevecisco\private\daiv3\tests\unit\Daiv3.UnitTests\Persistence\WebFetchMigrationTests.cs(235,28): error CS0118: 'WebFetch' is a namespace but is used like a type [C:\_prj\stevecisco\private\daiv3\tests\unit\Daiv3.UnitTests\Daiv3.UnitTests.csproj::TargetFramework=net10.0]
C:\_prj\stevecisco\private\daiv3\tests\unit\Daiv3.UnitTests\Persistence\WebFetchMigrationTests.cs(281,28): error CS0118: 'WebFetch' is a namespace but is used like a type [C:\_prj\stevecisco\private\daiv3\tests\unit\Daiv3.UnitTests\Daiv3.UnitTests.csproj::TargetFramework=net10.0]
C:\_prj\stevecisco\private\daiv3\tests\unit\Daiv3.UnitTests\Persistence\WebFetchMigrationTests.cs(327,28): error CS0118: 'WebFetch' is a namespace but is used like a type [C:\_prj\stevecisco\private\daiv3\tests\unit\Daiv3.UnitTests\Daiv3.UnitTests.csproj::TargetFramework=net10.0]
C:\_prj\stevecisco\private\daiv3\tests\unit\Daiv3.UnitTests\Persistence\WebFetchMigrationTests.cs(402,32): error CS0118: 'WebFetch' is a namespace but is used like a type [C:\_prj\stevecisco\private\daiv3\tests\unit\Daiv3.UnitTests\Daiv3.UnitTests.csproj::TargetFramework=net10.0]
C:\_prj\stevecisco\private\daiv3\tests\unit\Daiv3.UnitTests\Orchestration\AgentManagerTests.cs(452,25): warning CS8604: Possible null reference argument for parameter 'collection' in 'void Assert.NotEmpty(IEnumerable collection)'. [C:\_prj\stevecisco\private\daiv3\tests\unit\Daiv3.UnitTests\Daiv3.UnitTests.csproj::TargetFramework=net10.0]
C:\_prj\stevecisco\private\daiv3\tests\unit\Daiv3.UnitTests\Orchestration\AgentManagerTests.cs(492,29): warning CS8604: Possible null reference argument for parameter 'collection' in 'void Assert.NotEmpty(IEnumerable collection)'. [C:\_prj\stevecisco\private\daiv3\tests\unit\Daiv3.UnitTests\Daiv3.UnitTests.csproj::TargetFramework=net10.0]
C:\_prj\stevecisco\private\daiv3\tests\unit\Daiv3.UnitTests\Orchestration\SkillExecutorTests.cs(126,47): warning CS8625: Cannot convert null literal to non-nullable reference type. [C:\_prj\stevecisco\private\daiv3\tests\unit\Daiv3.UnitTests\Daiv3.UnitTests.csproj::TargetFramework=net10.0]
C:\_prj\stevecisco\private\daiv3\tests\unit\Daiv3.UnitTests\Orchestration\SkillExecutorTests.cs(372,66): warning CS8625: Cannot convert null literal to non-nullable reference type. [C:\_prj\stevecisco\private\daiv3\tests\unit\Daiv3.UnitTests\Daiv3.UnitTests.csproj::TargetFramework=net10.0]
C:\_prj\stevecisco\private\daiv3\tests\unit\Daiv3.UnitTests\Orchestration\SkillExecutorTests.cs(416,45): warning CS8625: Cannot convert null literal to non-nullable reference type. [C:\_prj\stevecisco\private\daiv3\tests\unit\Daiv3.UnitTests\Daiv3.UnitTests.csproj::TargetFramework=net10.0]
C:\_prj\stevecisco\private\daiv3\tests\unit\Daiv3.UnitTests\Orchestration\SkillExecutorTests.cs(32,23): warning CS8618: Non-nullable property 'Name' must contain a non-null value when exiting constructor. Consider adding the 'required' modifier or declaring the property as nullable. [C:\_prj\stevecisco\private\daiv3\tests\unit\Daiv3.UnitTests\Daiv3.UnitTests.csproj::TargetFramework=net10.0]
C:\_prj\stevecisco\private\daiv3\tests\unit\Daiv3.UnitTests\Orchestration\SkillExecutorTests.cs(33,23): warning CS8618: Non-nullable property 'Description' must contain a non-null value when exiting constructor. Consider adding the 'required' modifier or declaring the property as nullable. [C:\_prj\stevecisco\private\daiv3\tests\unit\Daiv3.UnitTests\Daiv3.UnitTests.csproj::TargetFramework=net10.0]
C:\_prj\stevecisco\private\daiv3\tests\unit\Daiv3.UnitTests\Orchestration\Messaging\MessageBrokerTests.cs(117,44): warning CS8625: Cannot convert null literal to non-nullable reference type. [C:\_prj\stevecisco\private\daiv3\tests\unit\Daiv3.UnitTests\Daiv3.UnitTests.csproj::TargetFramework=net10.0]
C:\_prj\stevecisco\private\daiv3\tests\unit\Daiv3.UnitTests\Orchestration\AgentConfigFileLoaderTests.cs(13,14): warning IDISP025: Class with no virtual dispose method should be sealed (https://github.com/DotNetAnalyzers/IDisposableAnalyzers/blob/master/documentation/IDISP025.md) [C:\_prj\stevecisco\private\daiv3\tests\unit\Daiv3.UnitTests\Daiv3.UnitTests.csproj::TargetFramework=net10.0]
C:\_prj\stevecisco\private\daiv3\tests\unit\Daiv3.UnitTests\Knowledge\Metrics\KnowledgeLayerTelemetryTests.cs(13,5): warning IDISP006: Implement IDisposable (https://github.com/DotNetAnalyzers/IDisposableAnalyzers/blob/master/documentation/IDISP006.md) [C:\_prj\stevecisco\private\daiv3\tests\unit\Daiv3.UnitTests\Daiv3.UnitTests.csproj::TargetFramework=net10.0]
C:\_prj\stevecisco\private\daiv3\tests\unit\Daiv3.UnitTests\Scheduler\SchedulerConcurrencyTests.cs(14,5): warning IDISP006: Implement IDisposable (https://github.com/DotNetAnalyzers/IDisposableAnalyzers/blob/master/documentation/IDISP006.md) [C:\_prj\stevecisco\private\daiv3\tests\unit\Daiv3.UnitTests\Daiv3.UnitTests.csproj::TargetFramework=net10.0]
C:\_prj\stevecisco\private\daiv3\tests\unit\Daiv3.UnitTests\Persistence\LearningLifecycleTests.cs(16,5): warning IDISP006: Implement IDisposable (https://github.com/DotNetAnalyzers/IDisposableAnalyzers/blob/master/documentation/IDISP006.md) [C:\_prj\stevecisco\private\daiv3\tests\unit\Daiv3.UnitTests\Daiv3.UnitTests.csproj::TargetFramework=net10.0]
C:\_prj\stevecisco\private\daiv3\tests\unit\Daiv3.UnitTests\ModelExecution\OnlineProviderRouterConfirmationTests.cs(14,14): warning IDISP025: Class with no virtual dispose method should be sealed (https://github.com/DotNetAnalyzers/IDisposableAnalyzers/blob/master/documentation/IDISP025.md) [C:\_prj\stevecisco\private\daiv3\tests\unit\Daiv3.UnitTests\Daiv3.UnitTests.csproj::TargetFramework=net10.0]
C:\_prj\stevecisco\private\daiv3\tests\unit\Daiv3.UnitTests\ModelExecution\OnlineProviderRouterContextMinimizationTests.cs(14,14): warning IDISP025: Class with no virtual dispose method should be sealed (https://github.com/DotNetAnalyzers/IDisposableAnalyzers/blob/master/documentation/IDISP025.md) [C:\_prj\stevecisco\private\daiv3\tests\unit\Daiv3.UnitTests\Daiv3.UnitTests.csproj::TargetFramework=net10.0]
C:\_prj\stevecisco\private\daiv3\tests\unit\Daiv3.UnitTests\Persistence\LearningRepositoryTests.cs(18,5): warning IDISP006: Implement IDisposable (https://github.com/DotNetAnalyzers/IDisposableAnalyzers/blob/master/documentation/IDISP006.md) [C:\_prj\stevecisco\private\daiv3\tests\unit\Daiv3.UnitTests\Daiv3.UnitTests.csproj::TargetFramework=net10.0]
C:\_prj\stevecisco\private\daiv3\tests\unit\Daiv3.UnitTests\Scheduler\SchedulerHostedServiceTests.cs(15,5): warning IDISP006: Implement IDisposable (https://github.com/DotNetAnalyzers/IDisposableAnalyzers/blob/master/documentation/IDISP006.md) [C:\_prj\stevecisco\private\daiv3\tests\unit\Daiv3.UnitTests\Daiv3.UnitTests.csproj::TargetFramework=net10.0]
C:\_prj\stevecisco\private\daiv3\tests\unit\Daiv3.UnitTests\ModelExecution\OnlineProviderRouterOfflineQueueingTests.cs(14,14): warning IDISP025: Class with no virtual dispose method should be sealed (https://github.com/DotNetAnalyzers/IDisposableAnalyzers/blob/master/documentation/IDISP025.md) [C:\_prj\stevecisco\private\daiv3\tests\unit\Daiv3.UnitTests\Daiv3.UnitTests.csproj::TargetFramework=net10.0]
C:\_prj\stevecisco\private\daiv3\tests\unit\Daiv3.UnitTests\Orchestration\Integration\AgentMixedToolEnvironmentTests.cs(20,5): warning IDISP006: Implement IDisposable (https://github.com/DotNetAnalyzers/IDisposableAnalyzers/blob/master/documentation/IDISP006.md) [C:\_prj\stevecisco\private\daiv3\tests\unit\Daiv3.UnitTests\Daiv3.UnitTests.csproj::TargetFramework=net10.0]
C:\_prj\stevecisco\private\daiv3\tests\unit\Daiv3.UnitTests\ModelExecution\OnlineProviderRouterSmartRoutingTests.cs(15,14): warning IDISP025: Class with no virtual dispose method should be sealed (https://github.com/DotNetAnalyzers/IDisposableAnalyzers/blob/master/documentation/IDISP025.md) [C:\_prj\stevecisco\private\daiv3\tests\unit\Daiv3.UnitTests\Daiv3.UnitTests.csproj::TargetFramework=net10.0]
C:\_prj\stevecisco\private\daiv3\tests\unit\Daiv3.UnitTests\Persistence\PromotionReversibilityTests.cs(17,5): warning IDISP006: Implement IDisposable (https://github.com/DotNetAnalyzers/IDisposableAnalyzers/blob/master/documentation/IDISP006.md) [C:\_prj\stevecisco\private\daiv3\tests\unit\Daiv3.UnitTests\Daiv3.UnitTests.csproj::TargetFramework=net10.0]
C:\_prj\stevecisco\private\daiv3\tests\unit\Daiv3.UnitTests\Persistence\WebFetchMigrationTests.cs(17,5): warning IDISP006: Implement IDisposable (https://github.com/DotNetAnalyzers/IDisposableAnalyzers/blob/master/documentation/IDISP006.md) [C:\_prj\stevecisco\private\daiv3\tests\unit\Daiv3.UnitTests\Daiv3.UnitTests.csproj::TargetFramework=net10.0]
C:\_prj\stevecisco\private\daiv3\tests\unit\Daiv3.UnitTests\Persistence\PromotionRepositoryTests.cs(17,5): warning IDISP006: Implement IDisposable (https://github.com/DotNetAnalyzers/IDisposableAnalyzers/blob/master/documentation/IDISP006.md) [C:\_prj\stevecisco\private\daiv3\tests\unit\Daiv3.UnitTests\Daiv3.UnitTests.csproj::TargetFramework=net10.0]
C:\_prj\stevecisco\private\daiv3\tests\unit\Daiv3.UnitTests\Persistence\WebFetchRepositoryTests.cs(18,5): warning IDISP006: Implement IDisposable (https://github.com/DotNetAnalyzers/IDisposableAnalyzers/blob/master/documentation/IDISP006.md) [C:\_prj\stevecisco\private\daiv3\tests\unit\Daiv3.UnitTests\Daiv3.UnitTests.csproj::TargetFramework=net10.0]
C:\_prj\stevecisco\private\daiv3\tests\unit\Daiv3.UnitTests\Orchestration\SkillExecutorTests.cs(11,5): warning IDISP006: Implement IDisposable (https://github.com/DotNetAnalyzers/IDisposableAnalyzers/blob/master/documentation/IDISP006.md) [C:\_prj\stevecisco\private\daiv3\tests\unit\Daiv3.UnitTests\Daiv3.UnitTests.csproj::TargetFramework=net10.0]
C:\_prj\stevecisco\private\daiv3\tests\unit\Daiv3.UnitTests\WebFetch\WebFetchServiceExtensionsTests.cs(28,9): warning IDISP001: Dispose created (https://github.com/DotNetAnalyzers/IDisposableAnalyzers/blob/master/documentation/IDISP001.md) [C:\_prj\stevecisco\private\daiv3\tests\unit\Daiv3.UnitTests\Daiv3.UnitTests.csproj::TargetFramework=net10.0]
C:\_prj\stevecisco\private\daiv3\tests\unit\Daiv3.UnitTests\WebFetch\WebFetchServiceExtensionsTests.cs(60,9): warning IDISP001: Dispose created (https://github.com/DotNetAnalyzers/IDisposableAnalyzers/blob/master/documentation/IDISP001.md) [C:\_prj\stevecisco\private\daiv3\tests\unit\Daiv3.UnitTests\Daiv3.UnitTests.csproj::TargetFramework=net10.0]
C:\_prj\stevecisco\private\daiv3\tests\unit\Daiv3.UnitTests\WebFetch\WebFetchServiceExtensionsTests.cs(44,9): warning IDISP001: Dispose created (https://github.com/DotNetAnalyzers/IDisposableAnalyzers/blob/master/documentation/IDISP001.md) [C:\_prj\stevecisco\private\daiv3\tests\unit\Daiv3.UnitTests\Daiv3.UnitTests.csproj::TargetFramework=net10.0]
C:\_prj\stevecisco\private\daiv3\tests\unit\Daiv3.UnitTests\WebFetch\WebFetchServiceExtensionsTests.cs(81,9): warning IDISP001: Dispose created (https://github.com/DotNetAnalyzers/IDisposableAnalyzers/blob/master/documentation/IDISP001.md) [C:\_prj\stevecisco\private\daiv3\tests\unit\Daiv3.UnitTests\Daiv3.UnitTests.csproj::TargetFramework=net10.0]
C:\_prj\stevecisco\private\daiv3\tests\unit\Daiv3.UnitTests\WebFetch\WebFetchServiceExtensionsTests.cs(111,9): warning IDISP001: Dispose created (https://github.com/DotNetAnalyzers/IDisposableAnalyzers/blob/master/documentation/IDISP001.md) [C:\_prj\stevecisco\private\daiv3\tests\unit\Daiv3.UnitTests\Daiv3.UnitTests.csproj::TargetFramework=net10.0]
C:\_prj\stevecisco\private\daiv3\tests\unit\Daiv3.UnitTests\Infrastructure\Shared\Hardware\HardwareDetectionProviderTests.cs(214,9): warning IDISP001: Dispose created (https://github.com/DotNetAnalyzers/IDisposableAnalyzers/blob/master/documentation/IDISP001.md) [C:\_prj\stevecisco\private\daiv3\tests\unit\Daiv3.UnitTests\Daiv3.UnitTests.csproj::TargetFramework=net10.0]
C:\_prj\stevecisco\private\daiv3\tests\unit\Daiv3.UnitTests\Infrastructure\Shared\Hardware\HardwareDetectionProviderTests.cs(229,9): warning IDISP001: Dispose created (https://github.com/DotNetAnalyzers/IDisposableAnalyzers/blob/master/documentation/IDISP001.md) [C:\_prj\stevecisco\private\daiv3\tests\unit\Daiv3.UnitTests\Daiv3.UnitTests.csproj::TargetFramework=net10.0]
C:\_prj\stevecisco\private\daiv3\tests\unit\Daiv3.UnitTests\WebFetch\HtmlParserTests.cs(179,9): warning xUnit2012: Do not use Assert.True() to check if a value exists in a collection. Use Assert.Contains instead. (https://xunit.net/xunit.analyzers/rules/xUnit2012) [C:\_prj\stevecisco\private\daiv3\tests\unit\Daiv3.UnitTests\Daiv3.UnitTests.csproj::TargetFramework=net10.0]
C:\_prj\stevecisco\private\daiv3\tests\unit\Daiv3.UnitTests\WebFetch\HtmlParserTests.cs(180,9): warning xUnit2012: Do not use Assert.True() to check if a value exists in a collection. Use Assert.Contains instead. (https://xunit.net/xunit.analyzers/rules/xUnit2012) [C:\_prj\stevecisco\private\daiv3\tests\unit\Daiv3.UnitTests\Daiv3.UnitTests.csproj::TargetFramework=net10.0]
C:\_prj\stevecisco\private\daiv3\tests\unit\Daiv3.UnitTests\Knowledge\Metrics\KnowledgeLayerTelemetryTests.cs(269,9): warning IDISP001: Dispose created (https://github.com/DotNetAnalyzers/IDisposableAnalyzers/blob/master/documentation/IDISP001.md) [C:\_prj\stevecisco\private\daiv3\tests\unit\Daiv3.UnitTests\Daiv3.UnitTests.csproj::TargetFramework=net10.0]
C:\_prj\stevecisco\private\daiv3\tests\unit\Daiv3.UnitTests\Scheduler\SchedulerServiceExtensionsTests.cs(20,9): warning IDISP001: Dispose created (https://github.com/DotNetAnalyzers/IDisposableAnalyzers/blob/master/documentation/IDISP001.md) [C:\_prj\stevecisco\private\daiv3\tests\unit\Daiv3.UnitTests\Daiv3.UnitTests.csproj::TargetFramework=net10.0]
C:\_prj\stevecisco\private\daiv3\tests\unit\Daiv3.UnitTests\Scheduler\SchedulerServiceExtensionsTests.cs(35,9): warning IDISP001: Dispose created (https://github.com/DotNetAnalyzers/IDisposableAnalyzers/blob/master/documentation/IDISP001.md) [C:\_prj\stevecisco\private\daiv3\tests\unit\Daiv3.UnitTests\Daiv3.UnitTests.csproj::TargetFramework=net10.0]
C:\_prj\stevecisco\private\daiv3\tests\unit\Daiv3.UnitTests\Scheduler\SchedulerServiceExtensionsTests.cs(58,9): warning IDISP001: Dispose created (https://github.com/DotNetAnalyzers/IDisposableAnalyzers/blob/master/documentation/IDISP001.md) [C:\_prj\stevecisco\private\daiv3\tests\unit\Daiv3.UnitTests\Daiv3.UnitTests.csproj::TargetFramework=net10.0]
C:\_prj\stevecisco\private\daiv3\tests\unit\Daiv3.UnitTests\Scheduler\SchedulerServiceExtensionsTests.cs(75,9): warning IDISP001: Dispose created (https://github.com/DotNetAnalyzers/IDisposableAnalyzers/blob/master/documentation/IDISP001.md) [C:\_prj\stevecisco\private\daiv3\tests\unit\Daiv3.UnitTests\Daiv3.UnitTests.csproj::TargetFramework=net10.0]
C:\_prj\stevecisco\private\daiv3\tests\unit\Daiv3.UnitTests\Scheduler\SchedulerServiceExtensionsTests.cs(96,9): warning IDISP001: Dispose created (https://github.com/DotNetAnalyzers/IDisposableAnalyzers/blob/master/documentation/IDISP001.md) [C:\_prj\stevecisco\private\daiv3\tests\unit\Daiv3.UnitTests\Daiv3.UnitTests.csproj::TargetFramework=net10.0]
C:\_prj\stevecisco\private\daiv3\tests\unit\Daiv3.UnitTests\ModelExecution\TaskTypeClassifierTests.cs(19,19): warning IDISP004: Don't ignore created IDisposable (https://github.com/DotNetAnalyzers/IDisposableAnalyzers/blob/master/documentation/IDISP004.md) [C:\_prj\stevecisco\private\daiv3\tests\unit\Daiv3.UnitTests\Daiv3.UnitTests.csproj::TargetFramework=net10.0]
C:\_prj\stevecisco\private\daiv3\tests\unit\Daiv3.UnitTests\Scheduler\SchedulerPerformanceTests.cs(37,9): warning IDISP001: Dispose created (https://github.com/DotNetAnalyzers/IDisposableAnalyzers/blob/master/documentation/IDISP001.md) [C:\_prj\stevecisco\private\daiv3\tests\unit\Daiv3.UnitTests\Daiv3.UnitTests.csproj::TargetFramework=net10.0]
C:\_prj\stevecisco\private\daiv3\tests\unit\Daiv3.UnitTests\Knowledge\Metrics\KnowledgeLayerTelemetryTests.cs(296,9): warning IDISP001: Dispose created (https://github.com/DotNetAnalyzers/IDisposableAnalyzers/blob/master/documentation/IDISP001.md) [C:\_prj\stevecisco\private\daiv3\tests\unit\Daiv3.UnitTests\Daiv3.UnitTests.csproj::TargetFramework=net10.0]
C:\_prj\stevecisco\private\daiv3\tests\unit\Daiv3.UnitTests\Scheduler\CronExpressionTests.cs(30,17): warning xUnit1012: Null should not be used for type parameter 'expression' of type 'string'. Use a non-null value, or convert the parameter to a nullable type. (https://xunit.net/xunit.analyzers/rules/xUnit1012) [C:\_prj\stevecisco\private\daiv3\tests\unit\Daiv3.UnitTests\Daiv3.UnitTests.csproj::TargetFramework=net10.0]
C:\_prj\stevecisco\private\daiv3\tests\unit\Daiv3.UnitTests\ModelExecution\PriorityAssignerTests.cs(19,19): warning IDISP004: Don't ignore created IDisposable (https://github.com/DotNetAnalyzers/IDisposableAnalyzers/blob/master/documentation/IDISP004.md) [C:\_prj\stevecisco\private\daiv3\tests\unit\Daiv3.UnitTests\Daiv3.UnitTests.csproj::TargetFramework=net10.0]
C:\_prj\stevecisco\private\daiv3\tests\unit\Daiv3.UnitTests\Knowledge\DocProc\FileSystemWatcherServiceTests.cs(442,9): warning IDISP016: Don't use disposed instance (https://github.com/DotNetAnalyzers/IDisposableAnalyzers/blob/master/documentation/IDISP016.md) [C:\_prj\stevecisco\private\daiv3\tests\unit\Daiv3.UnitTests\Daiv3.UnitTests.csproj::TargetFramework=net10.0]
C:\_prj\stevecisco\private\daiv3\tests\unit\Daiv3.UnitTests\Scheduler\SchedulerHostedServiceTests.cs(349,9): warning xUnit2002: Do not use Assert.NotNull() on value type 'DateTime'. Remove this assert. (https://xunit.net/xunit.analyzers/rules/xUnit2002) [C:\_prj\stevecisco\private\daiv3\tests\unit\Daiv3.UnitTests\Daiv3.UnitTests.csproj::TargetFramework=net10.0]
C:\_prj\stevecisco\private\daiv3\tests\unit\Daiv3.UnitTests\Scheduler\SchedulerConcurrencyTests.cs(91,9): warning IDISP001: Dispose created (https://github.com/DotNetAnalyzers/IDisposableAnalyzers/blob/master/documentation/IDISP001.md) [C:\_prj\stevecisco\private\daiv3\tests\unit\Daiv3.UnitTests\Daiv3.UnitTests.csproj::TargetFramework=net10.0]
C:\_prj\stevecisco\private\daiv3\tests\unit\Daiv3.UnitTests\Orchestration\ToolRoutingServiceTests.cs(32,22): warning IDISP004: Don't ignore created IDisposable (https://github.com/DotNetAnalyzers/IDisposableAnalyzers/blob/master/documentation/IDISP004.md) [C:\_prj\stevecisco\private\daiv3\tests\unit\Daiv3.UnitTests\Daiv3.UnitTests.csproj::TargetFramework=net10.0]
C:\_prj\stevecisco\private\daiv3\tests\unit\Daiv3.UnitTests\Scheduler\SchedulerConcurrencyTests.cs(33,9): warning IDISP003: Dispose previous before re-assigning (https://github.com/DotNetAnalyzers/IDisposableAnalyzers/blob/master/documentation/IDISP003.md) [C:\_prj\stevecisco\private\daiv3\tests\unit\Daiv3.UnitTests\Daiv3.UnitTests.csproj::TargetFramework=net10.0]
C:\_prj\stevecisco\private\daiv3\tests\unit\Daiv3.UnitTests\Knowledge\DocProc\FileSystemWatcherServiceTests.cs(429,9): warning IDISP016: Don't use disposed instance (https://github.com/DotNetAnalyzers/IDisposableAnalyzers/blob/master/documentation/IDISP016.md) [C:\_prj\stevecisco\private\daiv3\tests\unit\Daiv3.UnitTests\Daiv3.UnitTests.csproj::TargetFramework=net10.0]
C:\_prj\stevecisco\private\daiv3\tests\unit\Daiv3.UnitTests\ModelExecution\OnlineProviderRouterTests.cs(58,9): warning IDISP001: Dispose created (https://github.com/DotNetAnalyzers/IDisposableAnalyzers/blob/master/documentation/IDISP001.md) [C:\_prj\stevecisco\private\daiv3\tests\unit\Daiv3.UnitTests\Daiv3.UnitTests.csproj::TargetFramework=net10.0]
C:\_prj\stevecisco\private\daiv3\tests\unit\Daiv3.UnitTests\ModelExecution\OnlineProviderRouterTests.cs(80,9): warning IDISP001: Dispose created (https://github.com/DotNetAnalyzers/IDisposableAnalyzers/blob/master/documentation/IDISP001.md) [C:\_prj\stevecisco\private\daiv3\tests\unit\Daiv3.UnitTests\Daiv3.UnitTests.csproj::TargetFramework=net10.0]
C:\_prj\stevecisco\private\daiv3\tests\unit\Daiv3.UnitTests\ModelExecution\OnlineProviderRouterTests.cs(90,9): warning IDISP001: Dispose created (https://github.com/DotNetAnalyzers/IDisposableAnalyzers/blob/master/documentation/IDISP001.md) [C:\_prj\stevecisco\private\daiv3\tests\unit\Daiv3.UnitTests\Daiv3.UnitTests.csproj::TargetFramework=net10.0]
C:\_prj\stevecisco\private\daiv3\tests\unit\Daiv3.UnitTests\ModelExecution\OnlineProviderRouterTests.cs(105,9): warning IDISP001: Dispose created (https://github.com/DotNetAnalyzers/IDisposableAnalyzers/blob/master/documentation/IDISP001.md) [C:\_prj\stevecisco\private\daiv3\tests\unit\Daiv3.UnitTests\Daiv3.UnitTests.csproj::TargetFramework=net10.0]
C:\_prj\stevecisco\private\daiv3\tests\unit\Daiv3.UnitTests\ModelExecution\OnlineProviderRouterTests.cs(120,9): warning IDISP001: Dispose created (https://github.com/DotNetAnalyzers/IDisposableAnalyzers/blob/master/documentation/IDISP001.md) [C:\_prj\stevecisco\private\daiv3\tests\unit\Daiv3.UnitTests\Daiv3.UnitTests.csproj::TargetFramework=net10.0]
C:\_prj\stevecisco\private\daiv3\tests\unit\Daiv3.UnitTests\ModelExecution\OnlineProviderRouterTests.cs(130,9): warning IDISP001: Dispose created (https://github.com/DotNetAnalyzers/IDisposableAnalyzers/blob/master/documentation/IDISP001.md) [C:\_prj\stevecisco\private\daiv3\tests\unit\Daiv3.UnitTests\Daiv3.UnitTests.csproj::TargetFramework=net10.0]
C:\_prj\stevecisco\private\daiv3\tests\unit\Daiv3.UnitTests\Knowledge\Embedding\OnnxInferenceSessionProviderTests.cs(24,63): warning IDISP005: Return type should indicate that the value should be disposed (https://github.com/DotNetAnalyzers/IDisposableAnalyzers/blob/master/documentation/IDISP005.md) [C:\_prj\stevecisco\private\daiv3\tests\unit\Daiv3.UnitTests\Daiv3.UnitTests.csproj::TargetFramework=net10.0]
C:\_prj\stevecisco\private\daiv3\tests\unit\Daiv3.UnitTests\Knowledge\Embedding\EmbeddingTokenizerImplementationTests.cs(200,9): warning IDISP001: Dispose created (https://github.com/DotNetAnalyzers/IDisposableAnalyzers/blob/master/documentation/IDISP001.md) [C:\_prj\stevecisco\private\daiv3\tests\unit\Daiv3.UnitTests\Daiv3.UnitTests.csproj::TargetFramework=net10.0]
C:\_prj\stevecisco\private\daiv3\tests\unit\Daiv3.UnitTests\Knowledge\Embedding\EmbeddingTokenizerImplementationTests.cs(215,9): warning IDISP001: Dispose created (https://github.com/DotNetAnalyzers/IDisposableAnalyzers/blob/master/documentation/IDISP001.md) [C:\_prj\stevecisco\private\daiv3\tests\unit\Daiv3.UnitTests\Daiv3.UnitTests.csproj::TargetFramework=net10.0]
C:\_prj\stevecisco\private\daiv3\tests\unit\Daiv3.UnitTests\Knowledge\Embedding\OnnxSessionOptionsFactoryTests.cs(77,9): warning IDISP001: Dispose created (https://github.com/DotNetAnalyzers/IDisposableAnalyzers/blob/master/documentation/IDISP001.md) [C:\_prj\stevecisco\private\daiv3\tests\unit\Daiv3.UnitTests\Daiv3.UnitTests.csproj::TargetFramework=net10.0]
C:\_prj\stevecisco\private\daiv3\tests\unit\Daiv3.UnitTests\Knowledge\Embedding\OnnxSessionOptionsFactoryTests.cs(96,9): warning IDISP001: Dispose created (https://github.com/DotNetAnalyzers/IDisposableAnalyzers/blob/master/documentation/IDISP001.md) [C:\_prj\stevecisco\private\daiv3\tests\unit\Daiv3.UnitTests\Daiv3.UnitTests.csproj::TargetFramework=net10.0]
C:\_prj\stevecisco\private\daiv3\tests\unit\Daiv3.UnitTests\Knowledge\Embedding\OnnxSessionOptionsFactoryTests.cs(118,9): warning IDISP001: Dispose created (https://github.com/DotNetAnalyzers/IDisposableAnalyzers/blob/master/documentation/IDISP001.md) [C:\_prj\stevecisco\private\daiv3\tests\unit\Daiv3.UnitTests\Daiv3.UnitTests.csproj::TargetFramework=net10.0]
C:\_prj\stevecisco\private\daiv3\tests\unit\Daiv3.UnitTests\Knowledge\Embedding\OnnxSessionOptionsFactoryTests.cs(140,9): warning IDISP001: Dispose created (https://github.com/DotNetAnalyzers/IDisposableAnalyzers/blob/master/documentation/IDISP001.md) [C:\_prj\stevecisco\private\daiv3\tests\unit\Daiv3.UnitTests\Daiv3.UnitTests.csproj::TargetFramework=net10.0]
C:\_prj\stevecisco\private\daiv3\tests\unit\Daiv3.UnitTests\Knowledge\Embedding\OnnxSessionOptionsFactoryTests.cs(180,9): warning IDISP001: Dispose created (https://github.com/DotNetAnalyzers/IDisposableAnalyzers/blob/master/documentation/IDISP001.md) [C:\_prj\stevecisco\private\daiv3\tests\unit\Daiv3.UnitTests\Daiv3.UnitTests.csproj::TargetFramework=net10.0]
C:\_prj\stevecisco\private\daiv3\tests\unit\Daiv3.UnitTests\Knowledge\Embedding\OnnxSessionOptionsFactoryTests.cs(161,9): warning IDISP001: Dispose created (https://github.com/DotNetAnalyzers/IDisposableAnalyzers/blob/master/documentation/IDISP001.md) [C:\_prj\stevecisco\private\daiv3\tests\unit\Daiv3.UnitTests\Daiv3.UnitTests.csproj::TargetFramework=net10.0]
C:\_prj\stevecisco\private\daiv3\tests\unit\Daiv3.UnitTests\ModelExecution\OnlineProviderRouterTests.cs(145,9): warning IDISP001: Dispose created (https://github.com/DotNetAnalyzers/IDisposableAnalyzers/blob/master/documentation/IDISP001.md) [C:\_prj\stevecisco\private\daiv3\tests\unit\Daiv3.UnitTests\Daiv3.UnitTests.csproj::TargetFramework=net10.0]
C:\_prj\stevecisco\private\daiv3\tests\unit\Daiv3.UnitTests\ModelExecution\OnlineProviderRouterTests.cs(158,9): warning IDISP001: Dispose created (https://github.com/DotNetAnalyzers/IDisposableAnalyzers/blob/master/documentation/IDISP001.md) [C:\_prj\stevecisco\private\daiv3\tests\unit\Daiv3.UnitTests\Daiv3.UnitTests.csproj::TargetFramework=net10.0]
C:\_prj\stevecisco\private\daiv3\tests\unit\Daiv3.UnitTests\Knowledge\Embedding\OnnxSessionOptionsFactoryTests.cs(201,9): warning IDISP001: Dispose created (https://github.com/DotNetAnalyzers/IDisposableAnalyzers/blob/master/documentation/IDISP001.md) [C:\_prj\stevecisco\private\daiv3\tests\unit\Daiv3.UnitTests\Daiv3.UnitTests.csproj::TargetFramework=net10.0]
C:\_prj\stevecisco\private\daiv3\tests\unit\Daiv3.UnitTests\ModelExecution\OnlineProviderRouterTests.cs(171,9): warning IDISP001: Dispose created (https://github.com/DotNetAnalyzers/IDisposableAnalyzers/blob/master/documentation/IDISP001.md) [C:\_prj\stevecisco\private\daiv3\tests\unit\Daiv3.UnitTests\Daiv3.UnitTests.csproj::TargetFramework=net10.0]
C:\_prj\stevecisco\private\daiv3\tests\unit\Daiv3.UnitTests\Knowledge\Embedding\OnnxSessionOptionsFactoryTests.cs(223,9): warning IDISP001: Dispose created (https://github.com/DotNetAnalyzers/IDisposableAnalyzers/blob/master/documentation/IDISP001.md) [C:\_prj\stevecisco\private\daiv3\tests\unit\Daiv3.UnitTests\Daiv3.UnitTests.csproj::TargetFramework=net10.0]
C:\_prj\stevecisco\private\daiv3\tests\unit\Daiv3.UnitTests\Knowledge\Embedding\OnnxSessionOptionsFactoryTests.cs(244,9): warning IDISP001: Dispose created (https://github.com/DotNetAnalyzers/IDisposableAnalyzers/blob/master/documentation/IDISP001.md) [C:\_prj\stevecisco\private\daiv3\tests\unit\Daiv3.UnitTests\Daiv3.UnitTests.csproj::TargetFramework=net10.0]
C:\_prj\stevecisco\private\daiv3\tests\unit\Daiv3.UnitTests\ModelExecution\OnlineProviderRouterTests.cs(199,9): warning IDISP001: Dispose created (https://github.com/DotNetAnalyzers/IDisposableAnalyzers/blob/master/documentation/IDISP001.md) [C:\_prj\stevecisco\private\daiv3\tests\unit\Daiv3.UnitTests\Daiv3.UnitTests.csproj::TargetFramework=net10.0]
C:\_prj\stevecisco\private\daiv3\tests\unit\Daiv3.UnitTests\ModelExecution\OnlineProviderRouterTests.cs(228,9): warning IDISP001: Dispose created (https://github.com/DotNetAnalyzers/IDisposableAnalyzers/blob/master/documentation/IDISP001.md) [C:\_prj\stevecisco\private\daiv3\tests\unit\Daiv3.UnitTests\Daiv3.UnitTests.csproj::TargetFramework=net10.0]
C:\_prj\stevecisco\private\daiv3\tests\unit\Daiv3.UnitTests\Knowledge\Embedding\OnnxSessionOptionsFactoryTests.cs(298,9): warning IDISP001: Dispose created (https://github.com/DotNetAnalyzers/IDisposableAnalyzers/blob/master/documentation/IDISP001.md) [C:\_prj\stevecisco\private\daiv3\tests\unit\Daiv3.UnitTests\Daiv3.UnitTests.csproj::TargetFramework=net10.0]
C:\_prj\stevecisco\private\daiv3\tests\unit\Daiv3.UnitTests\Knowledge\Embedding\OnnxSessionOptionsFactoryTests.cs(322,9): warning IDISP001: Dispose created (https://github.com/DotNetAnalyzers/IDisposableAnalyzers/blob/master/documentation/IDISP001.md) [C:\_prj\stevecisco\private\daiv3\tests\unit\Daiv3.UnitTests\Daiv3.UnitTests.csproj::TargetFramework=net10.0]
C:\_prj\stevecisco\private\daiv3\tests\unit\Daiv3.UnitTests\ModelExecution\OnlineProviderRouterTests.cs(257,9): warning IDISP001: Dispose created (https://github.com/DotNetAnalyzers/IDisposableAnalyzers/blob/master/documentation/IDISP001.md) [C:\_prj\stevecisco\private\daiv3\tests\unit\Daiv3.UnitTests\Daiv3.UnitTests.csproj::TargetFramework=net10.0]
C:\_prj\stevecisco\private\daiv3\tests\unit\Daiv3.UnitTests\ModelExecution\OnlineProviderRouterTests.cs(286,9): warning IDISP001: Dispose created (https://github.com/DotNetAnalyzers/IDisposableAnalyzers/blob/master/documentation/IDISP001.md) [C:\_prj\stevecisco\private\daiv3\tests\unit\Daiv3.UnitTests\Daiv3.UnitTests.csproj::TargetFramework=net10.0]
C:\_prj\stevecisco\private\daiv3\tests\unit\Daiv3.UnitTests\Knowledge\Embedding\OnnxSessionOptionsFactoryTests.cs(343,9): warning IDISP001: Dispose created (https://github.com/DotNetAnalyzers/IDisposableAnalyzers/blob/master/documentation/IDISP001.md) [C:\_prj\stevecisco\private\daiv3\tests\unit\Daiv3.UnitTests\Daiv3.UnitTests.csproj::TargetFramework=net10.0]
C:\_prj\stevecisco\private\daiv3\tests\unit\Daiv3.UnitTests\ModelExecution\OnlineProviderRouterTests.cs(301,9): warning IDISP001: Dispose created (https://github.com/DotNetAnalyzers/IDisposableAnalyzers/blob/master/documentation/IDISP001.md) [C:\_prj\stevecisco\private\daiv3\tests\unit\Daiv3.UnitTests\Daiv3.UnitTests.csproj::TargetFramework=net10.0]
C:\_prj\stevecisco\private\daiv3\tests\unit\Daiv3.UnitTests\ModelExecution\OnlineProviderRouterTests.cs(320,9): warning IDISP001: Dispose created (https://github.com/DotNetAnalyzers/IDisposableAnalyzers/blob/master/documentation/IDISP001.md) [C:\_prj\stevecisco\private\daiv3\tests\unit\Daiv3.UnitTests\Daiv3.UnitTests.csproj::TargetFramework=net10.0]
C:\_prj\stevecisco\private\daiv3\tests\unit\Daiv3.UnitTests\ModelExecution\OnlineProviderRouterTests.cs(339,9): warning IDISP001: Dispose created (https://github.com/DotNetAnalyzers/IDisposableAnalyzers/blob/master/documentation/IDISP001.md) [C:\_prj\stevecisco\private\daiv3\tests\unit\Daiv3.UnitTests\Daiv3.UnitTests.csproj::TargetFramework=net10.0]
C:\_prj\stevecisco\private\daiv3\tests\unit\Daiv3.UnitTests\ModelExecution\OnlineProviderRouterTests.cs(359,9): warning IDISP001: Dispose created (https://github.com/DotNetAnalyzers/IDisposableAnalyzers/blob/master/documentation/IDISP001.md) [C:\_prj\stevecisco\private\daiv3\tests\unit\Daiv3.UnitTests\Daiv3.UnitTests.csproj::TargetFramework=net10.0]
C:\_prj\stevecisco\private\daiv3\tests\unit\Daiv3.UnitTests\Persistence\DatabaseContextTests.cs(110,9): warning IDISP016: Don't use disposed instance (https://github.com/DotNetAnalyzers/IDisposableAnalyzers/blob/master/documentation/IDISP016.md) [C:\_prj\stevecisco\private\daiv3\tests\unit\Daiv3.UnitTests\Daiv3.UnitTests.csproj::TargetFramework=net10.0]
C:\_prj\stevecisco\private\daiv3\tests\unit\Daiv3.UnitTests\ModelExecution\OnlineProviderRouterTests.cs(369,9): warning IDISP001: Dispose created (https://github.com/DotNetAnalyzers/IDisposableAnalyzers/blob/master/documentation/IDISP001.md) [C:\_prj\stevecisco\private\daiv3\tests\unit\Daiv3.UnitTests\Daiv3.UnitTests.csproj::TargetFramework=net10.0]
C:\_prj\stevecisco\private\daiv3\tests\unit\Daiv3.UnitTests\ModelExecution\OnlineProviderRouterSmartRoutingTests.cs(74,9): warning IDISP001: Dispose created (https://github.com/DotNetAnalyzers/IDisposableAnalyzers/blob/master/documentation/IDISP001.md) [C:\_prj\stevecisco\private\daiv3\tests\unit\Daiv3.UnitTests\Daiv3.UnitTests.csproj::TargetFramework=net10.0]
C:\_prj\stevecisco\private\daiv3\tests\unit\Daiv3.UnitTests\ModelExecution\OnlineProviderRouterSmartRoutingTests.cs(127,9): warning IDISP001: Dispose created (https://github.com/DotNetAnalyzers/IDisposableAnalyzers/blob/master/documentation/IDISP001.md) [C:\_prj\stevecisco\private\daiv3\tests\unit\Daiv3.UnitTests\Daiv3.UnitTests.csproj::TargetFramework=net10.0]
C:\_prj\stevecisco\private\daiv3\tests\unit\Daiv3.UnitTests\ModelExecution\OnlineProviderRouterSmartRoutingTests.cs(106,9): warning IDISP001: Dispose created (https://github.com/DotNetAnalyzers/IDisposableAnalyzers/blob/master/documentation/IDISP001.md) [C:\_prj\stevecisco\private\daiv3\tests\unit\Daiv3.UnitTests\Daiv3.UnitTests.csproj::TargetFramework=net10.0]
C:\_prj\stevecisco\private\daiv3\tests\unit\Daiv3.UnitTests\ModelExecution\OnlineProviderRouterSmartRoutingTests.cs(143,9): warning IDISP001: Dispose created (https://github.com/DotNetAnalyzers/IDisposableAnalyzers/blob/master/documentation/IDISP001.md) [C:\_prj\stevecisco\private\daiv3\tests\unit\Daiv3.UnitTests\Daiv3.UnitTests.csproj::TargetFramework=net10.0]
C:\_prj\stevecisco\private\daiv3\tests\unit\Daiv3.UnitTests\ModelExecution\OnlineProviderRouterSmartRoutingTests.cs(180,9): warning IDISP001: Dispose created (https://github.com/DotNetAnalyzers/IDisposableAnalyzers/blob/master/documentation/IDISP001.md) [C:\_prj\stevecisco\private\daiv3\tests\unit\Daiv3.UnitTests\Daiv3.UnitTests.csproj::TargetFramework=net10.0]
C:\_prj\stevecisco\private\daiv3\tests\unit\Daiv3.UnitTests\ModelExecution\OnlineProviderRouterSmartRoutingTests.cs(193,9): warning IDISP001: Dispose created (https://github.com/DotNetAnalyzers/IDisposableAnalyzers/blob/master/documentation/IDISP001.md) [C:\_prj\stevecisco\private\daiv3\tests\unit\Daiv3.UnitTests\Daiv3.UnitTests.csproj::TargetFramework=net10.0]
C:\_prj\stevecisco\private\daiv3\tests\unit\Daiv3.UnitTests\ModelExecution\OnlineProviderRouterSmartRoutingTests.cs(164,9): warning IDISP001: Dispose created (https://github.com/DotNetAnalyzers/IDisposableAnalyzers/blob/master/documentation/IDISP001.md) [C:\_prj\stevecisco\private\daiv3\tests\unit\Daiv3.UnitTests\Daiv3.UnitTests.csproj::TargetFramework=net10.0]
C:\_prj\stevecisco\private\daiv3\tests\unit\Daiv3.UnitTests\ModelExecution\OnlineProviderRouterSmartRoutingTests.cs(206,9): warning IDISP001: Dispose created (https://github.com/DotNetAnalyzers/IDisposableAnalyzers/blob/master/documentation/IDISP001.md) [C:\_prj\stevecisco\private\daiv3\tests\unit\Daiv3.UnitTests\Daiv3.UnitTests.csproj::TargetFramework=net10.0]
C:\_prj\stevecisco\private\daiv3\tests\unit\Daiv3.UnitTests\ModelExecution\OnlineProviderRouterSmartRoutingTests.cs(228,9): warning IDISP017: Prefer using (https://github.com/DotNetAnalyzers/IDisposableAnalyzers/blob/master/documentation/IDISP017.md) [C:\_prj\stevecisco\private\daiv3\tests\unit\Daiv3.UnitTests\Daiv3.UnitTests.csproj::TargetFramework=net10.0]
C:\_prj\stevecisco\private\daiv3\tests\unit\Daiv3.UnitTests\Knowledge\Embedding\OnnxSessionOptionsFactoryTests.cs(278,9): warning IDISP004: Don't ignore created IDisposable (https://github.com/DotNetAnalyzers/IDisposableAnalyzers/blob/master/documentation/IDISP004.md) [C:\_prj\stevecisco\private\daiv3\tests\unit\Daiv3.UnitTests\Daiv3.UnitTests.csproj::TargetFramework=net10.0]
C:\_prj\stevecisco\private\daiv3\tests\unit\Daiv3.UnitTests\Knowledge\Embedding\OnnxSessionOptionsFactoryTests.cs(279,9): warning IDISP004: Don't ignore created IDisposable (https://github.com/DotNetAnalyzers/IDisposableAnalyzers/blob/master/documentation/IDISP004.md) [C:\_prj\stevecisco\private\daiv3\tests\unit\Daiv3.UnitTests\Daiv3.UnitTests.csproj::TargetFramework=net10.0]
C:\_prj\stevecisco\private\daiv3\tests\unit\Daiv3.UnitTests\ModelExecution\OnlineProviderRouterSmartRoutingTests.cs(331,9): warning IDISP001: Dispose created (https://github.com/DotNetAnalyzers/IDisposableAnalyzers/blob/master/documentation/IDISP001.md) [C:\_prj\stevecisco\private\daiv3\tests\unit\Daiv3.UnitTests\Daiv3.UnitTests.csproj::TargetFramework=net10.0]
C:\_prj\stevecisco\private\daiv3\tests\unit\Daiv3.UnitTests\ModelExecution\OnlineProviderRouterSmartRoutingTests.cs(281,9): warning IDISP001: Dispose created (https://github.com/DotNetAnalyzers/IDisposableAnalyzers/blob/master/documentation/IDISP001.md) [C:\_prj\stevecisco\private\daiv3\tests\unit\Daiv3.UnitTests\Daiv3.UnitTests.csproj::TargetFramework=net10.0]
C:\_prj\stevecisco\private\daiv3\tests\unit\Daiv3.UnitTests\Orchestration\AgentManagerTests.cs(44,9): warning IDISP001: Dispose created (https://github.com/DotNetAnalyzers/IDisposableAnalyzers/blob/master/documentation/IDISP001.md) [C:\_prj\stevecisco\private\daiv3\tests\unit\Daiv3.UnitTests\Daiv3.UnitTests.csproj::TargetFramework=net10.0]
C:\_prj\stevecisco\private\daiv3\tests\unit\Daiv3.UnitTests\ModelExecution\OnlineProviderRouterRateLimitingTests.cs(26,9): warning IDISP001: Dispose created (https://github.com/DotNetAnalyzers/IDisposableAnalyzers/blob/master/documentation/IDISP001.md) [C:\_prj\stevecisco\private\daiv3\tests\unit\Daiv3.UnitTests\Daiv3.UnitTests.csproj::TargetFramework=net10.0]
C:\_prj\stevecisco\private\daiv3\tests\unit\Daiv3.UnitTests\ModelExecution\OnlineProviderRouterRateLimitingTests.cs(62,9): warning IDISP001: Dispose created (https://github.com/DotNetAnalyzers/IDisposableAnalyzers/blob/master/documentation/IDISP001.md) [C:\_prj\stevecisco\private\daiv3\tests\unit\Daiv3.UnitTests\Daiv3.UnitTests.csproj::TargetFramework=net10.0]
C:\_prj\stevecisco\private\daiv3\tests\unit\Daiv3.UnitTests\Orchestration\AgentMcpToolSelectionTests.cs(45,9): warning IDISP001: Dispose created (https://github.com/DotNetAnalyzers/IDisposableAnalyzers/blob/master/documentation/IDISP001.md) [C:\_prj\stevecisco\private\daiv3\tests\unit\Daiv3.UnitTests\Daiv3.UnitTests.csproj::TargetFramework=net10.0]
C:\_prj\stevecisco\private\daiv3\tests\unit\Daiv3.UnitTests\Orchestration\AgentToolInvocationTests.cs(48,9): warning IDISP001: Dispose created (https://github.com/DotNetAnalyzers/IDisposableAnalyzers/blob/master/documentation/IDISP001.md) [C:\_prj\stevecisco\private\daiv3\tests\unit\Daiv3.UnitTests\Daiv3.UnitTests.csproj::TargetFramework=net10.0]
C:\_prj\stevecisco\private\daiv3\tests\unit\Daiv3.UnitTests\ModelExecution\OnlineProviderRouterRateLimitingTests.cs(98,9): warning IDISP001: Dispose created (https://github.com/DotNetAnalyzers/IDisposableAnalyzers/blob/master/documentation/IDISP001.md) [C:\_prj\stevecisco\private\daiv3\tests\unit\Daiv3.UnitTests\Daiv3.UnitTests.csproj::TargetFramework=net10.0]
C:\_prj\stevecisco\private\daiv3\tests\unit\Daiv3.UnitTests\ModelExecution\OnlineProviderRouterParallelExecutionTests.cs(26,9): warning IDISP001: Dispose created (https://github.com/DotNetAnalyzers/IDisposableAnalyzers/blob/master/documentation/IDISP001.md) [C:\_prj\stevecisco\private\daiv3\tests\unit\Daiv3.UnitTests\Daiv3.UnitTests.csproj::TargetFramework=net10.0]
C:\_prj\stevecisco\private\daiv3\tests\unit\Daiv3.UnitTests\ModelExecution\OnlineProviderRouterParallelExecutionTests.cs(35,9): warning IDISP001: Dispose created (https://github.com/DotNetAnalyzers/IDisposableAnalyzers/blob/master/documentation/IDISP001.md) [C:\_prj\stevecisco\private\daiv3\tests\unit\Daiv3.UnitTests\Daiv3.UnitTests.csproj::TargetFramework=net10.0]
C:\_prj\stevecisco\private\daiv3\tests\unit\Daiv3.UnitTests\Persistence\PromotionReversibilityTests.cs(40,9): warning IDISP003: Dispose previous before re-assigning (https://github.com/DotNetAnalyzers/IDisposableAnalyzers/blob/master/documentation/IDISP003.md) [C:\_prj\stevecisco\private\daiv3\tests\unit\Daiv3.UnitTests\Daiv3.UnitTests.csproj::TargetFramework=net10.0]
C:\_prj\stevecisco\private\daiv3\tests\unit\Daiv3.UnitTests\ModelExecution\OnlineProviderRouterParallelExecutionTests.cs(45,9): warning IDISP001: Dispose created (https://github.com/DotNetAnalyzers/IDisposableAnalyzers/blob/master/documentation/IDISP001.md) [C:\_prj\stevecisco\private\daiv3\tests\unit\Daiv3.UnitTests\Daiv3.UnitTests.csproj::TargetFramework=net10.0]
C:\_prj\stevecisco\private\daiv3\tests\unit\Daiv3.UnitTests\ModelExecution\OnlineProviderRouterParallelExecutionTests.cs(77,9): warning IDISP001: Dispose created (https://github.com/DotNetAnalyzers/IDisposableAnalyzers/blob/master/documentation/IDISP001.md) [C:\_prj\stevecisco\private\daiv3\tests\unit\Daiv3.UnitTests\Daiv3.UnitTests.csproj::TargetFramework=net10.0]
C:\_prj\stevecisco\private\daiv3\tests\unit\Daiv3.UnitTests\ModelExecution\OnlineProviderRouterOfflineQueueingTests.cs(52,9): warning IDISP001: Dispose created (https://github.com/DotNetAnalyzers/IDisposableAnalyzers/blob/master/documentation/IDISP001.md) [C:\_prj\stevecisco\private\daiv3\tests\unit\Daiv3.UnitTests\Daiv3.UnitTests.csproj::TargetFramework=net10.0]
C:\_prj\stevecisco\private\daiv3\tests\unit\Daiv3.UnitTests\Orchestration\AgentExecutionMetricsCollectorTests.cs(340,14): warning xUnit1031: Test methods should not use blocking task operations, as they can cause deadlocks. Use an async test method and await instead. (https://xunit.net/xunit.analyzers/rules/xUnit1031) [C:\_prj\stevecisco\private\daiv3\tests\unit\Daiv3.UnitTests\Daiv3.UnitTests.csproj::TargetFramework=net10.0]
C:\_prj\stevecisco\private\daiv3\tests\unit\Daiv3.UnitTests\Scheduler\SchedulerHostedServiceTests.cs(37,9): warning IDISP003: Dispose previous before re-assigning (https://github.com/DotNetAnalyzers/IDisposableAnalyzers/blob/master/documentation/IDISP003.md) [C:\_prj\stevecisco\private\daiv3\tests\unit\Daiv3.UnitTests\Daiv3.UnitTests.csproj::TargetFramework=net10.0]
C:\_prj\stevecisco\private\daiv3\tests\unit\Daiv3.UnitTests\Orchestration\AgentManagerTests.cs(299,9): warning IDISP001: Dispose created (https://github.com/DotNetAnalyzers/IDisposableAnalyzers/blob/master/documentation/IDISP001.md) [C:\_prj\stevecisco\private\daiv3\tests\unit\Daiv3.UnitTests\Daiv3.UnitTests.csproj::TargetFramework=net10.0]
C:\_prj\stevecisco\private\daiv3\tests\unit\Daiv3.UnitTests\Orchestration\AgentManagerTests.cs(278,9): warning IDISP001: Dispose created (https://github.com/DotNetAnalyzers/IDisposableAnalyzers/blob/master/documentation/IDISP001.md) [C:\_prj\stevecisco\private\daiv3\tests\unit\Daiv3.UnitTests\Daiv3.UnitTests.csproj::TargetFramework=net10.0]
C:\_prj\stevecisco\private\daiv3\tests\unit\Daiv3.UnitTests\ModelExecution\OnlineProviderRouterOfflineQueueingTests.cs(91,9): warning IDISP001: Dispose created (https://github.com/DotNetAnalyzers/IDisposableAnalyzers/blob/master/documentation/IDISP001.md) [C:\_prj\stevecisco\private\daiv3\tests\unit\Daiv3.UnitTests\Daiv3.UnitTests.csproj::TargetFramework=net10.0]
C:\_prj\stevecisco\private\daiv3\tests\unit\Daiv3.UnitTests\ModelExecution\OnlineProviderRouterOfflineQueueingTests.cs(126,9): warning IDISP001: Dispose created (https://github.com/DotNetAnalyzers/IDisposableAnalyzers/blob/master/documentation/IDISP001.md) [C:\_prj\stevecisco\private\daiv3\tests\unit\Daiv3.UnitTests\Daiv3.UnitTests.csproj::TargetFramework=net10.0]
C:\_prj\stevecisco\private\daiv3\tests\unit\Daiv3.UnitTests\ModelExecution\OnlineProviderRouterOfflineQueueingTests.cs(154,9): warning IDISP001: Dispose created (https://github.com/DotNetAnalyzers/IDisposableAnalyzers/blob/master/documentation/IDISP001.md) [C:\_prj\stevecisco\private\daiv3\tests\unit\Daiv3.UnitTests\Daiv3.UnitTests.csproj::TargetFramework=net10.0]
C:\_prj\stevecisco\private\daiv3\tests\unit\Daiv3.UnitTests\Orchestration\AgentManagerTests.cs(521,9): warning IDISP001: Dispose created (https://github.com/DotNetAnalyzers/IDisposableAnalyzers/blob/master/documentation/IDISP001.md) [C:\_prj\stevecisco\private\daiv3\tests\unit\Daiv3.UnitTests\Daiv3.UnitTests.csproj::TargetFramework=net10.0]
C:\_prj\stevecisco\private\daiv3\tests\unit\Daiv3.UnitTests\ModelExecution\LocalModelIntentClassifierTests.cs(156,9): warning xUnit2002: Do not use Assert.NotNull() on value type 'TaskType'. Remove this assert. (https://xunit.net/xunit.analyzers/rules/xUnit2002) [C:\_prj\stevecisco\private\daiv3\tests\unit\Daiv3.UnitTests\Daiv3.UnitTests.csproj::TargetFramework=net10.0]
C:\_prj\stevecisco\private\daiv3\tests\unit\Daiv3.UnitTests\ModelExecution\OnlineProviderRouterOfflineQueueingTests.cs(181,9): warning IDISP001: Dispose created (https://github.com/DotNetAnalyzers/IDisposableAnalyzers/blob/master/documentation/IDISP001.md) [C:\_prj\stevecisco\private\daiv3\tests\unit\Daiv3.UnitTests\Daiv3.UnitTests.csproj::TargetFramework=net10.0]
C:\_prj\stevecisco\private\daiv3\tests\unit\Daiv3.UnitTests\Orchestration\TaskOrchestratorTests.cs(157,9): warning IDISP001: Dispose created (https://github.com/DotNetAnalyzers/IDisposableAnalyzers/blob/master/documentation/IDISP001.md) [C:\_prj\stevecisco\private\daiv3\tests\unit\Daiv3.UnitTests\Daiv3.UnitTests.csproj::TargetFramework=net10.0]
C:\_prj\stevecisco\private\daiv3\tests\unit\Daiv3.UnitTests\Orchestration\McpToolInvocationTests.cs(36,9): warning IDISP001: Dispose created (https://github.com/DotNetAnalyzers/IDisposableAnalyzers/blob/master/documentation/IDISP001.md) [C:\_prj\stevecisco\private\daiv3\tests\unit\Daiv3.UnitTests\Daiv3.UnitTests.csproj::TargetFramework=net10.0]
C:\_prj\stevecisco\private\daiv3\tests\unit\Daiv3.UnitTests\ModelExecution\OnlineProviderRouterOfflineQueueingTests.cs(222,9): warning IDISP001: Dispose created (https://github.com/DotNetAnalyzers/IDisposableAnalyzers/blob/master/documentation/IDISP001.md) [C:\_prj\stevecisco\private\daiv3\tests\unit\Daiv3.UnitTests\Daiv3.UnitTests.csproj::TargetFramework=net10.0]
C:\_prj\stevecisco\private\daiv3\tests\unit\Daiv3.UnitTests\ModelExecution\OnlineProviderRouterOfflineQueueingTests.cs(258,9): warning IDISP001: Dispose created (https://github.com/DotNetAnalyzers/IDisposableAnalyzers/blob/master/documentation/IDISP001.md) [C:\_prj\stevecisco\private\daiv3\tests\unit\Daiv3.UnitTests\Daiv3.UnitTests.csproj::TargetFramework=net10.0]
C:\_prj\stevecisco\private\daiv3\tests\unit\Daiv3.UnitTests\Orchestration\SkillConfigurationTests.cs(19,9): warning IDISP001: Dispose created (https://github.com/DotNetAnalyzers/IDisposableAnalyzers/blob/master/documentation/IDISP001.md) [C:\_prj\stevecisco\private\daiv3\tests\unit\Daiv3.UnitTests\Daiv3.UnitTests.csproj::TargetFramework=net10.0]
C:\_prj\stevecisco\private\daiv3\tests\unit\Daiv3.UnitTests\Orchestration\SkillConfigurationTests.cs(69,9): warning IDISP001: Dispose created (https://github.com/DotNetAnalyzers/IDisposableAnalyzers/blob/master/documentation/IDISP001.md) [C:\_prj\stevecisco\private\daiv3\tests\unit\Daiv3.UnitTests\Daiv3.UnitTests.csproj::TargetFramework=net10.0]
C:\_prj\stevecisco\private\daiv3\tests\unit\Daiv3.UnitTests\Orchestration\SkillConfigurationTests.cs(44,9): warning IDISP001: Dispose created (https://github.com/DotNetAnalyzers/IDisposableAnalyzers/blob/master/documentation/IDISP001.md) [C:\_prj\stevecisco\private\daiv3\tests\unit\Daiv3.UnitTests\Daiv3.UnitTests.csproj::TargetFramework=net10.0]
C:\_prj\stevecisco\private\daiv3\tests\unit\Daiv3.UnitTests\Orchestration\SkillConfigurationTests.cs(93,9): warning IDISP001: Dispose created (https://github.com/DotNetAnalyzers/IDisposableAnalyzers/blob/master/documentation/IDISP001.md) [C:\_prj\stevecisco\private\daiv3\tests\unit\Daiv3.UnitTests\Daiv3.UnitTests.csproj::TargetFramework=net10.0]
C:\_prj\stevecisco\private\daiv3\tests\unit\Daiv3.UnitTests\Orchestration\McpToolInvocationTests.cs(457,9): warning IDISP001: Dispose created (https://github.com/DotNetAnalyzers/IDisposableAnalyzers/blob/master/documentation/IDISP001.md) [C:\_prj\stevecisco\private\daiv3\tests\unit\Daiv3.UnitTests\Daiv3.UnitTests.csproj::TargetFramework=net10.0]
C:\_prj\stevecisco\private\daiv3\tests\unit\Daiv3.UnitTests\Orchestration\SkillExecutorTests.cs(270,9): warning IDISP001: Dispose created (https://github.com/DotNetAnalyzers/IDisposableAnalyzers/blob/master/documentation/IDISP001.md) [C:\_prj\stevecisco\private\daiv3\tests\unit\Daiv3.UnitTests\Daiv3.UnitTests.csproj::TargetFramework=net10.0]
C:\_prj\stevecisco\private\daiv3\tests\unit\Daiv3.UnitTests\Orchestration\SkillSourceAndConfigurationTests.cs(22,9): warning IDISP001: Dispose created (https://github.com/DotNetAnalyzers/IDisposableAnalyzers/blob/master/documentation/IDISP001.md) [C:\_prj\stevecisco\private\daiv3\tests\unit\Daiv3.UnitTests\Daiv3.UnitTests.csproj::TargetFramework=net10.0]
C:\_prj\stevecisco\private\daiv3\tests\unit\Daiv3.UnitTests\Orchestration\SkillSourceAndConfigurationTests.cs(61,9): warning IDISP001: Dispose created (https://github.com/DotNetAnalyzers/IDisposableAnalyzers/blob/master/documentation/IDISP001.md) [C:\_prj\stevecisco\private\daiv3\tests\unit\Daiv3.UnitTests\Daiv3.UnitTests.csproj::TargetFramework=net10.0]
C:\_prj\stevecisco\private\daiv3\tests\unit\Daiv3.UnitTests\Orchestration\SkillSourceAndConfigurationTests.cs(81,9): warning IDISP001: Dispose created (https://github.com/DotNetAnalyzers/IDisposableAnalyzers/blob/master/documentation/IDISP001.md) [C:\_prj\stevecisco\private\daiv3\tests\unit\Daiv3.UnitTests\Daiv3.UnitTests.csproj::TargetFramework=net10.0]
C:\_prj\stevecisco\private\daiv3\tests\unit\Daiv3.UnitTests\Orchestration\SkillSourceAndConfigurationTests.cs(101,9): warning IDISP001: Dispose created (https://github.com/DotNetAnalyzers/IDisposableAnalyzers/blob/master/documentation/IDISP001.md) [C:\_prj\stevecisco\private\daiv3\tests\unit\Daiv3.UnitTests\Daiv3.UnitTests.csproj::TargetFramework=net10.0]
C:\_prj\stevecisco\private\daiv3\tests\unit\Daiv3.UnitTests\ModelExecution\OnlineProviderRouterContextMinimizationTests.cs(62,9): warning IDISP003: Dispose previous before re-assigning (https://github.com/DotNetAnalyzers/IDisposableAnalyzers/blob/master/documentation/IDISP003.md) [C:\_prj\stevecisco\private\daiv3\tests\unit\Daiv3.UnitTests\Daiv3.UnitTests.csproj::TargetFramework=net10.0]
C:\_prj\stevecisco\private\daiv3\tests\unit\Daiv3.UnitTests\Orchestration\SkillSourceAndConfigurationTests.cs(127,9): warning IDISP001: Dispose created (https://github.com/DotNetAnalyzers/IDisposableAnalyzers/blob/master/documentation/IDISP001.md) [C:\_prj\stevecisco\private\daiv3\tests\unit\Daiv3.UnitTests\Daiv3.UnitTests.csproj::TargetFramework=net10.0]
C:\_prj\stevecisco\private\daiv3\tests\unit\Daiv3.UnitTests\Orchestration\SkillSourceAndConfigurationTests.cs(146,9): warning IDISP001: Dispose created (https://github.com/DotNetAnalyzers/IDisposableAnalyzers/blob/master/documentation/IDISP001.md) [C:\_prj\stevecisco\private\daiv3\tests\unit\Daiv3.UnitTests\Daiv3.UnitTests.csproj::TargetFramework=net10.0]
C:\_prj\stevecisco\private\daiv3\tests\unit\Daiv3.UnitTests\ModelExecution\OnlineProviderRouterContextMinimizationTests.cs(38,9): warning IDISP003: Dispose previous before re-assigning (https://github.com/DotNetAnalyzers/IDisposableAnalyzers/blob/master/documentation/IDISP003.md) [C:\_prj\stevecisco\private\daiv3\tests\unit\Daiv3.UnitTests\Daiv3.UnitTests.csproj::TargetFramework=net10.0]
C:\_prj\stevecisco\private\daiv3\tests\unit\Daiv3.UnitTests\Orchestration\SkillSourceAndConfigurationTests.cs(41,9): warning IDISP001: Dispose created (https://github.com/DotNetAnalyzers/IDisposableAnalyzers/blob/master/documentation/IDISP001.md) [C:\_prj\stevecisco\private\daiv3\tests\unit\Daiv3.UnitTests\Daiv3.UnitTests.csproj::TargetFramework=net10.0]
C:\_prj\stevecisco\private\daiv3\tests\unit\Daiv3.UnitTests\ModelExecution\ModelSelectorTests.cs(19,19): warning IDISP004: Don't ignore created IDisposable (https://github.com/DotNetAnalyzers/IDisposableAnalyzers/blob/master/documentation/IDISP004.md) [C:\_prj\stevecisco\private\daiv3\tests\unit\Daiv3.UnitTests\Daiv3.UnitTests.csproj::TargetFramework=net10.0]
C:\_prj\stevecisco\private\daiv3\tests\unit\Daiv3.UnitTests\ModelExecution\OnlineProviderRouterContextMinimizationTests.cs(182,9): warning IDISP003: Dispose previous before re-assigning (https://github.com/DotNetAnalyzers/IDisposableAnalyzers/blob/master/documentation/IDISP003.md) [C:\_prj\stevecisco\private\daiv3\tests\unit\Daiv3.UnitTests\Daiv3.UnitTests.csproj::TargetFramework=net10.0]
C:\_prj\stevecisco\private\daiv3\tests\unit\Daiv3.UnitTests\ModelExecution\OnlineProviderRouterContextMinimizationTests.cs(122,9): warning IDISP003: Dispose previous before re-assigning (https://github.com/DotNetAnalyzers/IDisposableAnalyzers/blob/master/documentation/IDISP003.md) [C:\_prj\stevecisco\private\daiv3\tests\unit\Daiv3.UnitTests\Daiv3.UnitTests.csproj::TargetFramework=net10.0]
C:\_prj\stevecisco\private\daiv3\tests\unit\Daiv3.UnitTests\ModelExecution\OnlineProviderRouterContextMinimizationTests.cs(154,9): warning IDISP003: Dispose previous before re-assigning (https://github.com/DotNetAnalyzers/IDisposableAnalyzers/blob/master/documentation/IDISP003.md) [C:\_prj\stevecisco\private\daiv3\tests\unit\Daiv3.UnitTests\Daiv3.UnitTests.csproj::TargetFramework=net10.0]
C:\_prj\stevecisco\private\daiv3\tests\unit\Daiv3.UnitTests\ModelExecution\OnlineProviderRouterContextMinimizationTests.cs(227,9): warning IDISP003: Dispose previous before re-assigning (https://github.com/DotNetAnalyzers/IDisposableAnalyzers/blob/master/documentation/IDISP003.md) [C:\_prj\stevecisco\private\daiv3\tests\unit\Daiv3.UnitTests\Daiv3.UnitTests.csproj::TargetFramework=net10.0]
C:\_prj\stevecisco\private\daiv3\tests\unit\Daiv3.UnitTests\ModelExecution\OnlineProviderRouterContextMinimizationTests.cs(248,9): warning IDISP003: Dispose previous before re-assigning (https://github.com/DotNetAnalyzers/IDisposableAnalyzers/blob/master/documentation/IDISP003.md) [C:\_prj\stevecisco\private\daiv3\tests\unit\Daiv3.UnitTests\Daiv3.UnitTests.csproj::TargetFramework=net10.0]
C:\_prj\stevecisco\private\daiv3\tests\unit\Daiv3.UnitTests\ModelExecution\OnlineProviderRouterConfirmationTests.cs(36,9): warning IDISP003: Dispose previous before re-assigning (https://github.com/DotNetAnalyzers/IDisposableAnalyzers/blob/master/documentation/IDISP003.md) [C:\_prj\stevecisco\private\daiv3\tests\unit\Daiv3.UnitTests\Daiv3.UnitTests.csproj::TargetFramework=net10.0]
C:\_prj\stevecisco\private\daiv3\tests\unit\Daiv3.UnitTests\ModelExecution\OnlineProviderRouterContextMinimizationTests.cs(93,9): warning IDISP003: Dispose previous before re-assigning (https://github.com/DotNetAnalyzers/IDisposableAnalyzers/blob/master/documentation/IDISP003.md) [C:\_prj\stevecisco\private\daiv3\tests\unit\Daiv3.UnitTests\Daiv3.UnitTests.csproj::TargetFramework=net10.0]
C:\_prj\stevecisco\private\daiv3\tests\unit\Daiv3.UnitTests\ModelExecution\OnlineProviderRouterContextMinimizationTests.cs(279,9): warning IDISP003: Dispose previous before re-assigning (https://github.com/DotNetAnalyzers/IDisposableAnalyzers/blob/master/documentation/IDISP003.md) [C:\_prj\stevecisco\private\daiv3\tests\unit\Daiv3.UnitTests\Daiv3.UnitTests.csproj::TargetFramework=net10.0]
C:\_prj\stevecisco\private\daiv3\tests\unit\Daiv3.UnitTests\ModelExecution\OnlineProviderRouterContextMinimizationTests.cs(207,9): warning IDISP003: Dispose previous before re-assigning (https://github.com/DotNetAnalyzers/IDisposableAnalyzers/blob/master/documentation/IDISP003.md) [C:\_prj\stevecisco\private\daiv3\tests\unit\Daiv3.UnitTests\Daiv3.UnitTests.csproj::TargetFramework=net10.0]
C:\_prj\stevecisco\private\daiv3\tests\unit\Daiv3.UnitTests\ModelExecution\OnlineProviderRouterContextMinimizationTests.cs(329,9): warning IDISP003: Dispose previous before re-assigning (https://github.com/DotNetAnalyzers/IDisposableAnalyzers/blob/master/documentation/IDISP003.md) [C:\_prj\stevecisco\private\daiv3\tests\unit\Daiv3.UnitTests\Daiv3.UnitTests.csproj::TargetFramework=net10.0]
C:\_prj\stevecisco\private\daiv3\tests\unit\Daiv3.UnitTests\ModelExecution\OnlineProviderRouterConfirmationTests.cs(81,9): warning IDISP003: Dispose previous before re-assigning (https://github.com/DotNetAnalyzers/IDisposableAnalyzers/blob/master/documentation/IDISP003.md) [C:\_prj\stevecisco\private\daiv3\tests\unit\Daiv3.UnitTests\Daiv3.UnitTests.csproj::TargetFramework=net10.0]
C:\_prj\stevecisco\private\daiv3\tests\unit\Daiv3.UnitTests\ModelExecution\OnlineProviderRouterConfirmationTests.cs(111,9): warning IDISP003: Dispose previous before re-assigning (https://github.com/DotNetAnalyzers/IDisposableAnalyzers/blob/master/documentation/IDISP003.md) [C:\_prj\stevecisco\private\daiv3\tests\unit\Daiv3.UnitTests\Daiv3.UnitTests.csproj::TargetFramework=net10.0]
C:\_prj\stevecisco\private\daiv3\tests\unit\Daiv3.UnitTests\ModelExecution\OnlineProviderRouterConfirmationTests.cs(96,9): warning IDISP003: Dispose previous before re-assigning (https://github.com/DotNetAnalyzers/IDisposableAnalyzers/blob/master/documentation/IDISP003.md) [C:\_prj\stevecisco\private\daiv3\tests\unit\Daiv3.UnitTests\Daiv3.UnitTests.csproj::TargetFramework=net10.0]
C:\_prj\stevecisco\private\daiv3\tests\unit\Daiv3.UnitTests\ModelExecution\OnlineProviderRouterConfirmationTests.cs(66,9): warning IDISP003: Dispose previous before re-assigning (https://github.com/DotNetAnalyzers/IDisposableAnalyzers/blob/master/documentation/IDISP003.md) [C:\_prj\stevecisco\private\daiv3\tests\unit\Daiv3.UnitTests\Daiv3.UnitTests.csproj::TargetFramework=net10.0]
C:\_prj\stevecisco\private\daiv3\tests\unit\Daiv3.UnitTests\ModelExecution\OnlineProviderRouterConfirmationTests.cs(51,9): warning IDISP003: Dispose previous before re-assigning (https://github.com/DotNetAnalyzers/IDisposableAnalyzers/blob/master/documentation/IDISP003.md) [C:\_prj\stevecisco\private\daiv3\tests\unit\Daiv3.UnitTests\Daiv3.UnitTests.csproj::TargetFramework=net10.0]
C:\_prj\stevecisco\private\daiv3\tests\unit\Daiv3.UnitTests\ModelExecution\OnlineProviderRouterContextMinimizationTests.cs(358,9): warning IDISP003: Dispose previous before re-assigning (https://github.com/DotNetAnalyzers/IDisposableAnalyzers/blob/master/documentation/IDISP003.md) [C:\_prj\stevecisco\private\daiv3\tests\unit\Daiv3.UnitTests\Daiv3.UnitTests.csproj::TargetFramework=net10.0]
C:\_prj\stevecisco\private\daiv3\tests\unit\Daiv3.UnitTests\ModelExecution\OnlineProviderRouterConfirmationTests.cs(195,9): warning IDISP003: Dispose previous before re-assigning (https://github.com/DotNetAnalyzers/IDisposableAnalyzers/blob/master/documentation/IDISP003.md) [C:\_prj\stevecisco\private\daiv3\tests\unit\Daiv3.UnitTests\Daiv3.UnitTests.csproj::TargetFramework=net10.0]
C:\_prj\stevecisco\private\daiv3\tests\unit\Daiv3.UnitTests\ModelExecution\OnlineProviderRouterConfirmationTests.cs(162,9): warning IDISP003: Dispose previous before re-assigning (https://github.com/DotNetAnalyzers/IDisposableAnalyzers/blob/master/documentation/IDISP003.md) [C:\_prj\stevecisco\private\daiv3\tests\unit\Daiv3.UnitTests\Daiv3.UnitTests.csproj::TargetFramework=net10.0]
C:\_prj\stevecisco\private\daiv3\tests\unit\Daiv3.UnitTests\ModelExecution\OnlineProviderRouterContextMinimizationTests.cs(299,9): warning IDISP003: Dispose previous before re-assigning (https://github.com/DotNetAnalyzers/IDisposableAnalyzers/blob/master/documentation/IDISP003.md) [C:\_prj\stevecisco\private\daiv3\tests\unit\Daiv3.UnitTests\Daiv3.UnitTests.csproj::TargetFramework=net10.0]
C:\_prj\stevecisco\private\daiv3\tests\unit\Daiv3.UnitTests\ModelExecution\OnlineProviderRouterConfirmationTests.cs(126,9): warning IDISP003: Dispose previous before re-assigning (https://github.com/DotNetAnalyzers/IDisposableAnalyzers/blob/master/documentation/IDISP003.md) [C:\_prj\stevecisco\private\daiv3\tests\unit\Daiv3.UnitTests\Daiv3.UnitTests.csproj::TargetFramework=net10.0]
C:\_prj\stevecisco\private\daiv3\tests\unit\Daiv3.UnitTests\ModelExecution\OnlineProviderRouterConfirmationTests.cs(227,9): warning IDISP003: Dispose previous before re-assigning (https://github.com/DotNetAnalyzers/IDisposableAnalyzers/blob/master/documentation/IDISP003.md) [C:\_prj\stevecisco\private\daiv3\tests\unit\Daiv3.UnitTests\Daiv3.UnitTests.csproj::TargetFramework=net10.0]
C:\_prj\stevecisco\private\daiv3\tests\unit\Daiv3.UnitTests\ModelExecution\OnlineProviderRouterConfirmationTests.cs(242,9): warning IDISP003: Dispose previous before re-assigning (https://github.com/DotNetAnalyzers/IDisposableAnalyzers/blob/master/documentation/IDISP003.md) [C:\_prj\stevecisco\private\daiv3\tests\unit\Daiv3.UnitTests\Daiv3.UnitTests.csproj::TargetFramework=net10.0]
C:\_prj\stevecisco\private\daiv3\tests\unit\Daiv3.UnitTests\ModelExecution\OnlineProviderRouterConfirmationTests.cs(211,9): warning IDISP003: Dispose previous before re-assigning (https://github.com/DotNetAnalyzers/IDisposableAnalyzers/blob/master/documentation/IDISP003.md) [C:\_prj\stevecisco\private\daiv3\tests\unit\Daiv3.UnitTests\Daiv3.UnitTests.csproj::TargetFramework=net10.0]
C:\_prj\stevecisco\private\daiv3\tests\unit\Daiv3.UnitTests\ModelExecution\OnlineProviderRouterConfirmationTests.cs(179,9): warning IDISP003: Dispose previous before re-assigning (https://github.com/DotNetAnalyzers/IDisposableAnalyzers/blob/master/documentation/IDISP003.md) [C:\_prj\stevecisco\private\daiv3\tests\unit\Daiv3.UnitTests\Daiv3.UnitTests.csproj::TargetFramework=net10.0]
C:\_prj\stevecisco\private\daiv3\tests\unit\Daiv3.UnitTests\ModelExecution\OnlineProviderRouterConfirmationTests.cs(257,9): warning IDISP003: Dispose previous before re-assigning (https://github.com/DotNetAnalyzers/IDisposableAnalyzers/blob/master/documentation/IDISP003.md) [C:\_prj\stevecisco\private\daiv3\tests\unit\Daiv3.UnitTests\Daiv3.UnitTests.csproj::TargetFramework=net10.0]
C:\_prj\stevecisco\private\daiv3\tests\unit\Daiv3.UnitTests\ModelExecution\OnlineProviderRouterConfirmationTests.cs(147,9): warning IDISP003: Dispose previous before re-assigning (https://github.com/DotNetAnalyzers/IDisposableAnalyzers/blob/master/documentation/IDISP003.md) [C:\_prj\stevecisco\private\daiv3\tests\unit\Daiv3.UnitTests\Daiv3.UnitTests.csproj::TargetFramework=net10.0]
C:\_prj\stevecisco\private\daiv3\tests\unit\Daiv3.UnitTests\ModelExecution\OnlineProviderRouterConfirmationTests.cs(277,9): warning IDISP003: Dispose previous before re-assigning (https://github.com/DotNetAnalyzers/IDisposableAnalyzers/blob/master/documentation/IDISP003.md) [C:\_prj\stevecisco\private\daiv3\tests\unit\Daiv3.UnitTests\Daiv3.UnitTests.csproj::TargetFramework=net10.0]
  Daiv3.App.Maui -> C:\_prj\stevecisco\private\daiv3\src\Daiv3.App.Maui\bin\Debug\net10.0-windows10.0.26100\win-arm64\Daiv3.App.Maui.dll
C:\_prj\stevecisco\private\daiv3\tests\unit\Daiv3.UnitTests\Persistence\WebFetchMigrationTests.cs(79,16): error CS0117: 'Assert' does not contain a definition for 'GreaterThanOrEqual' [C:\_prj\stevecisco\private\daiv3\tests\unit\Daiv3.UnitTests\Daiv3.UnitTests.csproj::TargetFramework=net10.0-windows10.0.26100]
C:\_prj\stevecisco\private\daiv3\tests\unit\Daiv3.UnitTests\Orchestration\AgentManagerTests.cs(452,25): warning CS8604: Possible null reference argument for parameter 'collection' in 'void Assert.NotEmpty(IEnumerable collection)'. [C:\_prj\stevecisco\private\daiv3\tests\unit\Daiv3.UnitTests\Daiv3.UnitTests.csproj::TargetFramework=net10.0-windows10.0.26100]
C:\_prj\stevecisco\private\daiv3\tests\unit\Daiv3.UnitTests\Orchestration\AgentManagerTests.cs(492,29): warning CS8604: Possible null reference argument for parameter 'collection' in 'void Assert.NotEmpty(IEnumerable collection)'. [C:\_prj\stevecisco\private\daiv3\tests\unit\Daiv3.UnitTests\Daiv3.UnitTests.csproj::TargetFramework=net10.0-windows10.0.26100]
C:\_prj\stevecisco\private\daiv3\tests\unit\Daiv3.UnitTests\Persistence\WebFetchMigrationTests.cs(102,28): error CS0118: 'WebFetch' is a namespace but is used like a type [C:\_prj\stevecisco\private\daiv3\tests\unit\Daiv3.UnitTests\Daiv3.UnitTests.csproj::TargetFramework=net10.0-windows10.0.26100]
C:\_prj\stevecisco\private\daiv3\tests\unit\Daiv3.UnitTests\Persistence\WebFetchMigrationTests.cs(140,28): error CS0118: 'WebFetch' is a namespace but is used like a type [C:\_prj\stevecisco\private\daiv3\tests\unit\Daiv3.UnitTests\Daiv3.UnitTests.csproj::TargetFramework=net10.0-windows10.0.26100]
C:\_prj\stevecisco\private\daiv3\tests\unit\Daiv3.UnitTests\Persistence\WebFetchMigrationTests.cs(189,28): error CS0118: 'WebFetch' is a namespace but is used like a type [C:\_prj\stevecisco\private\daiv3\tests\unit\Daiv3.UnitTests\Daiv3.UnitTests.csproj::TargetFramework=net10.0-windows10.0.26100]
C:\_prj\stevecisco\private\daiv3\tests\unit\Daiv3.UnitTests\Persistence\WebFetchMigrationTests.cs(235,28): error CS0118: 'WebFetch' is a namespace but is used like a type [C:\_prj\stevecisco\private\daiv3\tests\unit\Daiv3.UnitTests\Daiv3.UnitTests.csproj::TargetFramework=net10.0-windows10.0.26100]
C:\_prj\stevecisco\private\daiv3\tests\unit\Daiv3.UnitTests\Persistence\WebFetchMigrationTests.cs(281,28): error CS0118: 'WebFetch' is a namespace but is used like a type [C:\_prj\stevecisco\private\daiv3\tests\unit\Daiv3.UnitTests\Daiv3.UnitTests.csproj::TargetFramework=net10.0-windows10.0.26100]
C:\_prj\stevecisco\private\daiv3\tests\unit\Daiv3.UnitTests\Persistence\WebFetchMigrationTests.cs(327,28): error CS0118: 'WebFetch' is a namespace but is used like a type [C:\_prj\stevecisco\private\daiv3\tests\unit\Daiv3.UnitTests\Daiv3.UnitTests.csproj::TargetFramework=net10.0-windows10.0.26100]
C:\_prj\stevecisco\private\daiv3\tests\unit\Daiv3.UnitTests\Persistence\WebFetchMigrationTests.cs(402,32): error CS0118: 'WebFetch' is a namespace but is used like a type [C:\_prj\stevecisco\private\daiv3\tests\unit\Daiv3.UnitTests\Daiv3.UnitTests.csproj::TargetFramework=net10.0-windows10.0.26100]
C:\_prj\stevecisco\private\daiv3\tests\unit\Daiv3.UnitTests\Orchestration\SkillExecutorTests.cs(126,47): warning CS8625: Cannot convert null literal to non-nullable reference type. [C:\_prj\stevecisco\private\daiv3\tests\unit\Daiv3.UnitTests\Daiv3.UnitTests.csproj::TargetFramework=net10.0-windows10.0.26100]
C:\_prj\stevecisco\private\daiv3\tests\unit\Daiv3.UnitTests\Orchestration\SkillExecutorTests.cs(372,66): warning CS8625: Cannot convert null literal to non-nullable reference type. [C:\_prj\stevecisco\private\daiv3\tests\unit\Daiv3.UnitTests\Daiv3.UnitTests.csproj::TargetFramework=net10.0-windows10.0.26100]
C:\_prj\stevecisco\private\daiv3\tests\unit\Daiv3.UnitTests\Orchestration\SkillExecutorTests.cs(416,45): warning CS8625: Cannot convert null literal to non-nullable reference type. [C:\_prj\stevecisco\private\daiv3\tests\unit\Daiv3.UnitTests\Daiv3.UnitTests.csproj::TargetFramework=net10.0-windows10.0.26100]
C:\_prj\stevecisco\private\daiv3\tests\unit\Daiv3.UnitTests\Orchestration\SkillExecutorTests.cs(32,23): warning CS8618: Non-nullable property 'Name' must contain a non-null value when exiting constructor. Consider adding the 'required' modifier or declaring the property as nullable. [C:\_prj\stevecisco\private\daiv3\tests\unit\Daiv3.UnitTests\Daiv3.UnitTests.csproj::TargetFramework=net10.0-windows10.0.26100]
C:\_prj\stevecisco\private\daiv3\tests\unit\Daiv3.UnitTests\Orchestration\SkillExecutorTests.cs(33,23): warning CS8618: Non-nullable property 'Description' must contain a non-null value when exiting constructor. Consider adding the 'required' modifier or declaring the property as nullable. [C:\_prj\stevecisco\private\daiv3\tests\unit\Daiv3.UnitTests\Daiv3.UnitTests.csproj::TargetFramework=net10.0-windows10.0.26100]
C:\_prj\stevecisco\private\daiv3\tests\unit\Daiv3.UnitTests\Orchestration\Messaging\MessageBrokerTests.cs(117,44): warning CS8625: Cannot convert null literal to non-nullable reference type. [C:\_prj\stevecisco\private\daiv3\tests\unit\Daiv3.UnitTests\Daiv3.UnitTests.csproj::TargetFramework=net10.0-windows10.0.26100]
C:\_prj\stevecisco\private\daiv3\tests\unit\Daiv3.UnitTests\Orchestration\AgentConfigFileLoaderTests.cs(13,14): warning IDISP025: Class with no virtual dispose method should be sealed (https://github.com/DotNetAnalyzers/IDisposableAnalyzers/blob/master/documentation/IDISP025.md) [C:\_prj\stevecisco\private\daiv3\tests\unit\Daiv3.UnitTests\Daiv3.UnitTests.csproj::TargetFramework=net10.0-windows10.0.26100]
C:\_prj\stevecisco\private\daiv3\tests\unit\Daiv3.UnitTests\Knowledge\Metrics\KnowledgeLayerTelemetryTests.cs(13,5): warning IDISP006: Implement IDisposable (https://github.com/DotNetAnalyzers/IDisposableAnalyzers/blob/master/documentation/IDISP006.md) [C:\_prj\stevecisco\private\daiv3\tests\unit\Daiv3.UnitTests\Daiv3.UnitTests.csproj::TargetFramework=net10.0-windows10.0.26100]
C:\_prj\stevecisco\private\daiv3\tests\unit\Daiv3.UnitTests\Persistence\LearningLifecycleTests.cs(16,5): warning IDISP006: Implement IDisposable (https://github.com/DotNetAnalyzers/IDisposableAnalyzers/blob/master/documentation/IDISP006.md) [C:\_prj\stevecisco\private\daiv3\tests\unit\Daiv3.UnitTests\Daiv3.UnitTests.csproj::TargetFramework=net10.0-windows10.0.26100]
C:\_prj\stevecisco\private\daiv3\tests\unit\Daiv3.UnitTests\ModelExecution\OnlineProviderRouterContextMinimizationTests.cs(14,14): warning IDISP025: Class with no virtual dispose method should be sealed (https://github.com/DotNetAnalyzers/IDisposableAnalyzers/blob/master/documentation/IDISP025.md) [C:\_prj\stevecisco\private\daiv3\tests\unit\Daiv3.UnitTests\Daiv3.UnitTests.csproj::TargetFramework=net10.0-windows10.0.26100]
C:\_prj\stevecisco\private\daiv3\tests\unit\Daiv3.UnitTests\ModelExecution\OnlineProviderRouterConfirmationTests.cs(14,14): warning IDISP025: Class with no virtual dispose method should be sealed (https://github.com/DotNetAnalyzers/IDisposableAnalyzers/blob/master/documentation/IDISP025.md) [C:\_prj\stevecisco\private\daiv3\tests\unit\Daiv3.UnitTests\Daiv3.UnitTests.csproj::TargetFramework=net10.0-windows10.0.26100]
C:\_prj\stevecisco\private\daiv3\tests\unit\Daiv3.UnitTests\ModelExecution\OnlineProviderRouterOfflineQueueingTests.cs(14,14): warning IDISP025: Class with no virtual dispose method should be sealed (https://github.com/DotNetAnalyzers/IDisposableAnalyzers/blob/master/documentation/IDISP025.md) [C:\_prj\stevecisco\private\daiv3\tests\unit\Daiv3.UnitTests\Daiv3.UnitTests.csproj::TargetFramework=net10.0-windows10.0.26100]
C:\_prj\stevecisco\private\daiv3\tests\unit\Daiv3.UnitTests\ModelExecution\OnlineProviderRouterSmartRoutingTests.cs(15,14): warning IDISP025: Class with no virtual dispose method should be sealed (https://github.com/DotNetAnalyzers/IDisposableAnalyzers/blob/master/documentation/IDISP025.md) [C:\_prj\stevecisco\private\daiv3\tests\unit\Daiv3.UnitTests\Daiv3.UnitTests.csproj::TargetFramework=net10.0-windows10.0.26100]
C:\_prj\stevecisco\private\daiv3\tests\unit\Daiv3.UnitTests\Scheduler\SchedulerConcurrencyTests.cs(14,5): warning IDISP006: Implement IDisposable (https://github.com/DotNetAnalyzers/IDisposableAnalyzers/blob/master/documentation/IDISP006.md) [C:\_prj\stevecisco\private\daiv3\tests\unit\Daiv3.UnitTests\Daiv3.UnitTests.csproj::TargetFramework=net10.0-windows10.0.26100]
C:\_prj\stevecisco\private\daiv3\tests\unit\Daiv3.UnitTests\Orchestration\Integration\AgentMixedToolEnvironmentTests.cs(20,5): warning IDISP006: Implement IDisposable (https://github.com/DotNetAnalyzers/IDisposableAnalyzers/blob/master/documentation/IDISP006.md) [C:\_prj\stevecisco\private\daiv3\tests\unit\Daiv3.UnitTests\Daiv3.UnitTests.csproj::TargetFramework=net10.0-windows10.0.26100]
C:\_prj\stevecisco\private\daiv3\tests\unit\Daiv3.UnitTests\Persistence\WebFetchMigrationTests.cs(17,5): warning IDISP006: Implement IDisposable (https://github.com/DotNetAnalyzers/IDisposableAnalyzers/blob/master/documentation/IDISP006.md) [C:\_prj\stevecisco\private\daiv3\tests\unit\Daiv3.UnitTests\Daiv3.UnitTests.csproj::TargetFramework=net10.0-windows10.0.26100]
C:\_prj\stevecisco\private\daiv3\tests\unit\Daiv3.UnitTests\Persistence\LearningRepositoryTests.cs(18,5): warning IDISP006: Implement IDisposable (https://github.com/DotNetAnalyzers/IDisposableAnalyzers/blob/master/documentation/IDISP006.md) [C:\_prj\stevecisco\private\daiv3\tests\unit\Daiv3.UnitTests\Daiv3.UnitTests.csproj::TargetFramework=net10.0-windows10.0.26100]
C:\_prj\stevecisco\private\daiv3\tests\unit\Daiv3.UnitTests\Persistence\WebFetchRepositoryTests.cs(18,5): warning IDISP006: Implement IDisposable (https://github.com/DotNetAnalyzers/IDisposableAnalyzers/blob/master/documentation/IDISP006.md) [C:\_prj\stevecisco\private\daiv3\tests\unit\Daiv3.UnitTests\Daiv3.UnitTests.csproj::TargetFramework=net10.0-windows10.0.26100]
C:\_prj\stevecisco\private\daiv3\tests\unit\Daiv3.UnitTests\Persistence\PromotionReversibilityTests.cs(17,5): warning IDISP006: Implement IDisposable (https://github.com/DotNetAnalyzers/IDisposableAnalyzers/blob/master/documentation/IDISP006.md) [C:\_prj\stevecisco\private\daiv3\tests\unit\Daiv3.UnitTests\Daiv3.UnitTests.csproj::TargetFramework=net10.0-windows10.0.26100]
C:\_prj\stevecisco\private\daiv3\tests\unit\Daiv3.UnitTests\Orchestration\SkillExecutorTests.cs(11,5): warning IDISP006: Implement IDisposable (https://github.com/DotNetAnalyzers/IDisposableAnalyzers/blob/master/documentation/IDISP006.md) [C:\_prj\stevecisco\private\daiv3\tests\unit\Daiv3.UnitTests\Daiv3.UnitTests.csproj::TargetFramework=net10.0-windows10.0.26100]
C:\_prj\stevecisco\private\daiv3\tests\unit\Daiv3.UnitTests\Scheduler\SchedulerHostedServiceTests.cs(15,5): warning IDISP006: Implement IDisposable (https://github.com/DotNetAnalyzers/IDisposableAnalyzers/blob/master/documentation/IDISP006.md) [C:\_prj\stevecisco\private\daiv3\tests\unit\Daiv3.UnitTests\Daiv3.UnitTests.csproj::TargetFramework=net10.0-windows10.0.26100]
C:\_prj\stevecisco\private\daiv3\tests\unit\Daiv3.UnitTests\Persistence\PromotionRepositoryTests.cs(17,5): warning IDISP006: Implement IDisposable (https://github.com/DotNetAnalyzers/IDisposableAnalyzers/blob/master/documentation/IDISP006.md) [C:\_prj\stevecisco\private\daiv3\tests\unit\Daiv3.UnitTests\Daiv3.UnitTests.csproj::TargetFramework=net10.0-windows10.0.26100]
C:\_prj\stevecisco\private\daiv3\tests\unit\Daiv3.UnitTests\WebFetch\WebFetchServiceExtensionsTests.cs(28,9): warning IDISP001: Dispose created (https://github.com/DotNetAnalyzers/IDisposableAnalyzers/blob/master/documentation/IDISP001.md) [C:\_prj\stevecisco\private\daiv3\tests\unit\Daiv3.UnitTests\Daiv3.UnitTests.csproj::TargetFramework=net10.0-windows10.0.26100]
C:\_prj\stevecisco\private\daiv3\tests\unit\Daiv3.UnitTests\WebFetch\WebFetchServiceExtensionsTests.cs(44,9): warning IDISP001: Dispose created (https://github.com/DotNetAnalyzers/IDisposableAnalyzers/blob/master/documentation/IDISP001.md) [C:\_prj\stevecisco\private\daiv3\tests\unit\Daiv3.UnitTests\Daiv3.UnitTests.csproj::TargetFramework=net10.0-windows10.0.26100]
C:\_prj\stevecisco\private\daiv3\tests\unit\Daiv3.UnitTests\WebFetch\WebFetchServiceExtensionsTests.cs(60,9): warning IDISP001: Dispose created (https://github.com/DotNetAnalyzers/IDisposableAnalyzers/blob/master/documentation/IDISP001.md) [C:\_prj\stevecisco\private\daiv3\tests\unit\Daiv3.UnitTests\Daiv3.UnitTests.csproj::TargetFramework=net10.0-windows10.0.26100]
C:\_prj\stevecisco\private\daiv3\tests\unit\Daiv3.UnitTests\WebFetch\WebFetchServiceExtensionsTests.cs(81,9): warning IDISP001: Dispose created (https://github.com/DotNetAnalyzers/IDisposableAnalyzers/blob/master/documentation/IDISP001.md) [C:\_prj\stevecisco\private\daiv3\tests\unit\Daiv3.UnitTests\Daiv3.UnitTests.csproj::TargetFramework=net10.0-windows10.0.26100]
C:\_prj\stevecisco\private\daiv3\tests\unit\Daiv3.UnitTests\WebFetch\WebFetchServiceExtensionsTests.cs(111,9): warning IDISP001: Dispose created (https://github.com/DotNetAnalyzers/IDisposableAnalyzers/blob/master/documentation/IDISP001.md) [C:\_prj\stevecisco\private\daiv3\tests\unit\Daiv3.UnitTests\Daiv3.UnitTests.csproj::TargetFramework=net10.0-windows10.0.26100]
C:\_prj\stevecisco\private\daiv3\tests\unit\Daiv3.UnitTests\Knowledge\Metrics\KnowledgeLayerTelemetryTests.cs(269,9): warning IDISP001: Dispose created (https://github.com/DotNetAnalyzers/IDisposableAnalyzers/blob/master/documentation/IDISP001.md) [C:\_prj\stevecisco\private\daiv3\tests\unit\Daiv3.UnitTests\Daiv3.UnitTests.csproj::TargetFramework=net10.0-windows10.0.26100]
C:\_prj\stevecisco\private\daiv3\tests\unit\Daiv3.UnitTests\Knowledge\Metrics\KnowledgeLayerTelemetryTests.cs(296,9): warning IDISP001: Dispose created (https://github.com/DotNetAnalyzers/IDisposableAnalyzers/blob/master/documentation/IDISP001.md) [C:\_prj\stevecisco\private\daiv3\tests\unit\Daiv3.UnitTests\Daiv3.UnitTests.csproj::TargetFramework=net10.0-windows10.0.26100]
C:\_prj\stevecisco\private\daiv3\tests\unit\Daiv3.UnitTests\Infrastructure\Shared\Hardware\HardwareDetectionProviderTests.cs(214,9): warning IDISP001: Dispose created (https://github.com/DotNetAnalyzers/IDisposableAnalyzers/blob/master/documentation/IDISP001.md) [C:\_prj\stevecisco\private\daiv3\tests\unit\Daiv3.UnitTests\Daiv3.UnitTests.csproj::TargetFramework=net10.0-windows10.0.26100]
C:\_prj\stevecisco\private\daiv3\tests\unit\Daiv3.UnitTests\Infrastructure\Shared\Hardware\HardwareDetectionProviderTests.cs(229,9): warning IDISP001: Dispose created (https://github.com/DotNetAnalyzers/IDisposableAnalyzers/blob/master/documentation/IDISP001.md) [C:\_prj\stevecisco\private\daiv3\tests\unit\Daiv3.UnitTests\Daiv3.UnitTests.csproj::TargetFramework=net10.0-windows10.0.26100]
C:\_prj\stevecisco\private\daiv3\tests\unit\Daiv3.UnitTests\ModelExecution\TaskTypeClassifierTests.cs(19,19): warning IDISP004: Don't ignore created IDisposable (https://github.com/DotNetAnalyzers/IDisposableAnalyzers/blob/master/documentation/IDISP004.md) [C:\_prj\stevecisco\private\daiv3\tests\unit\Daiv3.UnitTests\Daiv3.UnitTests.csproj::TargetFramework=net10.0-windows10.0.26100]
C:\_prj\stevecisco\private\daiv3\tests\unit\Daiv3.UnitTests\Knowledge\Embedding\OnnxSessionOptionsFactoryTests.cs(77,9): warning IDISP001: Dispose created (https://github.com/DotNetAnalyzers/IDisposableAnalyzers/blob/master/documentation/IDISP001.md) [C:\_prj\stevecisco\private\daiv3\tests\unit\Daiv3.UnitTests\Daiv3.UnitTests.csproj::TargetFramework=net10.0-windows10.0.26100]
C:\_prj\stevecisco\private\daiv3\tests\unit\Daiv3.UnitTests\Knowledge\Embedding\OnnxSessionOptionsFactoryTests.cs(96,9): warning IDISP001: Dispose created (https://github.com/DotNetAnalyzers/IDisposableAnalyzers/blob/master/documentation/IDISP001.md) [C:\_prj\stevecisco\private\daiv3\tests\unit\Daiv3.UnitTests\Daiv3.UnitTests.csproj::TargetFramework=net10.0-windows10.0.26100]
C:\_prj\stevecisco\private\daiv3\tests\unit\Daiv3.UnitTests\Knowledge\Embedding\OnnxSessionOptionsFactoryTests.cs(118,9): warning IDISP001: Dispose created (https://github.com/DotNetAnalyzers/IDisposableAnalyzers/blob/master/documentation/IDISP001.md) [C:\_prj\stevecisco\private\daiv3\tests\unit\Daiv3.UnitTests\Daiv3.UnitTests.csproj::TargetFramework=net10.0-windows10.0.26100]
C:\_prj\stevecisco\private\daiv3\tests\unit\Daiv3.UnitTests\Knowledge\Embedding\OnnxSessionOptionsFactoryTests.cs(140,9): warning IDISP001: Dispose created (https://github.com/DotNetAnalyzers/IDisposableAnalyzers/blob/master/documentation/IDISP001.md) [C:\_prj\stevecisco\private\daiv3\tests\unit\Daiv3.UnitTests\Daiv3.UnitTests.csproj::TargetFramework=net10.0-windows10.0.26100]
C:\_prj\stevecisco\private\daiv3\tests\unit\Daiv3.UnitTests\Knowledge\Embedding\OnnxSessionOptionsFactoryTests.cs(161,9): warning IDISP001: Dispose created (https://github.com/DotNetAnalyzers/IDisposableAnalyzers/blob/master/documentation/IDISP001.md) [C:\_prj\stevecisco\private\daiv3\tests\unit\Daiv3.UnitTests\Daiv3.UnitTests.csproj::TargetFramework=net10.0-windows10.0.26100]
C:\_prj\stevecisco\private\daiv3\tests\unit\Daiv3.UnitTests\WebFetch\HtmlParserTests.cs(179,9): warning xUnit2012: Do not use Assert.True() to check if a value exists in a collection. Use Assert.Contains instead. (https://xunit.net/xunit.analyzers/rules/xUnit2012) [C:\_prj\stevecisco\private\daiv3\tests\unit\Daiv3.UnitTests\Daiv3.UnitTests.csproj::TargetFramework=net10.0-windows10.0.26100]
C:\_prj\stevecisco\private\daiv3\tests\unit\Daiv3.UnitTests\WebFetch\HtmlParserTests.cs(180,9): warning xUnit2012: Do not use Assert.True() to check if a value exists in a collection. Use Assert.Contains instead. (https://xunit.net/xunit.analyzers/rules/xUnit2012) [C:\_prj\stevecisco\private\daiv3\tests\unit\Daiv3.UnitTests\Daiv3.UnitTests.csproj::TargetFramework=net10.0-windows10.0.26100]
C:\_prj\stevecisco\private\daiv3\tests\unit\Daiv3.UnitTests\Knowledge\DocProc\FileSystemWatcherServiceTests.cs(429,9): warning IDISP016: Don't use disposed instance (https://github.com/DotNetAnalyzers/IDisposableAnalyzers/blob/master/documentation/IDISP016.md) [C:\_prj\stevecisco\private\daiv3\tests\unit\Daiv3.UnitTests\Daiv3.UnitTests.csproj::TargetFramework=net10.0-windows10.0.26100]
C:\_prj\stevecisco\private\daiv3\tests\unit\Daiv3.UnitTests\Knowledge\Embedding\OnnxSessionOptionsFactoryTests.cs(201,9): warning IDISP001: Dispose created (https://github.com/DotNetAnalyzers/IDisposableAnalyzers/blob/master/documentation/IDISP001.md) [C:\_prj\stevecisco\private\daiv3\tests\unit\Daiv3.UnitTests\Daiv3.UnitTests.csproj::TargetFramework=net10.0-windows10.0.26100]
C:\_prj\stevecisco\private\daiv3\tests\unit\Daiv3.UnitTests\Knowledge\DocProc\FileSystemWatcherServiceTests.cs(442,9): warning IDISP016: Don't use disposed instance (https://github.com/DotNetAnalyzers/IDisposableAnalyzers/blob/master/documentation/IDISP016.md) [C:\_prj\stevecisco\private\daiv3\tests\unit\Daiv3.UnitTests\Daiv3.UnitTests.csproj::TargetFramework=net10.0-windows10.0.26100]
C:\_prj\stevecisco\private\daiv3\tests\unit\Daiv3.UnitTests\Knowledge\Embedding\OnnxSessionOptionsFactoryTests.cs(223,9): warning IDISP001: Dispose created (https://github.com/DotNetAnalyzers/IDisposableAnalyzers/blob/master/documentation/IDISP001.md) [C:\_prj\stevecisco\private\daiv3\tests\unit\Daiv3.UnitTests\Daiv3.UnitTests.csproj::TargetFramework=net10.0-windows10.0.26100]
C:\_prj\stevecisco\private\daiv3\tests\unit\Daiv3.UnitTests\Knowledge\Embedding\OnnxSessionOptionsFactoryTests.cs(244,9): warning IDISP001: Dispose created (https://github.com/DotNetAnalyzers/IDisposableAnalyzers/blob/master/documentation/IDISP001.md) [C:\_prj\stevecisco\private\daiv3\tests\unit\Daiv3.UnitTests\Daiv3.UnitTests.csproj::TargetFramework=net10.0-windows10.0.26100]
C:\_prj\stevecisco\private\daiv3\tests\unit\Daiv3.UnitTests\Knowledge\Embedding\OnnxSessionOptionsFactoryTests.cs(278,9): warning IDISP004: Don't ignore created IDisposable (https://github.com/DotNetAnalyzers/IDisposableAnalyzers/blob/master/documentation/IDISP004.md) [C:\_prj\stevecisco\private\daiv3\tests\unit\Daiv3.UnitTests\Daiv3.UnitTests.csproj::TargetFramework=net10.0-windows10.0.26100]
C:\_prj\stevecisco\private\daiv3\tests\unit\Daiv3.UnitTests\Knowledge\Embedding\OnnxSessionOptionsFactoryTests.cs(279,9): warning IDISP004: Don't ignore created IDisposable (https://github.com/DotNetAnalyzers/IDisposableAnalyzers/blob/master/documentation/IDISP004.md) [C:\_prj\stevecisco\private\daiv3\tests\unit\Daiv3.UnitTests\Daiv3.UnitTests.csproj::TargetFramework=net10.0-windows10.0.26100]
C:\_prj\stevecisco\private\daiv3\tests\unit\Daiv3.UnitTests\Knowledge\Embedding\OnnxSessionOptionsFactoryTests.cs(298,9): warning IDISP001: Dispose created (https://github.com/DotNetAnalyzers/IDisposableAnalyzers/blob/master/documentation/IDISP001.md) [C:\_prj\stevecisco\private\daiv3\tests\unit\Daiv3.UnitTests\Daiv3.UnitTests.csproj::TargetFramework=net10.0-windows10.0.26100]
C:\_prj\stevecisco\private\daiv3\tests\unit\Daiv3.UnitTests\Knowledge\Embedding\OnnxSessionOptionsFactoryTests.cs(322,9): warning IDISP001: Dispose created (https://github.com/DotNetAnalyzers/IDisposableAnalyzers/blob/master/documentation/IDISP001.md) [C:\_prj\stevecisco\private\daiv3\tests\unit\Daiv3.UnitTests\Daiv3.UnitTests.csproj::TargetFramework=net10.0-windows10.0.26100]
C:\_prj\stevecisco\private\daiv3\tests\unit\Daiv3.UnitTests\Knowledge\Embedding\OnnxSessionOptionsFactoryTests.cs(343,9): warning IDISP001: Dispose created (https://github.com/DotNetAnalyzers/IDisposableAnalyzers/blob/master/documentation/IDISP001.md) [C:\_prj\stevecisco\private\daiv3\tests\unit\Daiv3.UnitTests\Daiv3.UnitTests.csproj::TargetFramework=net10.0-windows10.0.26100]
C:\_prj\stevecisco\private\daiv3\tests\unit\Daiv3.UnitTests\Knowledge\Embedding\OnnxInferenceSessionProviderTests.cs(24,63): warning IDISP005: Return type should indicate that the value should be disposed (https://github.com/DotNetAnalyzers/IDisposableAnalyzers/blob/master/documentation/IDISP005.md) [C:\_prj\stevecisco\private\daiv3\tests\unit\Daiv3.UnitTests\Daiv3.UnitTests.csproj::TargetFramework=net10.0-windows10.0.26100]
C:\_prj\stevecisco\private\daiv3\tests\unit\Daiv3.UnitTests\Knowledge\Embedding\OnnxSessionOptionsFactoryTests.cs(180,9): warning IDISP001: Dispose created (https://github.com/DotNetAnalyzers/IDisposableAnalyzers/blob/master/documentation/IDISP001.md) [C:\_prj\stevecisco\private\daiv3\tests\unit\Daiv3.UnitTests\Daiv3.UnitTests.csproj::TargetFramework=net10.0-windows10.0.26100]
C:\_prj\stevecisco\private\daiv3\tests\unit\Daiv3.UnitTests\ModelExecution\PriorityAssignerTests.cs(19,19): warning IDISP004: Don't ignore created IDisposable (https://github.com/DotNetAnalyzers/IDisposableAnalyzers/blob/master/documentation/IDISP004.md) [C:\_prj\stevecisco\private\daiv3\tests\unit\Daiv3.UnitTests\Daiv3.UnitTests.csproj::TargetFramework=net10.0-windows10.0.26100]
C:\_prj\stevecisco\private\daiv3\tests\unit\Daiv3.UnitTests\Scheduler\SchedulerServiceExtensionsTests.cs(20,9): warning IDISP001: Dispose created (https://github.com/DotNetAnalyzers/IDisposableAnalyzers/blob/master/documentation/IDISP001.md) [C:\_prj\stevecisco\private\daiv3\tests\unit\Daiv3.UnitTests\Daiv3.UnitTests.csproj::TargetFramework=net10.0-windows10.0.26100]
C:\_prj\stevecisco\private\daiv3\tests\unit\Daiv3.UnitTests\Scheduler\SchedulerServiceExtensionsTests.cs(35,9): warning IDISP001: Dispose created (https://github.com/DotNetAnalyzers/IDisposableAnalyzers/blob/master/documentation/IDISP001.md) [C:\_prj\stevecisco\private\daiv3\tests\unit\Daiv3.UnitTests\Daiv3.UnitTests.csproj::TargetFramework=net10.0-windows10.0.26100]
C:\_prj\stevecisco\private\daiv3\tests\unit\Daiv3.UnitTests\Scheduler\SchedulerServiceExtensionsTests.cs(58,9): warning IDISP001: Dispose created (https://github.com/DotNetAnalyzers/IDisposableAnalyzers/blob/master/documentation/IDISP001.md) [C:\_prj\stevecisco\private\daiv3\tests\unit\Daiv3.UnitTests\Daiv3.UnitTests.csproj::TargetFramework=net10.0-windows10.0.26100]
C:\_prj\stevecisco\private\daiv3\tests\unit\Daiv3.UnitTests\Scheduler\SchedulerServiceExtensionsTests.cs(75,9): warning IDISP001: Dispose created (https://github.com/DotNetAnalyzers/IDisposableAnalyzers/blob/master/documentation/IDISP001.md) [C:\_prj\stevecisco\private\daiv3\tests\unit\Daiv3.UnitTests\Daiv3.UnitTests.csproj::TargetFramework=net10.0-windows10.0.26100]
C:\_prj\stevecisco\private\daiv3\tests\unit\Daiv3.UnitTests\Scheduler\SchedulerServiceExtensionsTests.cs(96,9): warning IDISP001: Dispose created (https://github.com/DotNetAnalyzers/IDisposableAnalyzers/blob/master/documentation/IDISP001.md) [C:\_prj\stevecisco\private\daiv3\tests\unit\Daiv3.UnitTests\Daiv3.UnitTests.csproj::TargetFramework=net10.0-windows10.0.26100]
C:\_prj\stevecisco\private\daiv3\tests\unit\Daiv3.UnitTests\Scheduler\CronExpressionTests.cs(30,17): warning xUnit1012: Null should not be used for type parameter 'expression' of type 'string'. Use a non-null value, or convert the parameter to a nullable type. (https://xunit.net/xunit.analyzers/rules/xUnit1012) [C:\_prj\stevecisco\private\daiv3\tests\unit\Daiv3.UnitTests\Daiv3.UnitTests.csproj::TargetFramework=net10.0-windows10.0.26100]
C:\_prj\stevecisco\private\daiv3\tests\unit\Daiv3.UnitTests\Scheduler\SchedulerPerformanceTests.cs(37,9): warning IDISP001: Dispose created (https://github.com/DotNetAnalyzers/IDisposableAnalyzers/blob/master/documentation/IDISP001.md) [C:\_prj\stevecisco\private\daiv3\tests\unit\Daiv3.UnitTests\Daiv3.UnitTests.csproj::TargetFramework=net10.0-windows10.0.26100]
C:\_prj\stevecisco\private\daiv3\tests\unit\Daiv3.UnitTests\Orchestration\AgentManagerTests.cs(44,9): warning IDISP001: Dispose created (https://github.com/DotNetAnalyzers/IDisposableAnalyzers/blob/master/documentation/IDISP001.md) [C:\_prj\stevecisco\private\daiv3\tests\unit\Daiv3.UnitTests\Daiv3.UnitTests.csproj::TargetFramework=net10.0-windows10.0.26100]
C:\_prj\stevecisco\private\daiv3\tests\unit\Daiv3.UnitTests\Knowledge\Embedding\EmbeddingTokenizerImplementationTests.cs(200,9): warning IDISP001: Dispose created (https://github.com/DotNetAnalyzers/IDisposableAnalyzers/blob/master/documentation/IDISP001.md) [C:\_prj\stevecisco\private\daiv3\tests\unit\Daiv3.UnitTests\Daiv3.UnitTests.csproj::TargetFramework=net10.0-windows10.0.26100]
C:\_prj\stevecisco\private\daiv3\tests\unit\Daiv3.UnitTests\Knowledge\Embedding\EmbeddingTokenizerImplementationTests.cs(215,9): warning IDISP001: Dispose created (https://github.com/DotNetAnalyzers/IDisposableAnalyzers/blob/master/documentation/IDISP001.md) [C:\_prj\stevecisco\private\daiv3\tests\unit\Daiv3.UnitTests\Daiv3.UnitTests.csproj::TargetFramework=net10.0-windows10.0.26100]
C:\_prj\stevecisco\private\daiv3\tests\unit\Daiv3.UnitTests\Scheduler\SchedulerConcurrencyTests.cs(91,9): warning IDISP001: Dispose created (https://github.com/DotNetAnalyzers/IDisposableAnalyzers/blob/master/documentation/IDISP001.md) [C:\_prj\stevecisco\private\daiv3\tests\unit\Daiv3.UnitTests\Daiv3.UnitTests.csproj::TargetFramework=net10.0-windows10.0.26100]
C:\_prj\stevecisco\private\daiv3\tests\unit\Daiv3.UnitTests\ModelExecution\OnlineProviderRouterTests.cs(80,9): warning IDISP001: Dispose created (https://github.com/DotNetAnalyzers/IDisposableAnalyzers/blob/master/documentation/IDISP001.md) [C:\_prj\stevecisco\private\daiv3\tests\unit\Daiv3.UnitTests\Daiv3.UnitTests.csproj::TargetFramework=net10.0-windows10.0.26100]
C:\_prj\stevecisco\private\daiv3\tests\unit\Daiv3.UnitTests\ModelExecution\OnlineProviderRouterTests.cs(58,9): warning IDISP001: Dispose created (https://github.com/DotNetAnalyzers/IDisposableAnalyzers/blob/master/documentation/IDISP001.md) [C:\_prj\stevecisco\private\daiv3\tests\unit\Daiv3.UnitTests\Daiv3.UnitTests.csproj::TargetFramework=net10.0-windows10.0.26100]
C:\_prj\stevecisco\private\daiv3\tests\unit\Daiv3.UnitTests\ModelExecution\OnlineProviderRouterTests.cs(90,9): warning IDISP001: Dispose created (https://github.com/DotNetAnalyzers/IDisposableAnalyzers/blob/master/documentation/IDISP001.md) [C:\_prj\stevecisco\private\daiv3\tests\unit\Daiv3.UnitTests\Daiv3.UnitTests.csproj::TargetFramework=net10.0-windows10.0.26100]
C:\_prj\stevecisco\private\daiv3\tests\unit\Daiv3.UnitTests\ModelExecution\OnlineProviderRouterTests.cs(105,9): warning IDISP001: Dispose created (https://github.com/DotNetAnalyzers/IDisposableAnalyzers/blob/master/documentation/IDISP001.md) [C:\_prj\stevecisco\private\daiv3\tests\unit\Daiv3.UnitTests\Daiv3.UnitTests.csproj::TargetFramework=net10.0-windows10.0.26100]
C:\_prj\stevecisco\private\daiv3\tests\unit\Daiv3.UnitTests\ModelExecution\OnlineProviderRouterTests.cs(120,9): warning IDISP001: Dispose created (https://github.com/DotNetAnalyzers/IDisposableAnalyzers/blob/master/documentation/IDISP001.md) [C:\_prj\stevecisco\private\daiv3\tests\unit\Daiv3.UnitTests\Daiv3.UnitTests.csproj::TargetFramework=net10.0-windows10.0.26100]
C:\_prj\stevecisco\private\daiv3\tests\unit\Daiv3.UnitTests\Orchestration\AgentToolInvocationTests.cs(48,9): warning IDISP001: Dispose created (https://github.com/DotNetAnalyzers/IDisposableAnalyzers/blob/master/documentation/IDISP001.md) [C:\_prj\stevecisco\private\daiv3\tests\unit\Daiv3.UnitTests\Daiv3.UnitTests.csproj::TargetFramework=net10.0-windows10.0.26100]
C:\_prj\stevecisco\private\daiv3\tests\unit\Daiv3.UnitTests\ModelExecution\OnlineProviderRouterTests.cs(130,9): warning IDISP001: Dispose created (https://github.com/DotNetAnalyzers/IDisposableAnalyzers/blob/master/documentation/IDISP001.md) [C:\_prj\stevecisco\private\daiv3\tests\unit\Daiv3.UnitTests\Daiv3.UnitTests.csproj::TargetFramework=net10.0-windows10.0.26100]
C:\_prj\stevecisco\private\daiv3\tests\unit\Daiv3.UnitTests\ModelExecution\OnlineProviderRouterTests.cs(145,9): warning IDISP001: Dispose created (https://github.com/DotNetAnalyzers/IDisposableAnalyzers/blob/master/documentation/IDISP001.md) [C:\_prj\stevecisco\private\daiv3\tests\unit\Daiv3.UnitTests\Daiv3.UnitTests.csproj::TargetFramework=net10.0-windows10.0.26100]
C:\_prj\stevecisco\private\daiv3\tests\unit\Daiv3.UnitTests\ModelExecution\OnlineProviderRouterTests.cs(158,9): warning IDISP001: Dispose created (https://github.com/DotNetAnalyzers/IDisposableAnalyzers/blob/master/documentation/IDISP001.md) [C:\_prj\stevecisco\private\daiv3\tests\unit\Daiv3.UnitTests\Daiv3.UnitTests.csproj::TargetFramework=net10.0-windows10.0.26100]
C:\_prj\stevecisco\private\daiv3\tests\unit\Daiv3.UnitTests\ModelExecution\OnlineProviderRouterTests.cs(171,9): warning IDISP001: Dispose created (https://github.com/DotNetAnalyzers/IDisposableAnalyzers/blob/master/documentation/IDISP001.md) [C:\_prj\stevecisco\private\daiv3\tests\unit\Daiv3.UnitTests\Daiv3.UnitTests.csproj::TargetFramework=net10.0-windows10.0.26100]
C:\_prj\stevecisco\private\daiv3\tests\unit\Daiv3.UnitTests\ModelExecution\LocalModelIntentClassifierTests.cs(156,9): warning xUnit2002: Do not use Assert.NotNull() on value type 'TaskType'. Remove this assert. (https://xunit.net/xunit.analyzers/rules/xUnit2002) [C:\_prj\stevecisco\private\daiv3\tests\unit\Daiv3.UnitTests\Daiv3.UnitTests.csproj::TargetFramework=net10.0-windows10.0.26100]
C:\_prj\stevecisco\private\daiv3\tests\unit\Daiv3.UnitTests\Orchestration\AgentManagerTests.cs(278,9): warning IDISP001: Dispose created (https://github.com/DotNetAnalyzers/IDisposableAnalyzers/blob/master/documentation/IDISP001.md) [C:\_prj\stevecisco\private\daiv3\tests\unit\Daiv3.UnitTests\Daiv3.UnitTests.csproj::TargetFramework=net10.0-windows10.0.26100]
C:\_prj\stevecisco\private\daiv3\tests\unit\Daiv3.UnitTests\Orchestration\AgentManagerTests.cs(299,9): warning IDISP001: Dispose created (https://github.com/DotNetAnalyzers/IDisposableAnalyzers/blob/master/documentation/IDISP001.md) [C:\_prj\stevecisco\private\daiv3\tests\unit\Daiv3.UnitTests\Daiv3.UnitTests.csproj::TargetFramework=net10.0-windows10.0.26100]
C:\_prj\stevecisco\private\daiv3\tests\unit\Daiv3.UnitTests\Orchestration\AgentMcpToolSelectionTests.cs(45,9): warning IDISP001: Dispose created (https://github.com/DotNetAnalyzers/IDisposableAnalyzers/blob/master/documentation/IDISP001.md) [C:\_prj\stevecisco\private\daiv3\tests\unit\Daiv3.UnitTests\Daiv3.UnitTests.csproj::TargetFramework=net10.0-windows10.0.26100]
C:\_prj\stevecisco\private\daiv3\tests\unit\Daiv3.UnitTests\Orchestration\AgentExecutionMetricsCollectorTests.cs(340,14): warning xUnit1031: Test methods should not use blocking task operations, as they can cause deadlocks. Use an async test method and await instead. (https://xunit.net/xunit.analyzers/rules/xUnit1031) [C:\_prj\stevecisco\private\daiv3\tests\unit\Daiv3.UnitTests\Daiv3.UnitTests.csproj::TargetFramework=net10.0-windows10.0.26100]
C:\_prj\stevecisco\private\daiv3\tests\unit\Daiv3.UnitTests\ModelExecution\ModelSelectorTests.cs(19,19): warning IDISP004: Don't ignore created IDisposable (https://github.com/DotNetAnalyzers/IDisposableAnalyzers/blob/master/documentation/IDISP004.md) [C:\_prj\stevecisco\private\daiv3\tests\unit\Daiv3.UnitTests\Daiv3.UnitTests.csproj::TargetFramework=net10.0-windows10.0.26100]
C:\_prj\stevecisco\private\daiv3\tests\unit\Daiv3.UnitTests\Scheduler\SchedulerConcurrencyTests.cs(33,9): warning IDISP003: Dispose previous before re-assigning (https://github.com/DotNetAnalyzers/IDisposableAnalyzers/blob/master/documentation/IDISP003.md) [C:\_prj\stevecisco\private\daiv3\tests\unit\Daiv3.UnitTests\Daiv3.UnitTests.csproj::TargetFramework=net10.0-windows10.0.26100]
C:\_prj\stevecisco\private\daiv3\tests\unit\Daiv3.UnitTests\ModelExecution\OnlineProviderRouterTests.cs(228,9): warning IDISP001: Dispose created (https://github.com/DotNetAnalyzers/IDisposableAnalyzers/blob/master/documentation/IDISP001.md) [C:\_prj\stevecisco\private\daiv3\tests\unit\Daiv3.UnitTests\Daiv3.UnitTests.csproj::TargetFramework=net10.0-windows10.0.26100]
C:\_prj\stevecisco\private\daiv3\tests\unit\Daiv3.UnitTests\ModelExecution\OnlineProviderRouterTests.cs(257,9): warning IDISP001: Dispose created (https://github.com/DotNetAnalyzers/IDisposableAnalyzers/blob/master/documentation/IDISP001.md) [C:\_prj\stevecisco\private\daiv3\tests\unit\Daiv3.UnitTests\Daiv3.UnitTests.csproj::TargetFramework=net10.0-windows10.0.26100]
C:\_prj\stevecisco\private\daiv3\tests\unit\Daiv3.UnitTests\ModelExecution\OnlineProviderRouterTests.cs(301,9): warning IDISP001: Dispose created (https://github.com/DotNetAnalyzers/IDisposableAnalyzers/blob/master/documentation/IDISP001.md) [C:\_prj\stevecisco\private\daiv3\tests\unit\Daiv3.UnitTests\Daiv3.UnitTests.csproj::TargetFramework=net10.0-windows10.0.26100]
C:\_prj\stevecisco\private\daiv3\tests\unit\Daiv3.UnitTests\ModelExecution\OnlineProviderRouterTests.cs(286,9): warning IDISP001: Dispose created (https://github.com/DotNetAnalyzers/IDisposableAnalyzers/blob/master/documentation/IDISP001.md) [C:\_prj\stevecisco\private\daiv3\tests\unit\Daiv3.UnitTests\Daiv3.UnitTests.csproj::TargetFramework=net10.0-windows10.0.26100]
C:\_prj\stevecisco\private\daiv3\tests\unit\Daiv3.UnitTests\ModelExecution\OnlineProviderRouterTests.cs(320,9): warning IDISP001: Dispose created (https://github.com/DotNetAnalyzers/IDisposableAnalyzers/blob/master/documentation/IDISP001.md) [C:\_prj\stevecisco\private\daiv3\tests\unit\Daiv3.UnitTests\Daiv3.UnitTests.csproj::TargetFramework=net10.0-windows10.0.26100]
C:\_prj\stevecisco\private\daiv3\tests\unit\Daiv3.UnitTests\ModelExecution\OnlineProviderRouterTests.cs(339,9): warning IDISP001: Dispose created (https://github.com/DotNetAnalyzers/IDisposableAnalyzers/blob/master/documentation/IDISP001.md) [C:\_prj\stevecisco\private\daiv3\tests\unit\Daiv3.UnitTests\Daiv3.UnitTests.csproj::TargetFramework=net10.0-windows10.0.26100]
C:\_prj\stevecisco\private\daiv3\tests\unit\Daiv3.UnitTests\ModelExecution\OnlineProviderRouterTests.cs(359,9): warning IDISP001: Dispose created (https://github.com/DotNetAnalyzers/IDisposableAnalyzers/blob/master/documentation/IDISP001.md) [C:\_prj\stevecisco\private\daiv3\tests\unit\Daiv3.UnitTests\Daiv3.UnitTests.csproj::TargetFramework=net10.0-windows10.0.26100]
C:\_prj\stevecisco\private\daiv3\tests\unit\Daiv3.UnitTests\ModelExecution\OnlineProviderRouterTests.cs(369,9): warning IDISP001: Dispose created (https://github.com/DotNetAnalyzers/IDisposableAnalyzers/blob/master/documentation/IDISP001.md) [C:\_prj\stevecisco\private\daiv3\tests\unit\Daiv3.UnitTests\Daiv3.UnitTests.csproj::TargetFramework=net10.0-windows10.0.26100]
C:\_prj\stevecisco\private\daiv3\tests\unit\Daiv3.UnitTests\ModelExecution\OnlineProviderRouterSmartRoutingTests.cs(74,9): warning IDISP001: Dispose created (https://github.com/DotNetAnalyzers/IDisposableAnalyzers/blob/master/documentation/IDISP001.md) [C:\_prj\stevecisco\private\daiv3\tests\unit\Daiv3.UnitTests\Daiv3.UnitTests.csproj::TargetFramework=net10.0-windows10.0.26100]
C:\_prj\stevecisco\private\daiv3\tests\unit\Daiv3.UnitTests\ModelExecution\OnlineProviderRouterSmartRoutingTests.cs(106,9): warning IDISP001: Dispose created (https://github.com/DotNetAnalyzers/IDisposableAnalyzers/blob/master/documentation/IDISP001.md) [C:\_prj\stevecisco\private\daiv3\tests\unit\Daiv3.UnitTests\Daiv3.UnitTests.csproj::TargetFramework=net10.0-windows10.0.26100]
C:\_prj\stevecisco\private\daiv3\tests\unit\Daiv3.UnitTests\ModelExecution\OnlineProviderRouterSmartRoutingTests.cs(127,9): warning IDISP001: Dispose created (https://github.com/DotNetAnalyzers/IDisposableAnalyzers/blob/master/documentation/IDISP001.md) [C:\_prj\stevecisco\private\daiv3\tests\unit\Daiv3.UnitTests\Daiv3.UnitTests.csproj::TargetFramework=net10.0-windows10.0.26100]
C:\_prj\stevecisco\private\daiv3\tests\unit\Daiv3.UnitTests\ModelExecution\OnlineProviderRouterSmartRoutingTests.cs(143,9): warning IDISP001: Dispose created (https://github.com/DotNetAnalyzers/IDisposableAnalyzers/blob/master/documentation/IDISP001.md) [C:\_prj\stevecisco\private\daiv3\tests\unit\Daiv3.UnitTests\Daiv3.UnitTests.csproj::TargetFramework=net10.0-windows10.0.26100]
C:\_prj\stevecisco\private\daiv3\tests\unit\Daiv3.UnitTests\ModelExecution\OnlineProviderRouterSmartRoutingTests.cs(180,9): warning IDISP001: Dispose created (https://github.com/DotNetAnalyzers/IDisposableAnalyzers/blob/master/documentation/IDISP001.md) [C:\_prj\stevecisco\private\daiv3\tests\unit\Daiv3.UnitTests\Daiv3.UnitTests.csproj::TargetFramework=net10.0-windows10.0.26100]
C:\_prj\stevecisco\private\daiv3\tests\unit\Daiv3.UnitTests\ModelExecution\OnlineProviderRouterSmartRoutingTests.cs(164,9): warning IDISP001: Dispose created (https://github.com/DotNetAnalyzers/IDisposableAnalyzers/blob/master/documentation/IDISP001.md) [C:\_prj\stevecisco\private\daiv3\tests\unit\Daiv3.UnitTests\Daiv3.UnitTests.csproj::TargetFramework=net10.0-windows10.0.26100]
C:\_prj\stevecisco\private\daiv3\tests\unit\Daiv3.UnitTests\Orchestration\McpToolInvocationTests.cs(36,9): warning IDISP001: Dispose created (https://github.com/DotNetAnalyzers/IDisposableAnalyzers/blob/master/documentation/IDISP001.md) [C:\_prj\stevecisco\private\daiv3\tests\unit\Daiv3.UnitTests\Daiv3.UnitTests.csproj::TargetFramework=net10.0-windows10.0.26100]
C:\_prj\stevecisco\private\daiv3\tests\unit\Daiv3.UnitTests\Persistence\DatabaseContextTests.cs(110,9): warning IDISP016: Don't use disposed instance (https://github.com/DotNetAnalyzers/IDisposableAnalyzers/blob/master/documentation/IDISP016.md) [C:\_prj\stevecisco\private\daiv3\tests\unit\Daiv3.UnitTests\Daiv3.UnitTests.csproj::TargetFramework=net10.0-windows10.0.26100]
C:\_prj\stevecisco\private\daiv3\tests\unit\Daiv3.UnitTests\Orchestration\AgentManagerTests.cs(521,9): warning IDISP001: Dispose created (https://github.com/DotNetAnalyzers/IDisposableAnalyzers/blob/master/documentation/IDISP001.md) [C:\_prj\stevecisco\private\daiv3\tests\unit\Daiv3.UnitTests\Daiv3.UnitTests.csproj::TargetFramework=net10.0-windows10.0.26100]
C:\_prj\stevecisco\private\daiv3\tests\unit\Daiv3.UnitTests\ModelExecution\OnlineProviderRouterTests.cs(199,9): warning IDISP001: Dispose created (https://github.com/DotNetAnalyzers/IDisposableAnalyzers/blob/master/documentation/IDISP001.md) [C:\_prj\stevecisco\private\daiv3\tests\unit\Daiv3.UnitTests\Daiv3.UnitTests.csproj::TargetFramework=net10.0-windows10.0.26100]
C:\_prj\stevecisco\private\daiv3\tests\unit\Daiv3.UnitTests\Orchestration\SkillConfigurationTests.cs(19,9): warning IDISP001: Dispose created (https://github.com/DotNetAnalyzers/IDisposableAnalyzers/blob/master/documentation/IDISP001.md) [C:\_prj\stevecisco\private\daiv3\tests\unit\Daiv3.UnitTests\Daiv3.UnitTests.csproj::TargetFramework=net10.0-windows10.0.26100]
C:\_prj\stevecisco\private\daiv3\tests\unit\Daiv3.UnitTests\Orchestration\SkillConfigurationTests.cs(44,9): warning IDISP001: Dispose created (https://github.com/DotNetAnalyzers/IDisposableAnalyzers/blob/master/documentation/IDISP001.md) [C:\_prj\stevecisco\private\daiv3\tests\unit\Daiv3.UnitTests\Daiv3.UnitTests.csproj::TargetFramework=net10.0-windows10.0.26100]
C:\_prj\stevecisco\private\daiv3\tests\unit\Daiv3.UnitTests\Orchestration\SkillConfigurationTests.cs(69,9): warning IDISP001: Dispose created (https://github.com/DotNetAnalyzers/IDisposableAnalyzers/blob/master/documentation/IDISP001.md) [C:\_prj\stevecisco\private\daiv3\tests\unit\Daiv3.UnitTests\Daiv3.UnitTests.csproj::TargetFramework=net10.0-windows10.0.26100]
C:\_prj\stevecisco\private\daiv3\tests\unit\Daiv3.UnitTests\Orchestration\SkillConfigurationTests.cs(93,9): warning IDISP001: Dispose created (https://github.com/DotNetAnalyzers/IDisposableAnalyzers/blob/master/documentation/IDISP001.md) [C:\_prj\stevecisco\private\daiv3\tests\unit\Daiv3.UnitTests\Daiv3.UnitTests.csproj::TargetFramework=net10.0-windows10.0.26100]
C:\_prj\stevecisco\private\daiv3\tests\unit\Daiv3.UnitTests\Orchestration\ToolRoutingServiceTests.cs(32,22): warning IDISP004: Don't ignore created IDisposable (https://github.com/DotNetAnalyzers/IDisposableAnalyzers/blob/master/documentation/IDISP004.md) [C:\_prj\stevecisco\private\daiv3\tests\unit\Daiv3.UnitTests\Daiv3.UnitTests.csproj::TargetFramework=net10.0-windows10.0.26100]
C:\_prj\stevecisco\private\daiv3\tests\unit\Daiv3.UnitTests\ModelExecution\OnlineProviderRouterConfirmationTests.cs(36,9): warning IDISP003: Dispose previous before re-assigning (https://github.com/DotNetAnalyzers/IDisposableAnalyzers/blob/master/documentation/IDISP003.md) [C:\_prj\stevecisco\private\daiv3\tests\unit\Daiv3.UnitTests\Daiv3.UnitTests.csproj::TargetFramework=net10.0-windows10.0.26100]
C:\_prj\stevecisco\private\daiv3\tests\unit\Daiv3.UnitTests\ModelExecution\OnlineProviderRouterConfirmationTests.cs(66,9): warning IDISP003: Dispose previous before re-assigning (https://github.com/DotNetAnalyzers/IDisposableAnalyzers/blob/master/documentation/IDISP003.md) [C:\_prj\stevecisco\private\daiv3\tests\unit\Daiv3.UnitTests\Daiv3.UnitTests.csproj::TargetFramework=net10.0-windows10.0.26100]
C:\_prj\stevecisco\private\daiv3\tests\unit\Daiv3.UnitTests\Orchestration\SkillExecutorTests.cs(270,9): warning IDISP001: Dispose created (https://github.com/DotNetAnalyzers/IDisposableAnalyzers/blob/master/documentation/IDISP001.md) [C:\_prj\stevecisco\private\daiv3\tests\unit\Daiv3.UnitTests\Daiv3.UnitTests.csproj::TargetFramework=net10.0-windows10.0.26100]
C:\_prj\stevecisco\private\daiv3\tests\unit\Daiv3.UnitTests\Orchestration\McpToolInvocationTests.cs(457,9): warning IDISP001: Dispose created (https://github.com/DotNetAnalyzers/IDisposableAnalyzers/blob/master/documentation/IDISP001.md) [C:\_prj\stevecisco\private\daiv3\tests\unit\Daiv3.UnitTests\Daiv3.UnitTests.csproj::TargetFramework=net10.0-windows10.0.26100]
C:\_prj\stevecisco\private\daiv3\tests\unit\Daiv3.UnitTests\ModelExecution\OnlineProviderRouterSmartRoutingTests.cs(193,9): warning IDISP001: Dispose created (https://github.com/DotNetAnalyzers/IDisposableAnalyzers/blob/master/documentation/IDISP001.md) [C:\_prj\stevecisco\private\daiv3\tests\unit\Daiv3.UnitTests\Daiv3.UnitTests.csproj::TargetFramework=net10.0-windows10.0.26100]
C:\_prj\stevecisco\private\daiv3\tests\unit\Daiv3.UnitTests\ModelExecution\OnlineProviderRouterSmartRoutingTests.cs(206,9): warning IDISP001: Dispose created (https://github.com/DotNetAnalyzers/IDisposableAnalyzers/blob/master/documentation/IDISP001.md) [C:\_prj\stevecisco\private\daiv3\tests\unit\Daiv3.UnitTests\Daiv3.UnitTests.csproj::TargetFramework=net10.0-windows10.0.26100]
C:\_prj\stevecisco\private\daiv3\tests\unit\Daiv3.UnitTests\ModelExecution\OnlineProviderRouterSmartRoutingTests.cs(228,9): warning IDISP017: Prefer using (https://github.com/DotNetAnalyzers/IDisposableAnalyzers/blob/master/documentation/IDISP017.md) [C:\_prj\stevecisco\private\daiv3\tests\unit\Daiv3.UnitTests\Daiv3.UnitTests.csproj::TargetFramework=net10.0-windows10.0.26100]
C:\_prj\stevecisco\private\daiv3\tests\unit\Daiv3.UnitTests\ModelExecution\OnlineProviderRouterSmartRoutingTests.cs(281,9): warning IDISP001: Dispose created (https://github.com/DotNetAnalyzers/IDisposableAnalyzers/blob/master/documentation/IDISP001.md) [C:\_prj\stevecisco\private\daiv3\tests\unit\Daiv3.UnitTests\Daiv3.UnitTests.csproj::TargetFramework=net10.0-windows10.0.26100]
C:\_prj\stevecisco\private\daiv3\tests\unit\Daiv3.UnitTests\ModelExecution\OnlineProviderRouterSmartRoutingTests.cs(331,9): warning IDISP001: Dispose created (https://github.com/DotNetAnalyzers/IDisposableAnalyzers/blob/master/documentation/IDISP001.md) [C:\_prj\stevecisco\private\daiv3\tests\unit\Daiv3.UnitTests\Daiv3.UnitTests.csproj::TargetFramework=net10.0-windows10.0.26100]
C:\_prj\stevecisco\private\daiv3\tests\unit\Daiv3.UnitTests\ModelExecution\OnlineProviderRouterRateLimitingTests.cs(26,9): warning IDISP001: Dispose created (https://github.com/DotNetAnalyzers/IDisposableAnalyzers/blob/master/documentation/IDISP001.md) [C:\_prj\stevecisco\private\daiv3\tests\unit\Daiv3.UnitTests\Daiv3.UnitTests.csproj::TargetFramework=net10.0-windows10.0.26100]
C:\_prj\stevecisco\private\daiv3\tests\unit\Daiv3.UnitTests\ModelExecution\OnlineProviderRouterRateLimitingTests.cs(62,9): warning IDISP001: Dispose created (https://github.com/DotNetAnalyzers/IDisposableAnalyzers/blob/master/documentation/IDISP001.md) [C:\_prj\stevecisco\private\daiv3\tests\unit\Daiv3.UnitTests\Daiv3.UnitTests.csproj::TargetFramework=net10.0-windows10.0.26100]
C:\_prj\stevecisco\private\daiv3\tests\unit\Daiv3.UnitTests\ModelExecution\OnlineProviderRouterContextMinimizationTests.cs(62,9): warning IDISP003: Dispose previous before re-assigning (https://github.com/DotNetAnalyzers/IDisposableAnalyzers/blob/master/documentation/IDISP003.md) [C:\_prj\stevecisco\private\daiv3\tests\unit\Daiv3.UnitTests\Daiv3.UnitTests.csproj::TargetFramework=net10.0-windows10.0.26100]
C:\_prj\stevecisco\private\daiv3\tests\unit\Daiv3.UnitTests\ModelExecution\OnlineProviderRouterRateLimitingTests.cs(98,9): warning IDISP001: Dispose created (https://github.com/DotNetAnalyzers/IDisposableAnalyzers/blob/master/documentation/IDISP001.md) [C:\_prj\stevecisco\private\daiv3\tests\unit\Daiv3.UnitTests\Daiv3.UnitTests.csproj::TargetFramework=net10.0-windows10.0.26100]
C:\_prj\stevecisco\private\daiv3\tests\unit\Daiv3.UnitTests\ModelExecution\OnlineProviderRouterConfirmationTests.cs(81,9): warning IDISP003: Dispose previous before re-assigning (https://github.com/DotNetAnalyzers/IDisposableAnalyzers/blob/master/documentation/IDISP003.md) [C:\_prj\stevecisco\private\daiv3\tests\unit\Daiv3.UnitTests\Daiv3.UnitTests.csproj::TargetFramework=net10.0-windows10.0.26100]
C:\_prj\stevecisco\private\daiv3\tests\unit\Daiv3.UnitTests\ModelExecution\OnlineProviderRouterParallelExecutionTests.cs(26,9): warning IDISP001: Dispose created (https://github.com/DotNetAnalyzers/IDisposableAnalyzers/blob/master/documentation/IDISP001.md) [C:\_prj\stevecisco\private\daiv3\tests\unit\Daiv3.UnitTests\Daiv3.UnitTests.csproj::TargetFramework=net10.0-windows10.0.26100]
C:\_prj\stevecisco\private\daiv3\tests\unit\Daiv3.UnitTests\ModelExecution\OnlineProviderRouterParallelExecutionTests.cs(35,9): warning IDISP001: Dispose created (https://github.com/DotNetAnalyzers/IDisposableAnalyzers/blob/master/documentation/IDISP001.md) [C:\_prj\stevecisco\private\daiv3\tests\unit\Daiv3.UnitTests\Daiv3.UnitTests.csproj::TargetFramework=net10.0-windows10.0.26100]
C:\_prj\stevecisco\private\daiv3\tests\unit\Daiv3.UnitTests\ModelExecution\OnlineProviderRouterOfflineQueueingTests.cs(52,9): warning IDISP001: Dispose created (https://github.com/DotNetAnalyzers/IDisposableAnalyzers/blob/master/documentation/IDISP001.md) [C:\_prj\stevecisco\private\daiv3\tests\unit\Daiv3.UnitTests\Daiv3.UnitTests.csproj::TargetFramework=net10.0-windows10.0.26100]
C:\_prj\stevecisco\private\daiv3\tests\unit\Daiv3.UnitTests\ModelExecution\OnlineProviderRouterConfirmationTests.cs(96,9): warning IDISP003: Dispose previous before re-assigning (https://github.com/DotNetAnalyzers/IDisposableAnalyzers/blob/master/documentation/IDISP003.md) [C:\_prj\stevecisco\private\daiv3\tests\unit\Daiv3.UnitTests\Daiv3.UnitTests.csproj::TargetFramework=net10.0-windows10.0.26100]
C:\_prj\stevecisco\private\daiv3\tests\unit\Daiv3.UnitTests\ModelExecution\OnlineProviderRouterConfirmationTests.cs(51,9): warning IDISP003: Dispose previous before re-assigning (https://github.com/DotNetAnalyzers/IDisposableAnalyzers/blob/master/documentation/IDISP003.md) [C:\_prj\stevecisco\private\daiv3\tests\unit\Daiv3.UnitTests\Daiv3.UnitTests.csproj::TargetFramework=net10.0-windows10.0.26100]
C:\_prj\stevecisco\private\daiv3\tests\unit\Daiv3.UnitTests\Scheduler\SchedulerHostedServiceTests.cs(37,9): warning IDISP003: Dispose previous before re-assigning (https://github.com/DotNetAnalyzers/IDisposableAnalyzers/blob/master/documentation/IDISP003.md) [C:\_prj\stevecisco\private\daiv3\tests\unit\Daiv3.UnitTests\Daiv3.UnitTests.csproj::TargetFramework=net10.0-windows10.0.26100]
C:\_prj\stevecisco\private\daiv3\tests\unit\Daiv3.UnitTests\ModelExecution\OnlineProviderRouterContextMinimizationTests.cs(38,9): warning IDISP003: Dispose previous before re-assigning (https://github.com/DotNetAnalyzers/IDisposableAnalyzers/blob/master/documentation/IDISP003.md) [C:\_prj\stevecisco\private\daiv3\tests\unit\Daiv3.UnitTests\Daiv3.UnitTests.csproj::TargetFramework=net10.0-windows10.0.26100]
C:\_prj\stevecisco\private\daiv3\tests\unit\Daiv3.UnitTests\ModelExecution\OnlineProviderRouterConfirmationTests.cs(111,9): warning IDISP003: Dispose previous before re-assigning (https://github.com/DotNetAnalyzers/IDisposableAnalyzers/blob/master/documentation/IDISP003.md) [C:\_prj\stevecisco\private\daiv3\tests\unit\Daiv3.UnitTests\Daiv3.UnitTests.csproj::TargetFramework=net10.0-windows10.0.26100]
C:\_prj\stevecisco\private\daiv3\tests\unit\Daiv3.UnitTests\ModelExecution\OnlineProviderRouterParallelExecutionTests.cs(45,9): warning IDISP001: Dispose created (https://github.com/DotNetAnalyzers/IDisposableAnalyzers/blob/master/documentation/IDISP001.md) [C:\_prj\stevecisco\private\daiv3\tests\unit\Daiv3.UnitTests\Daiv3.UnitTests.csproj::TargetFramework=net10.0-windows10.0.26100]
C:\_prj\stevecisco\private\daiv3\tests\unit\Daiv3.UnitTests\ModelExecution\OnlineProviderRouterConfirmationTests.cs(147,9): warning IDISP003: Dispose previous before re-assigning (https://github.com/DotNetAnalyzers/IDisposableAnalyzers/blob/master/documentation/IDISP003.md) [C:\_prj\stevecisco\private\daiv3\tests\unit\Daiv3.UnitTests\Daiv3.UnitTests.csproj::TargetFramework=net10.0-windows10.0.26100]
C:\_prj\stevecisco\private\daiv3\tests\unit\Daiv3.UnitTests\ModelExecution\OnlineProviderRouterConfirmationTests.cs(126,9): warning IDISP003: Dispose previous before re-assigning (https://github.com/DotNetAnalyzers/IDisposableAnalyzers/blob/master/documentation/IDISP003.md) [C:\_prj\stevecisco\private\daiv3\tests\unit\Daiv3.UnitTests\Daiv3.UnitTests.csproj::TargetFramework=net10.0-windows10.0.26100]
C:\_prj\stevecisco\private\daiv3\tests\unit\Daiv3.UnitTests\ModelExecution\OnlineProviderRouterConfirmationTests.cs(162,9): warning IDISP003: Dispose previous before re-assigning (https://github.com/DotNetAnalyzers/IDisposableAnalyzers/blob/master/documentation/IDISP003.md) [C:\_prj\stevecisco\private\daiv3\tests\unit\Daiv3.UnitTests\Daiv3.UnitTests.csproj::TargetFramework=net10.0-windows10.0.26100]
C:\_prj\stevecisco\private\daiv3\tests\unit\Daiv3.UnitTests\ModelExecution\OnlineProviderRouterParallelExecutionTests.cs(77,9): warning IDISP001: Dispose created (https://github.com/DotNetAnalyzers/IDisposableAnalyzers/blob/master/documentation/IDISP001.md) [C:\_prj\stevecisco\private\daiv3\tests\unit\Daiv3.UnitTests\Daiv3.UnitTests.csproj::TargetFramework=net10.0-windows10.0.26100]
C:\_prj\stevecisco\private\daiv3\tests\unit\Daiv3.UnitTests\ModelExecution\OnlineProviderRouterOfflineQueueingTests.cs(91,9): warning IDISP001: Dispose created (https://github.com/DotNetAnalyzers/IDisposableAnalyzers/blob/master/documentation/IDISP001.md) [C:\_prj\stevecisco\private\daiv3\tests\unit\Daiv3.UnitTests\Daiv3.UnitTests.csproj::TargetFramework=net10.0-windows10.0.26100]
C:\_prj\stevecisco\private\daiv3\tests\unit\Daiv3.UnitTests\Scheduler\SchedulerHostedServiceTests.cs(349,9): warning xUnit2002: Do not use Assert.NotNull() on value type 'DateTime'. Remove this assert. (https://xunit.net/xunit.analyzers/rules/xUnit2002) [C:\_prj\stevecisco\private\daiv3\tests\unit\Daiv3.UnitTests\Daiv3.UnitTests.csproj::TargetFramework=net10.0-windows10.0.26100]
C:\_prj\stevecisco\private\daiv3\tests\unit\Daiv3.UnitTests\ModelExecution\OnlineProviderRouterConfirmationTests.cs(195,9): warning IDISP003: Dispose previous before re-assigning (https://github.com/DotNetAnalyzers/IDisposableAnalyzers/blob/master/documentation/IDISP003.md) [C:\_prj\stevecisco\private\daiv3\tests\unit\Daiv3.UnitTests\Daiv3.UnitTests.csproj::TargetFramework=net10.0-windows10.0.26100]
C:\_prj\stevecisco\private\daiv3\tests\unit\Daiv3.UnitTests\ModelExecution\OnlineProviderRouterOfflineQueueingTests.cs(126,9): warning IDISP001: Dispose created (https://github.com/DotNetAnalyzers/IDisposableAnalyzers/blob/master/documentation/IDISP001.md) [C:\_prj\stevecisco\private\daiv3\tests\unit\Daiv3.UnitTests\Daiv3.UnitTests.csproj::TargetFramework=net10.0-windows10.0.26100]
C:\_prj\stevecisco\private\daiv3\tests\unit\Daiv3.UnitTests\ModelExecution\OnlineProviderRouterOfflineQueueingTests.cs(154,9): warning IDISP001: Dispose created (https://github.com/DotNetAnalyzers/IDisposableAnalyzers/blob/master/documentation/IDISP001.md) [C:\_prj\stevecisco\private\daiv3\tests\unit\Daiv3.UnitTests\Daiv3.UnitTests.csproj::TargetFramework=net10.0-windows10.0.26100]
C:\_prj\stevecisco\private\daiv3\tests\unit\Daiv3.UnitTests\ModelExecution\OnlineProviderRouterOfflineQueueingTests.cs(181,9): warning IDISP001: Dispose created (https://github.com/DotNetAnalyzers/IDisposableAnalyzers/blob/master/documentation/IDISP001.md) [C:\_prj\stevecisco\private\daiv3\tests\unit\Daiv3.UnitTests\Daiv3.UnitTests.csproj::TargetFramework=net10.0-windows10.0.26100]
C:\_prj\stevecisco\private\daiv3\tests\unit\Daiv3.UnitTests\ModelExecution\OnlineProviderRouterConfirmationTests.cs(179,9): warning IDISP003: Dispose previous before re-assigning (https://github.com/DotNetAnalyzers/IDisposableAnalyzers/blob/master/documentation/IDISP003.md) [C:\_prj\stevecisco\private\daiv3\tests\unit\Daiv3.UnitTests\Daiv3.UnitTests.csproj::TargetFramework=net10.0-windows10.0.26100]
C:\_prj\stevecisco\private\daiv3\tests\unit\Daiv3.UnitTests\ModelExecution\OnlineProviderRouterConfirmationTests.cs(227,9): warning IDISP003: Dispose previous before re-assigning (https://github.com/DotNetAnalyzers/IDisposableAnalyzers/blob/master/documentation/IDISP003.md) [C:\_prj\stevecisco\private\daiv3\tests\unit\Daiv3.UnitTests\Daiv3.UnitTests.csproj::TargetFramework=net10.0-windows10.0.26100]
C:\_prj\stevecisco\private\daiv3\tests\unit\Daiv3.UnitTests\ModelExecution\OnlineProviderRouterOfflineQueueingTests.cs(222,9): warning IDISP001: Dispose created (https://github.com/DotNetAnalyzers/IDisposableAnalyzers/blob/master/documentation/IDISP001.md) [C:\_prj\stevecisco\private\daiv3\tests\unit\Daiv3.UnitTests\Daiv3.UnitTests.csproj::TargetFramework=net10.0-windows10.0.26100]
C:\_prj\stevecisco\private\daiv3\tests\unit\Daiv3.UnitTests\ModelExecution\OnlineProviderRouterConfirmationTests.cs(242,9): warning IDISP003: Dispose previous before re-assigning (https://github.com/DotNetAnalyzers/IDisposableAnalyzers/blob/master/documentation/IDISP003.md) [C:\_prj\stevecisco\private\daiv3\tests\unit\Daiv3.UnitTests\Daiv3.UnitTests.csproj::TargetFramework=net10.0-windows10.0.26100]
C:\_prj\stevecisco\private\daiv3\tests\unit\Daiv3.UnitTests\ModelExecution\OnlineProviderRouterConfirmationTests.cs(257,9): warning IDISP003: Dispose previous before re-assigning (https://github.com/DotNetAnalyzers/IDisposableAnalyzers/blob/master/documentation/IDISP003.md) [C:\_prj\stevecisco\private\daiv3\tests\unit\Daiv3.UnitTests\Daiv3.UnitTests.csproj::TargetFramework=net10.0-windows10.0.26100]
C:\_prj\stevecisco\private\daiv3\tests\unit\Daiv3.UnitTests\ModelExecution\OnlineProviderRouterConfirmationTests.cs(211,9): warning IDISP003: Dispose previous before re-assigning (https://github.com/DotNetAnalyzers/IDisposableAnalyzers/blob/master/documentation/IDISP003.md) [C:\_prj\stevecisco\private\daiv3\tests\unit\Daiv3.UnitTests\Daiv3.UnitTests.csproj::TargetFramework=net10.0-windows10.0.26100]
C:\_prj\stevecisco\private\daiv3\tests\unit\Daiv3.UnitTests\ModelExecution\OnlineProviderRouterConfirmationTests.cs(277,9): warning IDISP003: Dispose previous before re-assigning (https://github.com/DotNetAnalyzers/IDisposableAnalyzers/blob/master/documentation/IDISP003.md) [C:\_prj\stevecisco\private\daiv3\tests\unit\Daiv3.UnitTests\Daiv3.UnitTests.csproj::TargetFramework=net10.0-windows10.0.26100]
C:\_prj\stevecisco\private\daiv3\tests\unit\Daiv3.UnitTests\ModelExecution\OnlineProviderRouterOfflineQueueingTests.cs(258,9): warning IDISP001: Dispose created (https://github.com/DotNetAnalyzers/IDisposableAnalyzers/blob/master/documentation/IDISP001.md) [C:\_prj\stevecisco\private\daiv3\tests\unit\Daiv3.UnitTests\Daiv3.UnitTests.csproj::TargetFramework=net10.0-windows10.0.26100]
C:\_prj\stevecisco\private\daiv3\tests\unit\Daiv3.UnitTests\ModelExecution\OnlineProviderRouterContextMinimizationTests.cs(182,9): warning IDISP003: Dispose previous before re-assigning (https://github.com/DotNetAnalyzers/IDisposableAnalyzers/blob/master/documentation/IDISP003.md) [C:\_prj\stevecisco\private\daiv3\tests\unit\Daiv3.UnitTests\Daiv3.UnitTests.csproj::TargetFramework=net10.0-windows10.0.26100]
C:\_prj\stevecisco\private\daiv3\tests\unit\Daiv3.UnitTests\ModelExecution\OnlineProviderRouterContextMinimizationTests.cs(122,9): warning IDISP003: Dispose previous before re-assigning (https://github.com/DotNetAnalyzers/IDisposableAnalyzers/blob/master/documentation/IDISP003.md) [C:\_prj\stevecisco\private\daiv3\tests\unit\Daiv3.UnitTests\Daiv3.UnitTests.csproj::TargetFramework=net10.0-windows10.0.26100]
C:\_prj\stevecisco\private\daiv3\tests\unit\Daiv3.UnitTests\ModelExecution\OnlineProviderRouterContextMinimizationTests.cs(93,9): warning IDISP003: Dispose previous before re-assigning (https://github.com/DotNetAnalyzers/IDisposableAnalyzers/blob/master/documentation/IDISP003.md) [C:\_prj\stevecisco\private\daiv3\tests\unit\Daiv3.UnitTests\Daiv3.UnitTests.csproj::TargetFramework=net10.0-windows10.0.26100]
C:\_prj\stevecisco\private\daiv3\tests\unit\Daiv3.UnitTests\ModelExecution\OnlineProviderRouterContextMinimizationTests.cs(154,9): warning IDISP003: Dispose previous before re-assigning (https://github.com/DotNetAnalyzers/IDisposableAnalyzers/blob/master/documentation/IDISP003.md) [C:\_prj\stevecisco\private\daiv3\tests\unit\Daiv3.UnitTests\Daiv3.UnitTests.csproj::TargetFramework=net10.0-windows10.0.26100]
C:\_prj\stevecisco\private\daiv3\tests\unit\Daiv3.UnitTests\ModelExecution\OnlineProviderRouterContextMinimizationTests.cs(248,9): warning IDISP003: Dispose previous before re-assigning (https://github.com/DotNetAnalyzers/IDisposableAnalyzers/blob/master/documentation/IDISP003.md) [C:\_prj\stevecisco\private\daiv3\tests\unit\Daiv3.UnitTests\Daiv3.UnitTests.csproj::TargetFramework=net10.0-windows10.0.26100]
C:\_prj\stevecisco\private\daiv3\tests\unit\Daiv3.UnitTests\ModelExecution\OnlineProviderRouterContextMinimizationTests.cs(207,9): warning IDISP003: Dispose previous before re-assigning (https://github.com/DotNetAnalyzers/IDisposableAnalyzers/blob/master/documentation/IDISP003.md) [C:\_prj\stevecisco\private\daiv3\tests\unit\Daiv3.UnitTests\Daiv3.UnitTests.csproj::TargetFramework=net10.0-windows10.0.26100]
C:\_prj\stevecisco\private\daiv3\tests\unit\Daiv3.UnitTests\ModelExecution\OnlineProviderRouterContextMinimizationTests.cs(279,9): warning IDISP003: Dispose previous before re-assigning (https://github.com/DotNetAnalyzers/IDisposableAnalyzers/blob/master/documentation/IDISP003.md) [C:\_prj\stevecisco\private\daiv3\tests\unit\Daiv3.UnitTests\Daiv3.UnitTests.csproj::TargetFramework=net10.0-windows10.0.26100]
C:\_prj\stevecisco\private\daiv3\tests\unit\Daiv3.UnitTests\ModelExecution\OnlineProviderRouterContextMinimizationTests.cs(227,9): warning IDISP003: Dispose previous before re-assigning (https://github.com/DotNetAnalyzers/IDisposableAnalyzers/blob/master/documentation/IDISP003.md) [C:\_prj\stevecisco\private\daiv3\tests\unit\Daiv3.UnitTests\Daiv3.UnitTests.csproj::TargetFramework=net10.0-windows10.0.26100]
C:\_prj\stevecisco\private\daiv3\tests\unit\Daiv3.UnitTests\ModelExecution\OnlineProviderRouterContextMinimizationTests.cs(299,9): warning IDISP003: Dispose previous before re-assigning (https://github.com/DotNetAnalyzers/IDisposableAnalyzers/blob/master/documentation/IDISP003.md) [C:\_prj\stevecisco\private\daiv3\tests\unit\Daiv3.UnitTests\Daiv3.UnitTests.csproj::TargetFramework=net10.0-windows10.0.26100]
C:\_prj\stevecisco\private\daiv3\tests\unit\Daiv3.UnitTests\ModelExecution\OnlineProviderRouterContextMinimizationTests.cs(329,9): warning IDISP003: Dispose previous before re-assigning (https://github.com/DotNetAnalyzers/IDisposableAnalyzers/blob/master/documentation/IDISP003.md) [C:\_prj\stevecisco\private\daiv3\tests\unit\Daiv3.UnitTests\Daiv3.UnitTests.csproj::TargetFramework=net10.0-windows10.0.26100]
C:\_prj\stevecisco\private\daiv3\tests\unit\Daiv3.UnitTests\ModelExecution\OnlineProviderRouterContextMinimizationTests.cs(358,9): warning IDISP003: Dispose previous before re-assigning (https://github.com/DotNetAnalyzers/IDisposableAnalyzers/blob/master/documentation/IDISP003.md) [C:\_prj\stevecisco\private\daiv3\tests\unit\Daiv3.UnitTests\Daiv3.UnitTests.csproj::TargetFramework=net10.0-windows10.0.26100]
C:\_prj\stevecisco\private\daiv3\tests\unit\Daiv3.UnitTests\Persistence\PromotionReversibilityTests.cs(40,9): warning IDISP003: Dispose previous before re-assigning (https://github.com/DotNetAnalyzers/IDisposableAnalyzers/blob/master/documentation/IDISP003.md) [C:\_prj\stevecisco\private\daiv3\tests\unit\Daiv3.UnitTests\Daiv3.UnitTests.csproj::TargetFramework=net10.0-windows10.0.26100]
C:\_prj\stevecisco\private\daiv3\tests\unit\Daiv3.UnitTests\Orchestration\SkillSourceAndConfigurationTests.cs(22,9): warning IDISP001: Dispose created (https://github.com/DotNetAnalyzers/IDisposableAnalyzers/blob/master/documentation/IDISP001.md) [C:\_prj\stevecisco\private\daiv3\tests\unit\Daiv3.UnitTests\Daiv3.UnitTests.csproj::TargetFramework=net10.0-windows10.0.26100]
C:\_prj\stevecisco\private\daiv3\tests\unit\Daiv3.UnitTests\Orchestration\SkillSourceAndConfigurationTests.cs(41,9): warning IDISP001: Dispose created (https://github.com/DotNetAnalyzers/IDisposableAnalyzers/blob/master/documentation/IDISP001.md) [C:\_prj\stevecisco\private\daiv3\tests\unit\Daiv3.UnitTests\Daiv3.UnitTests.csproj::TargetFramework=net10.0-windows10.0.26100]
C:\_prj\stevecisco\private\daiv3\tests\unit\Daiv3.UnitTests\Orchestration\SkillSourceAndConfigurationTests.cs(61,9): warning IDISP001: Dispose created (https://github.com/DotNetAnalyzers/IDisposableAnalyzers/blob/master/documentation/IDISP001.md) [C:\_prj\stevecisco\private\daiv3\tests\unit\Daiv3.UnitTests\Daiv3.UnitTests.csproj::TargetFramework=net10.0-windows10.0.26100]
C:\_prj\stevecisco\private\daiv3\tests\unit\Daiv3.UnitTests\Orchestration\SkillSourceAndConfigurationTests.cs(81,9): warning IDISP001: Dispose created (https://github.com/DotNetAnalyzers/IDisposableAnalyzers/blob/master/documentation/IDISP001.md) [C:\_prj\stevecisco\private\daiv3\tests\unit\Daiv3.UnitTests\Daiv3.UnitTests.csproj::TargetFramework=net10.0-windows10.0.26100]
C:\_prj\stevecisco\private\daiv3\tests\unit\Daiv3.UnitTests\Orchestration\SkillSourceAndConfigurationTests.cs(101,9): warning IDISP001: Dispose created (https://github.com/DotNetAnalyzers/IDisposableAnalyzers/blob/master/documentation/IDISP001.md) [C:\_prj\stevecisco\private\daiv3\tests\unit\Daiv3.UnitTests\Daiv3.UnitTests.csproj::TargetFramework=net10.0-windows10.0.26100]
C:\_prj\stevecisco\private\daiv3\tests\unit\Daiv3.UnitTests\Orchestration\SkillSourceAndConfigurationTests.cs(127,9): warning IDISP001: Dispose created (https://github.com/DotNetAnalyzers/IDisposableAnalyzers/blob/master/documentation/IDISP001.md) [C:\_prj\stevecisco\private\daiv3\tests\unit\Daiv3.UnitTests\Daiv3.UnitTests.csproj::TargetFramework=net10.0-windows10.0.26100]
C:\_prj\stevecisco\private\daiv3\tests\unit\Daiv3.UnitTests\Orchestration\SkillSourceAndConfigurationTests.cs(146,9): warning IDISP001: Dispose created (https://github.com/DotNetAnalyzers/IDisposableAnalyzers/blob/master/documentation/IDISP001.md) [C:\_prj\stevecisco\private\daiv3\tests\unit\Daiv3.UnitTests\Daiv3.UnitTests.csproj::TargetFramework=net10.0-windows10.0.26100]
C:\_prj\stevecisco\private\daiv3\tests\unit\Daiv3.UnitTests\Orchestration\TaskOrchestratorTests.cs(157,9): warning IDISP001: Dispose created (https://github.com/DotNetAnalyzers/IDisposableAnalyzers/blob/master/documentation/IDISP001.md) [C:\_prj\stevecisco\private\daiv3\tests\unit\Daiv3.UnitTests\Daiv3.UnitTests.csproj::TargetFramework=net10.0-windows10.0.26100]

Build FAILED.

C:\_prj\stevecisco\private\daiv3\src\Daiv3.Api\Daiv3.Api.csproj : warning NU1903: Package 'System.IO.Packaging' 8.0.0 has a known high severity vulnerability, https://github.com/advisories/GHSA-f32c-w444-8ppv [C:\_prj\stevecisco\private\daiv3\Daiv3.FoundryLocal.slnx]
C:\_prj\stevecisco\private\daiv3\src\Daiv3.Knowledge.DocProc\Daiv3.Knowledge.DocProc.csproj : warning NU1903: Package 'System.IO.Packaging' 8.0.0 has a known high severity vulnerability, https://github.com/advisories/GHSA-f32c-w444-8ppv [C:\_prj\stevecisco\private\daiv3\Daiv3.FoundryLocal.slnx]
C:\_prj\stevecisco\private\daiv3\src\Daiv3.Worker\Daiv3.Worker.csproj : warning NU1903: Package 'System.IO.Packaging' 8.0.0 has a known high severity vulnerability, https://github.com/advisories/GHSA-f32c-w444-8ppv [C:\_prj\stevecisco\private\daiv3\Daiv3.FoundryLocal.slnx]
C:\_prj\stevecisco\private\daiv3\src\Daiv3.Orchestration\Daiv3.Orchestration.csproj : warning NU1903: Package 'System.IO.Packaging' 8.0.0 has a known high severity vulnerability, https://github.com/advisories/GHSA-f32c-w444-8ppv [C:\_prj\stevecisco\private\daiv3\Daiv3.FoundryLocal.slnx]
C:\_prj\stevecisco\private\daiv3\src\Daiv3.App.Cli\Daiv3.App.Cli.csproj : warning NU1903: Package 'System.IO.Packaging' 8.0.0 has a known high severity vulnerability, https://github.com/advisories/GHSA-f32c-w444-8ppv [C:\_prj\stevecisco\private\daiv3\Daiv3.FoundryLocal.slnx]
C:\_prj\stevecisco\private\daiv3\tests\unit\Daiv3.UnitTests\Daiv3.UnitTests.csproj : warning NU1903: Package 'System.IO.Packaging' 8.0.0 has a known high severity vulnerability, https://github.com/advisories/GHSA-f32c-w444-8ppv [C:\_prj\stevecisco\private\daiv3\Daiv3.FoundryLocal.slnx]
C:\_prj\stevecisco\private\daiv3\src\Daiv3.App.Maui\Daiv3.App.Maui.csproj : warning NU1903: Package 'System.IO.Packaging' 8.0.0 has a known high severity vulnerability, https://github.com/advisories/GHSA-f32c-w444-8ppv [C:\_prj\stevecisco\private\daiv3\Daiv3.FoundryLocal.slnx]
C:\_prj\stevecisco\private\daiv3\src\Daiv3.Mcp.Integration\Daiv3.Mcp.Integration.csproj : warning NU1510: PackageReference System.Text.Json will not be pruned. Consider removing this package from your dependencies, as it is likely unnecessary. [C:\_prj\stevecisco\private\daiv3\Daiv3.FoundryLocal.slnx]
C:\_prj\stevecisco\private\daiv3\src\Daiv3.Orchestration\Daiv3.Orchestration.csproj : warning NU1903: Package 'System.IO.Packaging' 8.0.0 has a known high severity vulnerability, https://github.com/advisories/GHSA-qj66-m88j-hmgj [C:\_prj\stevecisco\private\daiv3\Daiv3.FoundryLocal.slnx]
C:\_prj\stevecisco\private\daiv3\src\Daiv3.Knowledge\Daiv3.Knowledge.csproj : warning NU1903: Package 'System.IO.Packaging' 8.0.0 has a known high severity vulnerability, https://github.com/advisories/GHSA-f32c-w444-8ppv [C:\_prj\stevecisco\private\daiv3\Daiv3.FoundryLocal.slnx]
C:\_prj\stevecisco\private\daiv3\src\Daiv3.App.Cli\Daiv3.App.Cli.csproj : warning NU1903: Package 'System.IO.Packaging' 8.0.0 has a known high severity vulnerability, https://github.com/advisories/GHSA-qj66-m88j-hmgj [C:\_prj\stevecisco\private\daiv3\Daiv3.FoundryLocal.slnx]
C:\_prj\stevecisco\private\daiv3\src\Daiv3.App.Maui\Daiv3.App.Maui.csproj : warning NU1903: Package 'System.IO.Packaging' 8.0.0 has a known high severity vulnerability, https://github.com/advisories/GHSA-qj66-m88j-hmgj [C:\_prj\stevecisco\private\daiv3\Daiv3.FoundryLocal.slnx]
C:\_prj\stevecisco\private\daiv3\src\Daiv3.Knowledge\Daiv3.Knowledge.csproj : warning NU1903: Package 'System.IO.Packaging' 8.0.0 has a known high severity vulnerability, https://github.com/advisories/GHSA-qj66-m88j-hmgj [C:\_prj\stevecisco\private\daiv3\Daiv3.FoundryLocal.slnx]
C:\_prj\stevecisco\private\daiv3\src\Daiv3.Worker\Daiv3.Worker.csproj : warning NU1903: Package 'System.IO.Packaging' 8.0.0 has a known high severity vulnerability, https://github.com/advisories/GHSA-qj66-m88j-hmgj [C:\_prj\stevecisco\private\daiv3\Daiv3.FoundryLocal.slnx]
C:\_prj\stevecisco\private\daiv3\src\Daiv3.Api\Daiv3.Api.csproj : warning NU1903: Package 'System.IO.Packaging' 8.0.0 has a known high severity vulnerability, https://github.com/advisories/GHSA-qj66-m88j-hmgj [C:\_prj\stevecisco\private\daiv3\Daiv3.FoundryLocal.slnx]
C:\_prj\stevecisco\private\daiv3\src\Daiv3.Knowledge.DocProc\Daiv3.Knowledge.DocProc.csproj : warning NU1903: Package 'System.IO.Packaging' 8.0.0 has a known high severity vulnerability, https://github.com/advisories/GHSA-qj66-m88j-hmgj [C:\_prj\stevecisco\private\daiv3\Daiv3.FoundryLocal.slnx]
C:\_prj\stevecisco\private\daiv3\tests\unit\Daiv3.UnitTests\Daiv3.UnitTests.csproj : warning NU1903: Package 'System.IO.Packaging' 8.0.0 has a known high severity vulnerability, https://github.com/advisories/GHSA-qj66-m88j-hmgj [C:\_prj\stevecisco\private\daiv3\Daiv3.FoundryLocal.slnx]
C:\_prj\stevecisco\private\daiv3\src\Daiv3.App.Cli\Daiv3.App.Cli.csproj : warning NU1903: Package 'System.IO.Packaging' 8.0.0 has a known high severity vulnerability, https://github.com/advisories/GHSA-f32c-w444-8ppv
C:\_prj\stevecisco\private\daiv3\src\Daiv3.App.Cli\Daiv3.App.Cli.csproj : warning NU1903: Package 'System.IO.Packaging' 8.0.0 has a known high severity vulnerability, https://github.com/advisories/GHSA-qj66-m88j-hmgj
C:\_prj\stevecisco\private\daiv3\src\Daiv3.Knowledge.DocProc\Daiv3.Knowledge.DocProc.csproj : warning NU1903: Package 'System.IO.Packaging' 8.0.0 has a known high severity vulnerability, https://github.com/advisories/GHSA-f32c-w444-8ppv [TargetFramework=net10.0]
C:\_prj\stevecisco\private\daiv3\src\Daiv3.Knowledge.DocProc\Daiv3.Knowledge.DocProc.csproj : warning NU1903: Package 'System.IO.Packaging' 8.0.0 has a known high severity vulnerability, https://github.com/advisories/GHSA-qj66-m88j-hmgj [TargetFramework=net10.0]
C:\_prj\stevecisco\private\daiv3\src\Daiv3.Knowledge\Daiv3.Knowledge.csproj : warning NU1903: Package 'System.IO.Packaging' 8.0.0 has a known high severity vulnerability, https://github.com/advisories/GHSA-f32c-w444-8ppv [TargetFramework=net10.0]
C:\_prj\stevecisco\private\daiv3\src\Daiv3.Knowledge\Daiv3.Knowledge.csproj : warning NU1903: Package 'System.IO.Packaging' 8.0.0 has a known high severity vulnerability, https://github.com/advisories/GHSA-qj66-m88j-hmgj [TargetFramework=net10.0]
C:\_prj\stevecisco\private\daiv3\src\Daiv3.Api\Daiv3.Api.csproj : warning NU1903: Package 'System.IO.Packaging' 8.0.0 has a known high severity vulnerability, https://github.com/advisories/GHSA-f32c-w444-8ppv
C:\_prj\stevecisco\private\daiv3\src\Daiv3.Api\Daiv3.Api.csproj : warning NU1903: Package 'System.IO.Packaging' 8.0.0 has a known high severity vulnerability, https://github.com/advisories/GHSA-qj66-m88j-hmgj
C:\_prj\stevecisco\private\daiv3\src\Daiv3.Mcp.Integration\Daiv3.Mcp.Integration.csproj : warning NU1510: PackageReference System.Text.Json will not be pruned. Consider removing this package from your dependencies, as it is likely unnecessary. [TargetFramework=net10.0]
C:\_prj\stevecisco\private\daiv3\src\Daiv3.Knowledge\Daiv3.Knowledge.csproj : warning NU1903: Package 'System.IO.Packaging' 8.0.0 has a known high severity vulnerability, https://github.com/advisories/GHSA-f32c-w444-8ppv [TargetFramework=net10.0-windows10.0.26100]
C:\_prj\stevecisco\private\daiv3\src\Daiv3.Knowledge\Daiv3.Knowledge.csproj : warning NU1903: Package 'System.IO.Packaging' 8.0.0 has a known high severity vulnerability, https://github.com/advisories/GHSA-qj66-m88j-hmgj [TargetFramework=net10.0-windows10.0.26100]
C:\_prj\stevecisco\private\daiv3\src\Daiv3.App.Maui\Daiv3.App.Maui.csproj : warning NU1903: Package 'System.IO.Packaging' 8.0.0 has a known high severity vulnerability, https://github.com/advisories/GHSA-f32c-w444-8ppv [TargetFramework=net10.0-windows10.0.26100]
C:\_prj\stevecisco\private\daiv3\src\Daiv3.App.Maui\Daiv3.App.Maui.csproj : warning NU1903: Package 'System.IO.Packaging' 8.0.0 has a known high severity vulnerability, https://github.com/advisories/GHSA-qj66-m88j-hmgj [TargetFramework=net10.0-windows10.0.26100]
C:\_prj\stevecisco\private\daiv3\src\Daiv3.Mcp.Integration\Daiv3.Mcp.Integration.csproj : warning NU1510: PackageReference System.Text.Json will not be pruned. Consider removing this package from your dependencies, as it is likely unnecessary. [TargetFramework=net10.0-windows10.0.26100]
C:\_prj\stevecisco\private\daiv3\src\Daiv3.Worker\Daiv3.Worker.csproj : warning NU1903: Package 'System.IO.Packaging' 8.0.0 has a known high severity vulnerability, https://github.com/advisories/GHSA-f32c-w444-8ppv
C:\_prj\stevecisco\private\daiv3\src\Daiv3.Worker\Daiv3.Worker.csproj : warning NU1903: Package 'System.IO.Packaging' 8.0.0 has a known high severity vulnerability, https://github.com/advisories/GHSA-qj66-m88j-hmgj
C:\_prj\stevecisco\private\daiv3\tests\unit\Daiv3.UnitTests\Daiv3.UnitTests.csproj : warning NU1903: Package 'System.IO.Packaging' 8.0.0 has a known high severity vulnerability, https://github.com/advisories/GHSA-f32c-w444-8ppv [TargetFramework=net10.0]
C:\_prj\stevecisco\private\daiv3\tests\unit\Daiv3.UnitTests\Daiv3.UnitTests.csproj : warning NU1903: Package 'System.IO.Packaging' 8.0.0 has a known high severity vulnerability, https://github.com/advisories/GHSA-qj66-m88j-hmgj [TargetFramework=net10.0]
C:\_prj\stevecisco\private\daiv3\src\Daiv3.Orchestration\Daiv3.Orchestration.csproj : warning NU1903: Package 'System.IO.Packaging' 8.0.0 has a known high severity vulnerability, https://github.com/advisories/GHSA-f32c-w444-8ppv [TargetFramework=net10.0]
C:\_prj\stevecisco\private\daiv3\src\Daiv3.Orchestration\Daiv3.Orchestration.csproj : warning NU1903: Package 'System.IO.Packaging' 8.0.0 has a known high severity vulnerability, https://github.com/advisories/GHSA-qj66-m88j-hmgj [TargetFramework=net10.0]
C:\_prj\stevecisco\private\daiv3\src\Daiv3.Orchestration\Daiv3.Orchestration.csproj : warning NU1903: Package 'System.IO.Packaging' 8.0.0 has a known high severity vulnerability, https://github.com/advisories/GHSA-f32c-w444-8ppv [TargetFramework=net10.0-windows10.0.26100]
C:\_prj\stevecisco\private\daiv3\src\Daiv3.Orchestration\Daiv3.Orchestration.csproj : warning NU1903: Package 'System.IO.Packaging' 8.0.0 has a known high severity vulnerability, https://github.com/advisories/GHSA-qj66-m88j-hmgj [TargetFramework=net10.0-windows10.0.26100]
C:\_prj\stevecisco\private\daiv3\tests\unit\Daiv3.UnitTests\Daiv3.UnitTests.csproj : warning NU1903: Package 'System.IO.Packaging' 8.0.0 has a known high severity vulnerability, https://github.com/advisories/GHSA-f32c-w444-8ppv [TargetFramework=net10.0-windows10.0.26100]
C:\_prj\stevecisco\private\daiv3\tests\unit\Daiv3.UnitTests\Daiv3.UnitTests.csproj : warning NU1903: Package 'System.IO.Packaging' 8.0.0 has a known high severity vulnerability, https://github.com/advisories/GHSA-qj66-m88j-hmgj [TargetFramework=net10.0-windows10.0.26100]
C:\_prj\stevecisco\private\daiv3\tests\unit\Daiv3.UnitTests\Orchestration\AgentManagerTests.cs(452,25): warning CS8604: Possible null reference argument for parameter 'collection' in 'void Assert.NotEmpty(IEnumerable collection)'. [C:\_prj\stevecisco\private\daiv3\tests\unit\Daiv3.UnitTests\Daiv3.UnitTests.csproj::TargetFramework=net10.0]
C:\_prj\stevecisco\private\daiv3\tests\unit\Daiv3.UnitTests\Orchestration\AgentManagerTests.cs(492,29): warning CS8604: Possible null reference argument for parameter 'collection' in 'void Assert.NotEmpty(IEnumerable collection)'. [C:\_prj\stevecisco\private\daiv3\tests\unit\Daiv3.UnitTests\Daiv3.UnitTests.csproj::TargetFramework=net10.0]
C:\_prj\stevecisco\private\daiv3\tests\unit\Daiv3.UnitTests\Orchestration\SkillExecutorTests.cs(126,47): warning CS8625: Cannot convert null literal to non-nullable reference type. [C:\_prj\stevecisco\private\daiv3\tests\unit\Daiv3.UnitTests\Daiv3.UnitTests.csproj::TargetFramework=net10.0]
C:\_prj\stevecisco\private\daiv3\tests\unit\Daiv3.UnitTests\Orchestration\SkillExecutorTests.cs(372,66): warning CS8625: Cannot convert null literal to non-nullable reference type. [C:\_prj\stevecisco\private\daiv3\tests\unit\Daiv3.UnitTests\Daiv3.UnitTests.csproj::TargetFramework=net10.0]
C:\_prj\stevecisco\private\daiv3\tests\unit\Daiv3.UnitTests\Orchestration\SkillExecutorTests.cs(416,45): warning CS8625: Cannot convert null literal to non-nullable reference type. [C:\_prj\stevecisco\private\daiv3\tests\unit\Daiv3.UnitTests\Daiv3.UnitTests.csproj::TargetFramework=net10.0]
C:\_prj\stevecisco\private\daiv3\tests\unit\Daiv3.UnitTests\Orchestration\SkillExecutorTests.cs(32,23): warning CS8618: Non-nullable property 'Name' must contain a non-null value when exiting constructor. Consider adding the 'required' modifier or declaring the property as nullable. [C:\_prj\stevecisco\private\daiv3\tests\unit\Daiv3.UnitTests\Daiv3.UnitTests.csproj::TargetFramework=net10.0]
C:\_prj\stevecisco\private\daiv3\tests\unit\Daiv3.UnitTests\Orchestration\SkillExecutorTests.cs(33,23): warning CS8618: Non-nullable property 'Description' must contain a non-null value when exiting constructor. Consider adding the 'required' modifier or declaring the property as nullable. [C:\_prj\stevecisco\private\daiv3\tests\unit\Daiv3.UnitTests\Daiv3.UnitTests.csproj::TargetFramework=net10.0]
C:\_prj\stevecisco\private\daiv3\tests\unit\Daiv3.UnitTests\Orchestration\Messaging\MessageBrokerTests.cs(117,44): warning CS8625: Cannot convert null literal to non-nullable reference type. [C:\_prj\stevecisco\private\daiv3\tests\unit\Daiv3.UnitTests\Daiv3.UnitTests.csproj::TargetFramework=net10.0]
C:\_prj\stevecisco\private\daiv3\tests\unit\Daiv3.UnitTests\Orchestration\AgentConfigFileLoaderTests.cs(13,14): warning IDISP025: Class with no virtual dispose method should be sealed (https://github.com/DotNetAnalyzers/IDisposableAnalyzers/blob/master/documentation/IDISP025.md) [C:\_prj\stevecisco\private\daiv3\tests\unit\Daiv3.UnitTests\Daiv3.UnitTests.csproj::TargetFramework=net10.0]
C:\_prj\stevecisco\private\daiv3\tests\unit\Daiv3.UnitTests\Knowledge\Metrics\KnowledgeLayerTelemetryTests.cs(13,5): warning IDISP006: Implement IDisposable (https://github.com/DotNetAnalyzers/IDisposableAnalyzers/blob/master/documentation/IDISP006.md) [C:\_prj\stevecisco\private\daiv3\tests\unit\Daiv3.UnitTests\Daiv3.UnitTests.csproj::TargetFramework=net10.0]
C:\_prj\stevecisco\private\daiv3\tests\unit\Daiv3.UnitTests\Scheduler\SchedulerConcurrencyTests.cs(14,5): warning IDISP006: Implement IDisposable (https://github.com/DotNetAnalyzers/IDisposableAnalyzers/blob/master/documentation/IDISP006.md) [C:\_prj\stevecisco\private\daiv3\tests\unit\Daiv3.UnitTests\Daiv3.UnitTests.csproj::TargetFramework=net10.0]
C:\_prj\stevecisco\private\daiv3\tests\unit\Daiv3.UnitTests\Persistence\LearningLifecycleTests.cs(16,5): warning IDISP006: Implement IDisposable (https://github.com/DotNetAnalyzers/IDisposableAnalyzers/blob/master/documentation/IDISP006.md) [C:\_prj\stevecisco\private\daiv3\tests\unit\Daiv3.UnitTests\Daiv3.UnitTests.csproj::TargetFramework=net10.0]
C:\_prj\stevecisco\private\daiv3\tests\unit\Daiv3.UnitTests\ModelExecution\OnlineProviderRouterConfirmationTests.cs(14,14): warning IDISP025: Class with no virtual dispose method should be sealed (https://github.com/DotNetAnalyzers/IDisposableAnalyzers/blob/master/documentation/IDISP025.md) [C:\_prj\stevecisco\private\daiv3\tests\unit\Daiv3.UnitTests\Daiv3.UnitTests.csproj::TargetFramework=net10.0]
C:\_prj\stevecisco\private\daiv3\tests\unit\Daiv3.UnitTests\ModelExecution\OnlineProviderRouterContextMinimizationTests.cs(14,14): warning IDISP025: Class with no virtual dispose method should be sealed (https://github.com/DotNetAnalyzers/IDisposableAnalyzers/blob/master/documentation/IDISP025.md) [C:\_prj\stevecisco\private\daiv3\tests\unit\Daiv3.UnitTests\Daiv3.UnitTests.csproj::TargetFramework=net10.0]
C:\_prj\stevecisco\private\daiv3\tests\unit\Daiv3.UnitTests\Persistence\LearningRepositoryTests.cs(18,5): warning IDISP006: Implement IDisposable (https://github.com/DotNetAnalyzers/IDisposableAnalyzers/blob/master/documentation/IDISP006.md) [C:\_prj\stevecisco\private\daiv3\tests\unit\Daiv3.UnitTests\Daiv3.UnitTests.csproj::TargetFramework=net10.0]
C:\_prj\stevecisco\private\daiv3\tests\unit\Daiv3.UnitTests\Scheduler\SchedulerHostedServiceTests.cs(15,5): warning IDISP006: Implement IDisposable (https://github.com/DotNetAnalyzers/IDisposableAnalyzers/blob/master/documentation/IDISP006.md) [C:\_prj\stevecisco\private\daiv3\tests\unit\Daiv3.UnitTests\Daiv3.UnitTests.csproj::TargetFramework=net10.0]
C:\_prj\stevecisco\private\daiv3\tests\unit\Daiv3.UnitTests\ModelExecution\OnlineProviderRouterOfflineQueueingTests.cs(14,14): warning IDISP025: Class with no virtual dispose method should be sealed (https://github.com/DotNetAnalyzers/IDisposableAnalyzers/blob/master/documentation/IDISP025.md) [C:\_prj\stevecisco\private\daiv3\tests\unit\Daiv3.UnitTests\Daiv3.UnitTests.csproj::TargetFramework=net10.0]
C:\_prj\stevecisco\private\daiv3\tests\unit\Daiv3.UnitTests\Orchestration\Integration\AgentMixedToolEnvironmentTests.cs(20,5): warning IDISP006: Implement IDisposable (https://github.com/DotNetAnalyzers/IDisposableAnalyzers/blob/master/documentation/IDISP006.md) [C:\_prj\stevecisco\private\daiv3\tests\unit\Daiv3.UnitTests\Daiv3.UnitTests.csproj::TargetFramework=net10.0]
C:\_prj\stevecisco\private\daiv3\tests\unit\Daiv3.UnitTests\ModelExecution\OnlineProviderRouterSmartRoutingTests.cs(15,14): warning IDISP025: Class with no virtual dispose method should be sealed (https://github.com/DotNetAnalyzers/IDisposableAnalyzers/blob/master/documentation/IDISP025.md) [C:\_prj\stevecisco\private\daiv3\tests\unit\Daiv3.UnitTests\Daiv3.UnitTests.csproj::TargetFramework=net10.0]
C:\_prj\stevecisco\private\daiv3\tests\unit\Daiv3.UnitTests\Persistence\PromotionReversibilityTests.cs(17,5): warning IDISP006: Implement IDisposable (https://github.com/DotNetAnalyzers/IDisposableAnalyzers/blob/master/documentation/IDISP006.md) [C:\_prj\stevecisco\private\daiv3\tests\unit\Daiv3.UnitTests\Daiv3.UnitTests.csproj::TargetFramework=net10.0]
C:\_prj\stevecisco\private\daiv3\tests\unit\Daiv3.UnitTests\Persistence\WebFetchMigrationTests.cs(17,5): warning IDISP006: Implement IDisposable (https://github.com/DotNetAnalyzers/IDisposableAnalyzers/blob/master/documentation/IDISP006.md) [C:\_prj\stevecisco\private\daiv3\tests\unit\Daiv3.UnitTests\Daiv3.UnitTests.csproj::TargetFramework=net10.0]
C:\_prj\stevecisco\private\daiv3\tests\unit\Daiv3.UnitTests\Persistence\PromotionRepositoryTests.cs(17,5): warning IDISP006: Implement IDisposable (https://github.com/DotNetAnalyzers/IDisposableAnalyzers/blob/master/documentation/IDISP006.md) [C:\_prj\stevecisco\private\daiv3\tests\unit\Daiv3.UnitTests\Daiv3.UnitTests.csproj::TargetFramework=net10.0]
C:\_prj\stevecisco\private\daiv3\tests\unit\Daiv3.UnitTests\Persistence\WebFetchRepositoryTests.cs(18,5): warning IDISP006: Implement IDisposable (https://github.com/DotNetAnalyzers/IDisposableAnalyzers/blob/master/documentation/IDISP006.md) [C:\_prj\stevecisco\private\daiv3\tests\unit\Daiv3.UnitTests\Daiv3.UnitTests.csproj::TargetFramework=net10.0]
C:\_prj\stevecisco\private\daiv3\tests\unit\Daiv3.UnitTests\Orchestration\SkillExecutorTests.cs(11,5): warning IDISP006: Implement IDisposable (https://github.com/DotNetAnalyzers/IDisposableAnalyzers/blob/master/documentation/IDISP006.md) [C:\_prj\stevecisco\private\daiv3\tests\unit\Daiv3.UnitTests\Daiv3.UnitTests.csproj::TargetFramework=net10.0]
C:\_prj\stevecisco\private\daiv3\tests\unit\Daiv3.UnitTests\WebFetch\WebFetchServiceExtensionsTests.cs(28,9): warning IDISP001: Dispose created (https://github.com/DotNetAnalyzers/IDisposableAnalyzers/blob/master/documentation/IDISP001.md) [C:\_prj\stevecisco\private\daiv3\tests\unit\Daiv3.UnitTests\Daiv3.UnitTests.csproj::TargetFramework=net10.0]
C:\_prj\stevecisco\private\daiv3\tests\unit\Daiv3.UnitTests\WebFetch\WebFetchServiceExtensionsTests.cs(60,9): warning IDISP001: Dispose created (https://github.com/DotNetAnalyzers/IDisposableAnalyzers/blob/master/documentation/IDISP001.md) [C:\_prj\stevecisco\private\daiv3\tests\unit\Daiv3.UnitTests\Daiv3.UnitTests.csproj::TargetFramework=net10.0]
C:\_prj\stevecisco\private\daiv3\tests\unit\Daiv3.UnitTests\WebFetch\WebFetchServiceExtensionsTests.cs(44,9): warning IDISP001: Dispose created (https://github.com/DotNetAnalyzers/IDisposableAnalyzers/blob/master/documentation/IDISP001.md) [C:\_prj\stevecisco\private\daiv3\tests\unit\Daiv3.UnitTests\Daiv3.UnitTests.csproj::TargetFramework=net10.0]
C:\_prj\stevecisco\private\daiv3\tests\unit\Daiv3.UnitTests\WebFetch\WebFetchServiceExtensionsTests.cs(81,9): warning IDISP001: Dispose created (https://github.com/DotNetAnalyzers/IDisposableAnalyzers/blob/master/documentation/IDISP001.md) [C:\_prj\stevecisco\private\daiv3\tests\unit\Daiv3.UnitTests\Daiv3.UnitTests.csproj::TargetFramework=net10.0]
C:\_prj\stevecisco\private\daiv3\tests\unit\Daiv3.UnitTests\WebFetch\WebFetchServiceExtensionsTests.cs(111,9): warning IDISP001: Dispose created (https://github.com/DotNetAnalyzers/IDisposableAnalyzers/blob/master/documentation/IDISP001.md) [C:\_prj\stevecisco\private\daiv3\tests\unit\Daiv3.UnitTests\Daiv3.UnitTests.csproj::TargetFramework=net10.0]
C:\_prj\stevecisco\private\daiv3\tests\unit\Daiv3.UnitTests\Infrastructure\Shared\Hardware\HardwareDetectionProviderTests.cs(214,9): warning IDISP001: Dispose created (https://github.com/DotNetAnalyzers/IDisposableAnalyzers/blob/master/documentation/IDISP001.md) [C:\_prj\stevecisco\private\daiv3\tests\unit\Daiv3.UnitTests\Daiv3.UnitTests.csproj::TargetFramework=net10.0]
C:\_prj\stevecisco\private\daiv3\tests\unit\Daiv3.UnitTests\Infrastructure\Shared\Hardware\HardwareDetectionProviderTests.cs(229,9): warning IDISP001: Dispose created (https://github.com/DotNetAnalyzers/IDisposableAnalyzers/blob/master/documentation/IDISP001.md) [C:\_prj\stevecisco\private\daiv3\tests\unit\Daiv3.UnitTests\Daiv3.UnitTests.csproj::TargetFramework=net10.0]
C:\_prj\stevecisco\private\daiv3\tests\unit\Daiv3.UnitTests\WebFetch\HtmlParserTests.cs(179,9): warning xUnit2012: Do not use Assert.True() to check if a value exists in a collection. Use Assert.Contains instead. (https://xunit.net/xunit.analyzers/rules/xUnit2012) [C:\_prj\stevecisco\private\daiv3\tests\unit\Daiv3.UnitTests\Daiv3.UnitTests.csproj::TargetFramework=net10.0]
C:\_prj\stevecisco\private\daiv3\tests\unit\Daiv3.UnitTests\WebFetch\HtmlParserTests.cs(180,9): warning xUnit2012: Do not use Assert.True() to check if a value exists in a collection. Use Assert.Contains instead. (https://xunit.net/xunit.analyzers/rules/xUnit2012) [C:\_prj\stevecisco\private\daiv3\tests\unit\Daiv3.UnitTests\Daiv3.UnitTests.csproj::TargetFramework=net10.0]
C:\_prj\stevecisco\private\daiv3\tests\unit\Daiv3.UnitTests\Knowledge\Metrics\KnowledgeLayerTelemetryTests.cs(269,9): warning IDISP001: Dispose created (https://github.com/DotNetAnalyzers/IDisposableAnalyzers/blob/master/documentation/IDISP001.md) [C:\_prj\stevecisco\private\daiv3\tests\unit\Daiv3.UnitTests\Daiv3.UnitTests.csproj::TargetFramework=net10.0]
C:\_prj\stevecisco\private\daiv3\tests\unit\Daiv3.UnitTests\Scheduler\SchedulerServiceExtensionsTests.cs(20,9): warning IDISP001: Dispose created (https://github.com/DotNetAnalyzers/IDisposableAnalyzers/blob/master/documentation/IDISP001.md) [C:\_prj\stevecisco\private\daiv3\tests\unit\Daiv3.UnitTests\Daiv3.UnitTests.csproj::TargetFramework=net10.0]
C:\_prj\stevecisco\private\daiv3\tests\unit\Daiv3.UnitTests\Scheduler\SchedulerServiceExtensionsTests.cs(35,9): warning IDISP001: Dispose created (https://github.com/DotNetAnalyzers/IDisposableAnalyzers/blob/master/documentation/IDISP001.md) [C:\_prj\stevecisco\private\daiv3\tests\unit\Daiv3.UnitTests\Daiv3.UnitTests.csproj::TargetFramework=net10.0]
C:\_prj\stevecisco\private\daiv3\tests\unit\Daiv3.UnitTests\Scheduler\SchedulerServiceExtensionsTests.cs(58,9): warning IDISP001: Dispose created (https://github.com/DotNetAnalyzers/IDisposableAnalyzers/blob/master/documentation/IDISP001.md) [C:\_prj\stevecisco\private\daiv3\tests\unit\Daiv3.UnitTests\Daiv3.UnitTests.csproj::TargetFramework=net10.0]
C:\_prj\stevecisco\private\daiv3\tests\unit\Daiv3.UnitTests\Scheduler\SchedulerServiceExtensionsTests.cs(75,9): warning IDISP001: Dispose created (https://github.com/DotNetAnalyzers/IDisposableAnalyzers/blob/master/documentation/IDISP001.md) [C:\_prj\stevecisco\private\daiv3\tests\unit\Daiv3.UnitTests\Daiv3.UnitTests.csproj::TargetFramework=net10.0]
C:\_prj\stevecisco\private\daiv3\tests\unit\Daiv3.UnitTests\Scheduler\SchedulerServiceExtensionsTests.cs(96,9): warning IDISP001: Dispose created (https://github.com/DotNetAnalyzers/IDisposableAnalyzers/blob/master/documentation/IDISP001.md) [C:\_prj\stevecisco\private\daiv3\tests\unit\Daiv3.UnitTests\Daiv3.UnitTests.csproj::TargetFramework=net10.0]
C:\_prj\stevecisco\private\daiv3\tests\unit\Daiv3.UnitTests\ModelExecution\TaskTypeClassifierTests.cs(19,19): warning IDISP004: Don't ignore created IDisposable (https://github.com/DotNetAnalyzers/IDisposableAnalyzers/blob/master/documentation/IDISP004.md) [C:\_prj\stevecisco\private\daiv3\tests\unit\Daiv3.UnitTests\Daiv3.UnitTests.csproj::TargetFramework=net10.0]
C:\_prj\stevecisco\private\daiv3\tests\unit\Daiv3.UnitTests\Scheduler\SchedulerPerformanceTests.cs(37,9): warning IDISP001: Dispose created (https://github.com/DotNetAnalyzers/IDisposableAnalyzers/blob/master/documentation/IDISP001.md) [C:\_prj\stevecisco\private\daiv3\tests\unit\Daiv3.UnitTests\Daiv3.UnitTests.csproj::TargetFramework=net10.0]
C:\_prj\stevecisco\private\daiv3\tests\unit\Daiv3.UnitTests\Knowledge\Metrics\KnowledgeLayerTelemetryTests.cs(296,9): warning IDISP001: Dispose created (https://github.com/DotNetAnalyzers/IDisposableAnalyzers/blob/master/documentation/IDISP001.md) [C:\_prj\stevecisco\private\daiv3\tests\unit\Daiv3.UnitTests\Daiv3.UnitTests.csproj::TargetFramework=net10.0]
C:\_prj\stevecisco\private\daiv3\tests\unit\Daiv3.UnitTests\Scheduler\CronExpressionTests.cs(30,17): warning xUnit1012: Null should not be used for type parameter 'expression' of type 'string'. Use a non-null value, or convert the parameter to a nullable type. (https://xunit.net/xunit.analyzers/rules/xUnit1012) [C:\_prj\stevecisco\private\daiv3\tests\unit\Daiv3.UnitTests\Daiv3.UnitTests.csproj::TargetFramework=net10.0]
C:\_prj\stevecisco\private\daiv3\tests\unit\Daiv3.UnitTests\ModelExecution\PriorityAssignerTests.cs(19,19): warning IDISP004: Don't ignore created IDisposable (https://github.com/DotNetAnalyzers/IDisposableAnalyzers/blob/master/documentation/IDISP004.md) [C:\_prj\stevecisco\private\daiv3\tests\unit\Daiv3.UnitTests\Daiv3.UnitTests.csproj::TargetFramework=net10.0]
C:\_prj\stevecisco\private\daiv3\tests\unit\Daiv3.UnitTests\Knowledge\DocProc\FileSystemWatcherServiceTests.cs(442,9): warning IDISP016: Don't use disposed instance (https://github.com/DotNetAnalyzers/IDisposableAnalyzers/blob/master/documentation/IDISP016.md) [C:\_prj\stevecisco\private\daiv3\tests\unit\Daiv3.UnitTests\Daiv3.UnitTests.csproj::TargetFramework=net10.0]
C:\_prj\stevecisco\private\daiv3\tests\unit\Daiv3.UnitTests\Scheduler\SchedulerHostedServiceTests.cs(349,9): warning xUnit2002: Do not use Assert.NotNull() on value type 'DateTime'. Remove this assert. (https://xunit.net/xunit.analyzers/rules/xUnit2002) [C:\_prj\stevecisco\private\daiv3\tests\unit\Daiv3.UnitTests\Daiv3.UnitTests.csproj::TargetFramework=net10.0]
C:\_prj\stevecisco\private\daiv3\tests\unit\Daiv3.UnitTests\Scheduler\SchedulerConcurrencyTests.cs(91,9): warning IDISP001: Dispose created (https://github.com/DotNetAnalyzers/IDisposableAnalyzers/blob/master/documentation/IDISP001.md) [C:\_prj\stevecisco\private\daiv3\tests\unit\Daiv3.UnitTests\Daiv3.UnitTests.csproj::TargetFramework=net10.0]
C:\_prj\stevecisco\private\daiv3\tests\unit\Daiv3.UnitTests\Orchestration\ToolRoutingServiceTests.cs(32,22): warning IDISP004: Don't ignore created IDisposable (https://github.com/DotNetAnalyzers/IDisposableAnalyzers/blob/master/documentation/IDISP004.md) [C:\_prj\stevecisco\private\daiv3\tests\unit\Daiv3.UnitTests\Daiv3.UnitTests.csproj::TargetFramework=net10.0]
C:\_prj\stevecisco\private\daiv3\tests\unit\Daiv3.UnitTests\Scheduler\SchedulerConcurrencyTests.cs(33,9): warning IDISP003: Dispose previous before re-assigning (https://github.com/DotNetAnalyzers/IDisposableAnalyzers/blob/master/documentation/IDISP003.md) [C:\_prj\stevecisco\private\daiv3\tests\unit\Daiv3.UnitTests\Daiv3.UnitTests.csproj::TargetFramework=net10.0]
C:\_prj\stevecisco\private\daiv3\tests\unit\Daiv3.UnitTests\Knowledge\DocProc\FileSystemWatcherServiceTests.cs(429,9): warning IDISP016: Don't use disposed instance (https://github.com/DotNetAnalyzers/IDisposableAnalyzers/blob/master/documentation/IDISP016.md) [C:\_prj\stevecisco\private\daiv3\tests\unit\Daiv3.UnitTests\Daiv3.UnitTests.csproj::TargetFramework=net10.0]
C:\_prj\stevecisco\private\daiv3\tests\unit\Daiv3.UnitTests\ModelExecution\OnlineProviderRouterTests.cs(58,9): warning IDISP001: Dispose created (https://github.com/DotNetAnalyzers/IDisposableAnalyzers/blob/master/documentation/IDISP001.md) [C:\_prj\stevecisco\private\daiv3\tests\unit\Daiv3.UnitTests\Daiv3.UnitTests.csproj::TargetFramework=net10.0]
C:\_prj\stevecisco\private\daiv3\tests\unit\Daiv3.UnitTests\ModelExecution\OnlineProviderRouterTests.cs(80,9): warning IDISP001: Dispose created (https://github.com/DotNetAnalyzers/IDisposableAnalyzers/blob/master/documentation/IDISP001.md) [C:\_prj\stevecisco\private\daiv3\tests\unit\Daiv3.UnitTests\Daiv3.UnitTests.csproj::TargetFramework=net10.0]
C:\_prj\stevecisco\private\daiv3\tests\unit\Daiv3.UnitTests\ModelExecution\OnlineProviderRouterTests.cs(90,9): warning IDISP001: Dispose created (https://github.com/DotNetAnalyzers/IDisposableAnalyzers/blob/master/documentation/IDISP001.md) [C:\_prj\stevecisco\private\daiv3\tests\unit\Daiv3.UnitTests\Daiv3.UnitTests.csproj::TargetFramework=net10.0]
C:\_prj\stevecisco\private\daiv3\tests\unit\Daiv3.UnitTests\ModelExecution\OnlineProviderRouterTests.cs(105,9): warning IDISP001: Dispose created (https://github.com/DotNetAnalyzers/IDisposableAnalyzers/blob/master/documentation/IDISP001.md) [C:\_prj\stevecisco\private\daiv3\tests\unit\Daiv3.UnitTests\Daiv3.UnitTests.csproj::TargetFramework=net10.0]
C:\_prj\stevecisco\private\daiv3\tests\unit\Daiv3.UnitTests\ModelExecution\OnlineProviderRouterTests.cs(120,9): warning IDISP001: Dispose created (https://github.com/DotNetAnalyzers/IDisposableAnalyzers/blob/master/documentation/IDISP001.md) [C:\_prj\stevecisco\private\daiv3\tests\unit\Daiv3.UnitTests\Daiv3.UnitTests.csproj::TargetFramework=net10.0]
C:\_prj\stevecisco\private\daiv3\tests\unit\Daiv3.UnitTests\ModelExecution\OnlineProviderRouterTests.cs(130,9): warning IDISP001: Dispose created (https://github.com/DotNetAnalyzers/IDisposableAnalyzers/blob/master/documentation/IDISP001.md) [C:\_prj\stevecisco\private\daiv3\tests\unit\Daiv3.UnitTests\Daiv3.UnitTests.csproj::TargetFramework=net10.0]
C:\_prj\stevecisco\private\daiv3\tests\unit\Daiv3.UnitTests\Knowledge\Embedding\OnnxInferenceSessionProviderTests.cs(24,63): warning IDISP005: Return type should indicate that the value should be disposed (https://github.com/DotNetAnalyzers/IDisposableAnalyzers/blob/master/documentation/IDISP005.md) [C:\_prj\stevecisco\private\daiv3\tests\unit\Daiv3.UnitTests\Daiv3.UnitTests.csproj::TargetFramework=net10.0]
C:\_prj\stevecisco\private\daiv3\tests\unit\Daiv3.UnitTests\Knowledge\Embedding\EmbeddingTokenizerImplementationTests.cs(200,9): warning IDISP001: Dispose created (https://github.com/DotNetAnalyzers/IDisposableAnalyzers/blob/master/documentation/IDISP001.md) [C:\_prj\stevecisco\private\daiv3\tests\unit\Daiv3.UnitTests\Daiv3.UnitTests.csproj::TargetFramework=net10.0]
C:\_prj\stevecisco\private\daiv3\tests\unit\Daiv3.UnitTests\Knowledge\Embedding\EmbeddingTokenizerImplementationTests.cs(215,9): warning IDISP001: Dispose created (https://github.com/DotNetAnalyzers/IDisposableAnalyzers/blob/master/documentation/IDISP001.md) [C:\_prj\stevecisco\private\daiv3\tests\unit\Daiv3.UnitTests\Daiv3.UnitTests.csproj::TargetFramework=net10.0]
C:\_prj\stevecisco\private\daiv3\tests\unit\Daiv3.UnitTests\Knowledge\Embedding\OnnxSessionOptionsFactoryTests.cs(77,9): warning IDISP001: Dispose created (https://github.com/DotNetAnalyzers/IDisposableAnalyzers/blob/master/documentation/IDISP001.md) [C:\_prj\stevecisco\private\daiv3\tests\unit\Daiv3.UnitTests\Daiv3.UnitTests.csproj::TargetFramework=net10.0]
C:\_prj\stevecisco\private\daiv3\tests\unit\Daiv3.UnitTests\Knowledge\Embedding\OnnxSessionOptionsFactoryTests.cs(96,9): warning IDISP001: Dispose created (https://github.com/DotNetAnalyzers/IDisposableAnalyzers/blob/master/documentation/IDISP001.md) [C:\_prj\stevecisco\private\daiv3\tests\unit\Daiv3.UnitTests\Daiv3.UnitTests.csproj::TargetFramework=net10.0]
C:\_prj\stevecisco\private\daiv3\tests\unit\Daiv3.UnitTests\Knowledge\Embedding\OnnxSessionOptionsFactoryTests.cs(118,9): warning IDISP001: Dispose created (https://github.com/DotNetAnalyzers/IDisposableAnalyzers/blob/master/documentation/IDISP001.md) [C:\_prj\stevecisco\private\daiv3\tests\unit\Daiv3.UnitTests\Daiv3.UnitTests.csproj::TargetFramework=net10.0]
C:\_prj\stevecisco\private\daiv3\tests\unit\Daiv3.UnitTests\Knowledge\Embedding\OnnxSessionOptionsFactoryTests.cs(140,9): warning IDISP001: Dispose created (https://github.com/DotNetAnalyzers/IDisposableAnalyzers/blob/master/documentation/IDISP001.md) [C:\_prj\stevecisco\private\daiv3\tests\unit\Daiv3.UnitTests\Daiv3.UnitTests.csproj::TargetFramework=net10.0]
C:\_prj\stevecisco\private\daiv3\tests\unit\Daiv3.UnitTests\Knowledge\Embedding\OnnxSessionOptionsFactoryTests.cs(180,9): warning IDISP001: Dispose created (https://github.com/DotNetAnalyzers/IDisposableAnalyzers/blob/master/documentation/IDISP001.md) [C:\_prj\stevecisco\private\daiv3\tests\unit\Daiv3.UnitTests\Daiv3.UnitTests.csproj::TargetFramework=net10.0]
C:\_prj\stevecisco\private\daiv3\tests\unit\Daiv3.UnitTests\Knowledge\Embedding\OnnxSessionOptionsFactoryTests.cs(161,9): warning IDISP001: Dispose created (https://github.com/DotNetAnalyzers/IDisposableAnalyzers/blob/master/documentation/IDISP001.md) [C:\_prj\stevecisco\private\daiv3\tests\unit\Daiv3.UnitTests\Daiv3.UnitTests.csproj::TargetFramework=net10.0]
C:\_prj\stevecisco\private\daiv3\tests\unit\Daiv3.UnitTests\ModelExecution\OnlineProviderRouterTests.cs(145,9): warning IDISP001: Dispose created (https://github.com/DotNetAnalyzers/IDisposableAnalyzers/blob/master/documentation/IDISP001.md) [C:\_prj\stevecisco\private\daiv3\tests\unit\Daiv3.UnitTests\Daiv3.UnitTests.csproj::TargetFramework=net10.0]
C:\_prj\stevecisco\private\daiv3\tests\unit\Daiv3.UnitTests\ModelExecution\OnlineProviderRouterTests.cs(158,9): warning IDISP001: Dispose created (https://github.com/DotNetAnalyzers/IDisposableAnalyzers/blob/master/documentation/IDISP001.md) [C:\_prj\stevecisco\private\daiv3\tests\unit\Daiv3.UnitTests\Daiv3.UnitTests.csproj::TargetFramework=net10.0]
C:\_prj\stevecisco\private\daiv3\tests\unit\Daiv3.UnitTests\Knowledge\Embedding\OnnxSessionOptionsFactoryTests.cs(201,9): warning IDISP001: Dispose created (https://github.com/DotNetAnalyzers/IDisposableAnalyzers/blob/master/documentation/IDISP001.md) [C:\_prj\stevecisco\private\daiv3\tests\unit\Daiv3.UnitTests\Daiv3.UnitTests.csproj::TargetFramework=net10.0]
C:\_prj\stevecisco\private\daiv3\tests\unit\Daiv3.UnitTests\ModelExecution\OnlineProviderRouterTests.cs(171,9): warning IDISP001: Dispose created (https://github.com/DotNetAnalyzers/IDisposableAnalyzers/blob/master/documentation/IDISP001.md) [C:\_prj\stevecisco\private\daiv3\tests\unit\Daiv3.UnitTests\Daiv3.UnitTests.csproj::TargetFramework=net10.0]
C:\_prj\stevecisco\private\daiv3\tests\unit\Daiv3.UnitTests\Knowledge\Embedding\OnnxSessionOptionsFactoryTests.cs(223,9): warning IDISP001: Dispose created (https://github.com/DotNetAnalyzers/IDisposableAnalyzers/blob/master/documentation/IDISP001.md) [C:\_prj\stevecisco\private\daiv3\tests\unit\Daiv3.UnitTests\Daiv3.UnitTests.csproj::TargetFramework=net10.0]
C:\_prj\stevecisco\private\daiv3\tests\unit\Daiv3.UnitTests\Knowledge\Embedding\OnnxSessionOptionsFactoryTests.cs(244,9): warning IDISP001: Dispose created (https://github.com/DotNetAnalyzers/IDisposableAnalyzers/blob/master/documentation/IDISP001.md) [C:\_prj\stevecisco\private\daiv3\tests\unit\Daiv3.UnitTests\Daiv3.UnitTests.csproj::TargetFramework=net10.0]
C:\_prj\stevecisco\private\daiv3\tests\unit\Daiv3.UnitTests\ModelExecution\OnlineProviderRouterTests.cs(199,9): warning IDISP001: Dispose created (https://github.com/DotNetAnalyzers/IDisposableAnalyzers/blob/master/documentation/IDISP001.md) [C:\_prj\stevecisco\private\daiv3\tests\unit\Daiv3.UnitTests\Daiv3.UnitTests.csproj::TargetFramework=net10.0]
C:\_prj\stevecisco\private\daiv3\tests\unit\Daiv3.UnitTests\ModelExecution\OnlineProviderRouterTests.cs(228,9): warning IDISP001: Dispose created (https://github.com/DotNetAnalyzers/IDisposableAnalyzers/blob/master/documentation/IDISP001.md) [C:\_prj\stevecisco\private\daiv3\tests\unit\Daiv3.UnitTests\Daiv3.UnitTests.csproj::TargetFramework=net10.0]
C:\_prj\stevecisco\private\daiv3\tests\unit\Daiv3.UnitTests\Knowledge\Embedding\OnnxSessionOptionsFactoryTests.cs(298,9): warning IDISP001: Dispose created (https://github.com/DotNetAnalyzers/IDisposableAnalyzers/blob/master/documentation/IDISP001.md) [C:\_prj\stevecisco\private\daiv3\tests\unit\Daiv3.UnitTests\Daiv3.UnitTests.csproj::TargetFramework=net10.0]
C:\_prj\stevecisco\private\daiv3\tests\unit\Daiv3.UnitTests\Knowledge\Embedding\OnnxSessionOptionsFactoryTests.cs(322,9): warning IDISP001: Dispose created (https://github.com/DotNetAnalyzers/IDisposableAnalyzers/blob/master/documentation/IDISP001.md) [C:\_prj\stevecisco\private\daiv3\tests\unit\Daiv3.UnitTests\Daiv3.UnitTests.csproj::TargetFramework=net10.0]
C:\_prj\stevecisco\private\daiv3\tests\unit\Daiv3.UnitTests\ModelExecution\OnlineProviderRouterTests.cs(257,9): warning IDISP001: Dispose created (https://github.com/DotNetAnalyzers/IDisposableAnalyzers/blob/master/documentation/IDISP001.md) [C:\_prj\stevecisco\private\daiv3\tests\unit\Daiv3.UnitTests\Daiv3.UnitTests.csproj::TargetFramework=net10.0]
C:\_prj\stevecisco\private\daiv3\tests\unit\Daiv3.UnitTests\ModelExecution\OnlineProviderRouterTests.cs(286,9): warning IDISP001: Dispose created (https://github.com/DotNetAnalyzers/IDisposableAnalyzers/blob/master/documentation/IDISP001.md) [C:\_prj\stevecisco\private\daiv3\tests\unit\Daiv3.UnitTests\Daiv3.UnitTests.csproj::TargetFramework=net10.0]
C:\_prj\stevecisco\private\daiv3\tests\unit\Daiv3.UnitTests\Knowledge\Embedding\OnnxSessionOptionsFactoryTests.cs(343,9): warning IDISP001: Dispose created (https://github.com/DotNetAnalyzers/IDisposableAnalyzers/blob/master/documentation/IDISP001.md) [C:\_prj\stevecisco\private\daiv3\tests\unit\Daiv3.UnitTests\Daiv3.UnitTests.csproj::TargetFramework=net10.0]
C:\_prj\stevecisco\private\daiv3\tests\unit\Daiv3.UnitTests\ModelExecution\OnlineProviderRouterTests.cs(301,9): warning IDISP001: Dispose created (https://github.com/DotNetAnalyzers/IDisposableAnalyzers/blob/master/documentation/IDISP001.md) [C:\_prj\stevecisco\private\daiv3\tests\unit\Daiv3.UnitTests\Daiv3.UnitTests.csproj::TargetFramework=net10.0]
C:\_prj\stevecisco\private\daiv3\tests\unit\Daiv3.UnitTests\ModelExecution\OnlineProviderRouterTests.cs(320,9): warning IDISP001: Dispose created (https://github.com/DotNetAnalyzers/IDisposableAnalyzers/blob/master/documentation/IDISP001.md) [C:\_prj\stevecisco\private\daiv3\tests\unit\Daiv3.UnitTests\Daiv3.UnitTests.csproj::TargetFramework=net10.0]
C:\_prj\stevecisco\private\daiv3\tests\unit\Daiv3.UnitTests\ModelExecution\OnlineProviderRouterTests.cs(339,9): warning IDISP001: Dispose created (https://github.com/DotNetAnalyzers/IDisposableAnalyzers/blob/master/documentation/IDISP001.md) [C:\_prj\stevecisco\private\daiv3\tests\unit\Daiv3.UnitTests\Daiv3.UnitTests.csproj::TargetFramework=net10.0]
C:\_prj\stevecisco\private\daiv3\tests\unit\Daiv3.UnitTests\ModelExecution\OnlineProviderRouterTests.cs(359,9): warning IDISP001: Dispose created (https://github.com/DotNetAnalyzers/IDisposableAnalyzers/blob/master/documentation/IDISP001.md) [C:\_prj\stevecisco\private\daiv3\tests\unit\Daiv3.UnitTests\Daiv3.UnitTests.csproj::TargetFramework=net10.0]
C:\_prj\stevecisco\private\daiv3\tests\unit\Daiv3.UnitTests\Persistence\DatabaseContextTests.cs(110,9): warning IDISP016: Don't use disposed instance (https://github.com/DotNetAnalyzers/IDisposableAnalyzers/blob/master/documentation/IDISP016.md) [C:\_prj\stevecisco\private\daiv3\tests\unit\Daiv3.UnitTests\Daiv3.UnitTests.csproj::TargetFramework=net10.0]
C:\_prj\stevecisco\private\daiv3\tests\unit\Daiv3.UnitTests\ModelExecution\OnlineProviderRouterTests.cs(369,9): warning IDISP001: Dispose created (https://github.com/DotNetAnalyzers/IDisposableAnalyzers/blob/master/documentation/IDISP001.md) [C:\_prj\stevecisco\private\daiv3\tests\unit\Daiv3.UnitTests\Daiv3.UnitTests.csproj::TargetFramework=net10.0]
C:\_prj\stevecisco\private\daiv3\tests\unit\Daiv3.UnitTests\ModelExecution\OnlineProviderRouterSmartRoutingTests.cs(74,9): warning IDISP001: Dispose created (https://github.com/DotNetAnalyzers/IDisposableAnalyzers/blob/master/documentation/IDISP001.md) [C:\_prj\stevecisco\private\daiv3\tests\unit\Daiv3.UnitTests\Daiv3.UnitTests.csproj::TargetFramework=net10.0]
C:\_prj\stevecisco\private\daiv3\tests\unit\Daiv3.UnitTests\ModelExecution\OnlineProviderRouterSmartRoutingTests.cs(127,9): warning IDISP001: Dispose created (https://github.com/DotNetAnalyzers/IDisposableAnalyzers/blob/master/documentation/IDISP001.md) [C:\_prj\stevecisco\private\daiv3\tests\unit\Daiv3.UnitTests\Daiv3.UnitTests.csproj::TargetFramework=net10.0]
C:\_prj\stevecisco\private\daiv3\tests\unit\Daiv3.UnitTests\ModelExecution\OnlineProviderRouterSmartRoutingTests.cs(106,9): warning IDISP001: Dispose created (https://github.com/DotNetAnalyzers/IDisposableAnalyzers/blob/master/documentation/IDISP001.md) [C:\_prj\stevecisco\private\daiv3\tests\unit\Daiv3.UnitTests\Daiv3.UnitTests.csproj::TargetFramework=net10.0]
C:\_prj\stevecisco\private\daiv3\tests\unit\Daiv3.UnitTests\ModelExecution\OnlineProviderRouterSmartRoutingTests.cs(143,9): warning IDISP001: Dispose created (https://github.com/DotNetAnalyzers/IDisposableAnalyzers/blob/master/documentation/IDISP001.md) [C:\_prj\stevecisco\private\daiv3\tests\unit\Daiv3.UnitTests\Daiv3.UnitTests.csproj::TargetFramework=net10.0]
C:\_prj\stevecisco\private\daiv3\tests\unit\Daiv3.UnitTests\ModelExecution\OnlineProviderRouterSmartRoutingTests.cs(180,9): warning IDISP001: Dispose created (https://github.com/DotNetAnalyzers/IDisposableAnalyzers/blob/master/documentation/IDISP001.md) [C:\_prj\stevecisco\private\daiv3\tests\unit\Daiv3.UnitTests\Daiv3.UnitTests.csproj::TargetFramework=net10.0]
C:\_prj\stevecisco\private\daiv3\tests\unit\Daiv3.UnitTests\ModelExecution\OnlineProviderRouterSmartRoutingTests.cs(193,9): warning IDISP001: Dispose created (https://github.com/DotNetAnalyzers/IDisposableAnalyzers/blob/master/documentation/IDISP001.md) [C:\_prj\stevecisco\private\daiv3\tests\unit\Daiv3.UnitTests\Daiv3.UnitTests.csproj::TargetFramework=net10.0]
C:\_prj\stevecisco\private\daiv3\tests\unit\Daiv3.UnitTests\ModelExecution\OnlineProviderRouterSmartRoutingTests.cs(164,9): warning IDISP001: Dispose created (https://github.com/DotNetAnalyzers/IDisposableAnalyzers/blob/master/documentation/IDISP001.md) [C:\_prj\stevecisco\private\daiv3\tests\unit\Daiv3.UnitTests\Daiv3.UnitTests.csproj::TargetFramework=net10.0]
C:\_prj\stevecisco\private\daiv3\tests\unit\Daiv3.UnitTests\ModelExecution\OnlineProviderRouterSmartRoutingTests.cs(206,9): warning IDISP001: Dispose created (https://github.com/DotNetAnalyzers/IDisposableAnalyzers/blob/master/documentation/IDISP001.md) [C:\_prj\stevecisco\private\daiv3\tests\unit\Daiv3.UnitTests\Daiv3.UnitTests.csproj::TargetFramework=net10.0]
C:\_prj\stevecisco\private\daiv3\tests\unit\Daiv3.UnitTests\ModelExecution\OnlineProviderRouterSmartRoutingTests.cs(228,9): warning IDISP017: Prefer using (https://github.com/DotNetAnalyzers/IDisposableAnalyzers/blob/master/documentation/IDISP017.md) [C:\_prj\stevecisco\private\daiv3\tests\unit\Daiv3.UnitTests\Daiv3.UnitTests.csproj::TargetFramework=net10.0]
C:\_prj\stevecisco\private\daiv3\tests\unit\Daiv3.UnitTests\Knowledge\Embedding\OnnxSessionOptionsFactoryTests.cs(278,9): warning IDISP004: Don't ignore created IDisposable (https://github.com/DotNetAnalyzers/IDisposableAnalyzers/blob/master/documentation/IDISP004.md) [C:\_prj\stevecisco\private\daiv3\tests\unit\Daiv3.UnitTests\Daiv3.UnitTests.csproj::TargetFramework=net10.0]
C:\_prj\stevecisco\private\daiv3\tests\unit\Daiv3.UnitTests\Knowledge\Embedding\OnnxSessionOptionsFactoryTests.cs(279,9): warning IDISP004: Don't ignore created IDisposable (https://github.com/DotNetAnalyzers/IDisposableAnalyzers/blob/master/documentation/IDISP004.md) [C:\_prj\stevecisco\private\daiv3\tests\unit\Daiv3.UnitTests\Daiv3.UnitTests.csproj::TargetFramework=net10.0]
C:\_prj\stevecisco\private\daiv3\tests\unit\Daiv3.UnitTests\ModelExecution\OnlineProviderRouterSmartRoutingTests.cs(331,9): warning IDISP001: Dispose created (https://github.com/DotNetAnalyzers/IDisposableAnalyzers/blob/master/documentation/IDISP001.md) [C:\_prj\stevecisco\private\daiv3\tests\unit\Daiv3.UnitTests\Daiv3.UnitTests.csproj::TargetFramework=net10.0]
C:\_prj\stevecisco\private\daiv3\tests\unit\Daiv3.UnitTests\ModelExecution\OnlineProviderRouterSmartRoutingTests.cs(281,9): warning IDISP001: Dispose created (https://github.com/DotNetAnalyzers/IDisposableAnalyzers/blob/master/documentation/IDISP001.md) [C:\_prj\stevecisco\private\daiv3\tests\unit\Daiv3.UnitTests\Daiv3.UnitTests.csproj::TargetFramework=net10.0]
C:\_prj\stevecisco\private\daiv3\tests\unit\Daiv3.UnitTests\Orchestration\AgentManagerTests.cs(44,9): warning IDISP001: Dispose created (https://github.com/DotNetAnalyzers/IDisposableAnalyzers/blob/master/documentation/IDISP001.md) [C:\_prj\stevecisco\private\daiv3\tests\unit\Daiv3.UnitTests\Daiv3.UnitTests.csproj::TargetFramework=net10.0]
C:\_prj\stevecisco\private\daiv3\tests\unit\Daiv3.UnitTests\ModelExecution\OnlineProviderRouterRateLimitingTests.cs(26,9): warning IDISP001: Dispose created (https://github.com/DotNetAnalyzers/IDisposableAnalyzers/blob/master/documentation/IDISP001.md) [C:\_prj\stevecisco\private\daiv3\tests\unit\Daiv3.UnitTests\Daiv3.UnitTests.csproj::TargetFramework=net10.0]
C:\_prj\stevecisco\private\daiv3\tests\unit\Daiv3.UnitTests\ModelExecution\OnlineProviderRouterRateLimitingTests.cs(62,9): warning IDISP001: Dispose created (https://github.com/DotNetAnalyzers/IDisposableAnalyzers/blob/master/documentation/IDISP001.md) [C:\_prj\stevecisco\private\daiv3\tests\unit\Daiv3.UnitTests\Daiv3.UnitTests.csproj::TargetFramework=net10.0]
C:\_prj\stevecisco\private\daiv3\tests\unit\Daiv3.UnitTests\Orchestration\AgentMcpToolSelectionTests.cs(45,9): warning IDISP001: Dispose created (https://github.com/DotNetAnalyzers/IDisposableAnalyzers/blob/master/documentation/IDISP001.md) [C:\_prj\stevecisco\private\daiv3\tests\unit\Daiv3.UnitTests\Daiv3.UnitTests.csproj::TargetFramework=net10.0]
C:\_prj\stevecisco\private\daiv3\tests\unit\Daiv3.UnitTests\Orchestration\AgentToolInvocationTests.cs(48,9): warning IDISP001: Dispose created (https://github.com/DotNetAnalyzers/IDisposableAnalyzers/blob/master/documentation/IDISP001.md) [C:\_prj\stevecisco\private\daiv3\tests\unit\Daiv3.UnitTests\Daiv3.UnitTests.csproj::TargetFramework=net10.0]
C:\_prj\stevecisco\private\daiv3\tests\unit\Daiv3.UnitTests\ModelExecution\OnlineProviderRouterRateLimitingTests.cs(98,9): warning IDISP001: Dispose created (https://github.com/DotNetAnalyzers/IDisposableAnalyzers/blob/master/documentation/IDISP001.md) [C:\_prj\stevecisco\private\daiv3\tests\unit\Daiv3.UnitTests\Daiv3.UnitTests.csproj::TargetFramework=net10.0]
C:\_prj\stevecisco\private\daiv3\tests\unit\Daiv3.UnitTests\ModelExecution\OnlineProviderRouterParallelExecutionTests.cs(26,9): warning IDISP001: Dispose created (https://github.com/DotNetAnalyzers/IDisposableAnalyzers/blob/master/documentation/IDISP001.md) [C:\_prj\stevecisco\private\daiv3\tests\unit\Daiv3.UnitTests\Daiv3.UnitTests.csproj::TargetFramework=net10.0]
C:\_prj\stevecisco\private\daiv3\tests\unit\Daiv3.UnitTests\ModelExecution\OnlineProviderRouterParallelExecutionTests.cs(35,9): warning IDISP001: Dispose created (https://github.com/DotNetAnalyzers/IDisposableAnalyzers/blob/master/documentation/IDISP001.md) [C:\_prj\stevecisco\private\daiv3\tests\unit\Daiv3.UnitTests\Daiv3.UnitTests.csproj::TargetFramework=net10.0]
C:\_prj\stevecisco\private\daiv3\tests\unit\Daiv3.UnitTests\Persistence\PromotionReversibilityTests.cs(40,9): warning IDISP003: Dispose previous before re-assigning (https://github.com/DotNetAnalyzers/IDisposableAnalyzers/blob/master/documentation/IDISP003.md) [C:\_prj\stevecisco\private\daiv3\tests\unit\Daiv3.UnitTests\Daiv3.UnitTests.csproj::TargetFramework=net10.0]
C:\_prj\stevecisco\private\daiv3\tests\unit\Daiv3.UnitTests\ModelExecution\OnlineProviderRouterParallelExecutionTests.cs(45,9): warning IDISP001: Dispose created (https://github.com/DotNetAnalyzers/IDisposableAnalyzers/blob/master/documentation/IDISP001.md) [C:\_prj\stevecisco\private\daiv3\tests\unit\Daiv3.UnitTests\Daiv3.UnitTests.csproj::TargetFramework=net10.0]
C:\_prj\stevecisco\private\daiv3\tests\unit\Daiv3.UnitTests\ModelExecution\OnlineProviderRouterParallelExecutionTests.cs(77,9): warning IDISP001: Dispose created (https://github.com/DotNetAnalyzers/IDisposableAnalyzers/blob/master/documentation/IDISP001.md) [C:\_prj\stevecisco\private\daiv3\tests\unit\Daiv3.UnitTests\Daiv3.UnitTests.csproj::TargetFramework=net10.0]
C:\_prj\stevecisco\private\daiv3\tests\unit\Daiv3.UnitTests\ModelExecution\OnlineProviderRouterOfflineQueueingTests.cs(52,9): warning IDISP001: Dispose created (https://github.com/DotNetAnalyzers/IDisposableAnalyzers/blob/master/documentation/IDISP001.md) [C:\_prj\stevecisco\private\daiv3\tests\unit\Daiv3.UnitTests\Daiv3.UnitTests.csproj::TargetFramework=net10.0]
C:\_prj\stevecisco\private\daiv3\tests\unit\Daiv3.UnitTests\Orchestration\AgentExecutionMetricsCollectorTests.cs(340,14): warning xUnit1031: Test methods should not use blocking task operations, as they can cause deadlocks. Use an async test method and await instead. (https://xunit.net/xunit.analyzers/rules/xUnit1031) [C:\_prj\stevecisco\private\daiv3\tests\unit\Daiv3.UnitTests\Daiv3.UnitTests.csproj::TargetFramework=net10.0]
C:\_prj\stevecisco\private\daiv3\tests\unit\Daiv3.UnitTests\Scheduler\SchedulerHostedServiceTests.cs(37,9): warning IDISP003: Dispose previous before re-assigning (https://github.com/DotNetAnalyzers/IDisposableAnalyzers/blob/master/documentation/IDISP003.md) [C:\_prj\stevecisco\private\daiv3\tests\unit\Daiv3.UnitTests\Daiv3.UnitTests.csproj::TargetFramework=net10.0]
C:\_prj\stevecisco\private\daiv3\tests\unit\Daiv3.UnitTests\Orchestration\AgentManagerTests.cs(299,9): warning IDISP001: Dispose created (https://github.com/DotNetAnalyzers/IDisposableAnalyzers/blob/master/documentation/IDISP001.md) [C:\_prj\stevecisco\private\daiv3\tests\unit\Daiv3.UnitTests\Daiv3.UnitTests.csproj::TargetFramework=net10.0]
C:\_prj\stevecisco\private\daiv3\tests\unit\Daiv3.UnitTests\Orchestration\AgentManagerTests.cs(278,9): warning IDISP001: Dispose created (https://github.com/DotNetAnalyzers/IDisposableAnalyzers/blob/master/documentation/IDISP001.md) [C:\_prj\stevecisco\private\daiv3\tests\unit\Daiv3.UnitTests\Daiv3.UnitTests.csproj::TargetFramework=net10.0]
C:\_prj\stevecisco\private\daiv3\tests\unit\Daiv3.UnitTests\ModelExecution\OnlineProviderRouterOfflineQueueingTests.cs(91,9): warning IDISP001: Dispose created (https://github.com/DotNetAnalyzers/IDisposableAnalyzers/blob/master/documentation/IDISP001.md) [C:\_prj\stevecisco\private\daiv3\tests\unit\Daiv3.UnitTests\Daiv3.UnitTests.csproj::TargetFramework=net10.0]
C:\_prj\stevecisco\private\daiv3\tests\unit\Daiv3.UnitTests\ModelExecution\OnlineProviderRouterOfflineQueueingTests.cs(126,9): warning IDISP001: Dispose created (https://github.com/DotNetAnalyzers/IDisposableAnalyzers/blob/master/documentation/IDISP001.md) [C:\_prj\stevecisco\private\daiv3\tests\unit\Daiv3.UnitTests\Daiv3.UnitTests.csproj::TargetFramework=net10.0]
C:\_prj\stevecisco\private\daiv3\tests\unit\Daiv3.UnitTests\ModelExecution\OnlineProviderRouterOfflineQueueingTests.cs(154,9): warning IDISP001: Dispose created (https://github.com/DotNetAnalyzers/IDisposableAnalyzers/blob/master/documentation/IDISP001.md) [C:\_prj\stevecisco\private\daiv3\tests\unit\Daiv3.UnitTests\Daiv3.UnitTests.csproj::TargetFramework=net10.0]
C:\_prj\stevecisco\private\daiv3\tests\unit\Daiv3.UnitTests\Orchestration\AgentManagerTests.cs(521,9): warning IDISP001: Dispose created (https://github.com/DotNetAnalyzers/IDisposableAnalyzers/blob/master/documentation/IDISP001.md) [C:\_prj\stevecisco\private\daiv3\tests\unit\Daiv3.UnitTests\Daiv3.UnitTests.csproj::TargetFramework=net10.0]
C:\_prj\stevecisco\private\daiv3\tests\unit\Daiv3.UnitTests\ModelExecution\LocalModelIntentClassifierTests.cs(156,9): warning xUnit2002: Do not use Assert.NotNull() on value type 'TaskType'. Remove this assert. (https://xunit.net/xunit.analyzers/rules/xUnit2002) [C:\_prj\stevecisco\private\daiv3\tests\unit\Daiv3.UnitTests\Daiv3.UnitTests.csproj::TargetFramework=net10.0]
C:\_prj\stevecisco\private\daiv3\tests\unit\Daiv3.UnitTests\ModelExecution\OnlineProviderRouterOfflineQueueingTests.cs(181,9): warning IDISP001: Dispose created (https://github.com/DotNetAnalyzers/IDisposableAnalyzers/blob/master/documentation/IDISP001.md) [C:\_prj\stevecisco\private\daiv3\tests\unit\Daiv3.UnitTests\Daiv3.UnitTests.csproj::TargetFramework=net10.0]
C:\_prj\stevecisco\private\daiv3\tests\unit\Daiv3.UnitTests\Orchestration\TaskOrchestratorTests.cs(157,9): warning IDISP001: Dispose created (https://github.com/DotNetAnalyzers/IDisposableAnalyzers/blob/master/documentation/IDISP001.md) [C:\_prj\stevecisco\private\daiv3\tests\unit\Daiv3.UnitTests\Daiv3.UnitTests.csproj::TargetFramework=net10.0]
C:\_prj\stevecisco\private\daiv3\tests\unit\Daiv3.UnitTests\Orchestration\McpToolInvocationTests.cs(36,9): warning IDISP001: Dispose created (https://github.com/DotNetAnalyzers/IDisposableAnalyzers/blob/master/documentation/IDISP001.md) [C:\_prj\stevecisco\private\daiv3\tests\unit\Daiv3.UnitTests\Daiv3.UnitTests.csproj::TargetFramework=net10.0]
C:\_prj\stevecisco\private\daiv3\tests\unit\Daiv3.UnitTests\ModelExecution\OnlineProviderRouterOfflineQueueingTests.cs(222,9): warning IDISP001: Dispose created (https://github.com/DotNetAnalyzers/IDisposableAnalyzers/blob/master/documentation/IDISP001.md) [C:\_prj\stevecisco\private\daiv3\tests\unit\Daiv3.UnitTests\Daiv3.UnitTests.csproj::TargetFramework=net10.0]
C:\_prj\stevecisco\private\daiv3\tests\unit\Daiv3.UnitTests\ModelExecution\OnlineProviderRouterOfflineQueueingTests.cs(258,9): warning IDISP001: Dispose created (https://github.com/DotNetAnalyzers/IDisposableAnalyzers/blob/master/documentation/IDISP001.md) [C:\_prj\stevecisco\private\daiv3\tests\unit\Daiv3.UnitTests\Daiv3.UnitTests.csproj::TargetFramework=net10.0]
C:\_prj\stevecisco\private\daiv3\tests\unit\Daiv3.UnitTests\Orchestration\SkillConfigurationTests.cs(19,9): warning IDISP001: Dispose created (https://github.com/DotNetAnalyzers/IDisposableAnalyzers/blob/master/documentation/IDISP001.md) [C:\_prj\stevecisco\private\daiv3\tests\unit\Daiv3.UnitTests\Daiv3.UnitTests.csproj::TargetFramework=net10.0]
C:\_prj\stevecisco\private\daiv3\tests\unit\Daiv3.UnitTests\Orchestration\SkillConfigurationTests.cs(69,9): warning IDISP001: Dispose created (https://github.com/DotNetAnalyzers/IDisposableAnalyzers/blob/master/documentation/IDISP001.md) [C:\_prj\stevecisco\private\daiv3\tests\unit\Daiv3.UnitTests\Daiv3.UnitTests.csproj::TargetFramework=net10.0]
C:\_prj\stevecisco\private\daiv3\tests\unit\Daiv3.UnitTests\Orchestration\SkillConfigurationTests.cs(44,9): warning IDISP001: Dispose created (https://github.com/DotNetAnalyzers/IDisposableAnalyzers/blob/master/documentation/IDISP001.md) [C:\_prj\stevecisco\private\daiv3\tests\unit\Daiv3.UnitTests\Daiv3.UnitTests.csproj::TargetFramework=net10.0]
C:\_prj\stevecisco\private\daiv3\tests\unit\Daiv3.UnitTests\Orchestration\SkillConfigurationTests.cs(93,9): warning IDISP001: Dispose created (https://github.com/DotNetAnalyzers/IDisposableAnalyzers/blob/master/documentation/IDISP001.md) [C:\_prj\stevecisco\private\daiv3\tests\unit\Daiv3.UnitTests\Daiv3.UnitTests.csproj::TargetFramework=net10.0]
C:\_prj\stevecisco\private\daiv3\tests\unit\Daiv3.UnitTests\Orchestration\McpToolInvocationTests.cs(457,9): warning IDISP001: Dispose created (https://github.com/DotNetAnalyzers/IDisposableAnalyzers/blob/master/documentation/IDISP001.md) [C:\_prj\stevecisco\private\daiv3\tests\unit\Daiv3.UnitTests\Daiv3.UnitTests.csproj::TargetFramework=net10.0]
C:\_prj\stevecisco\private\daiv3\tests\unit\Daiv3.UnitTests\Orchestration\SkillExecutorTests.cs(270,9): warning IDISP001: Dispose created (https://github.com/DotNetAnalyzers/IDisposableAnalyzers/blob/master/documentation/IDISP001.md) [C:\_prj\stevecisco\private\daiv3\tests\unit\Daiv3.UnitTests\Daiv3.UnitTests.csproj::TargetFramework=net10.0]
C:\_prj\stevecisco\private\daiv3\tests\unit\Daiv3.UnitTests\Orchestration\SkillSourceAndConfigurationTests.cs(22,9): warning IDISP001: Dispose created (https://github.com/DotNetAnalyzers/IDisposableAnalyzers/blob/master/documentation/IDISP001.md) [C:\_prj\stevecisco\private\daiv3\tests\unit\Daiv3.UnitTests\Daiv3.UnitTests.csproj::TargetFramework=net10.0]
C:\_prj\stevecisco\private\daiv3\tests\unit\Daiv3.UnitTests\Orchestration\SkillSourceAndConfigurationTests.cs(61,9): warning IDISP001: Dispose created (https://github.com/DotNetAnalyzers/IDisposableAnalyzers/blob/master/documentation/IDISP001.md) [C:\_prj\stevecisco\private\daiv3\tests\unit\Daiv3.UnitTests\Daiv3.UnitTests.csproj::TargetFramework=net10.0]
C:\_prj\stevecisco\private\daiv3\tests\unit\Daiv3.UnitTests\Orchestration\SkillSourceAndConfigurationTests.cs(81,9): warning IDISP001: Dispose created (https://github.com/DotNetAnalyzers/IDisposableAnalyzers/blob/master/documentation/IDISP001.md) [C:\_prj\stevecisco\private\daiv3\tests\unit\Daiv3.UnitTests\Daiv3.UnitTests.csproj::TargetFramework=net10.0]
C:\_prj\stevecisco\private\daiv3\tests\unit\Daiv3.UnitTests\Orchestration\SkillSourceAndConfigurationTests.cs(101,9): warning IDISP001: Dispose created (https://github.com/DotNetAnalyzers/IDisposableAnalyzers/blob/master/documentation/IDISP001.md) [C:\_prj\stevecisco\private\daiv3\tests\unit\Daiv3.UnitTests\Daiv3.UnitTests.csproj::TargetFramework=net10.0]
C:\_prj\stevecisco\private\daiv3\tests\unit\Daiv3.UnitTests\ModelExecution\OnlineProviderRouterContextMinimizationTests.cs(62,9): warning IDISP003: Dispose previous before re-assigning (https://github.com/DotNetAnalyzers/IDisposableAnalyzers/blob/master/documentation/IDISP003.md) [C:\_prj\stevecisco\private\daiv3\tests\unit\Daiv3.UnitTests\Daiv3.UnitTests.csproj::TargetFramework=net10.0]
C:\_prj\stevecisco\private\daiv3\tests\unit\Daiv3.UnitTests\Orchestration\SkillSourceAndConfigurationTests.cs(127,9): warning IDISP001: Dispose created (https://github.com/DotNetAnalyzers/IDisposableAnalyzers/blob/master/documentation/IDISP001.md) [C:\_prj\stevecisco\private\daiv3\tests\unit\Daiv3.UnitTests\Daiv3.UnitTests.csproj::TargetFramework=net10.0]
C:\_prj\stevecisco\private\daiv3\tests\unit\Daiv3.UnitTests\Orchestration\SkillSourceAndConfigurationTests.cs(146,9): warning IDISP001: Dispose created (https://github.com/DotNetAnalyzers/IDisposableAnalyzers/blob/master/documentation/IDISP001.md) [C:\_prj\stevecisco\private\daiv3\tests\unit\Daiv3.UnitTests\Daiv3.UnitTests.csproj::TargetFramework=net10.0]
C:\_prj\stevecisco\private\daiv3\tests\unit\Daiv3.UnitTests\ModelExecution\OnlineProviderRouterContextMinimizationTests.cs(38,9): warning IDISP003: Dispose previous before re-assigning (https://github.com/DotNetAnalyzers/IDisposableAnalyzers/blob/master/documentation/IDISP003.md) [C:\_prj\stevecisco\private\daiv3\tests\unit\Daiv3.UnitTests\Daiv3.UnitTests.csproj::TargetFramework=net10.0]
C:\_prj\stevecisco\private\daiv3\tests\unit\Daiv3.UnitTests\Orchestration\SkillSourceAndConfigurationTests.cs(41,9): warning IDISP001: Dispose created (https://github.com/DotNetAnalyzers/IDisposableAnalyzers/blob/master/documentation/IDISP001.md) [C:\_prj\stevecisco\private\daiv3\tests\unit\Daiv3.UnitTests\Daiv3.UnitTests.csproj::TargetFramework=net10.0]
C:\_prj\stevecisco\private\daiv3\tests\unit\Daiv3.UnitTests\ModelExecution\ModelSelectorTests.cs(19,19): warning IDISP004: Don't ignore created IDisposable (https://github.com/DotNetAnalyzers/IDisposableAnalyzers/blob/master/documentation/IDISP004.md) [C:\_prj\stevecisco\private\daiv3\tests\unit\Daiv3.UnitTests\Daiv3.UnitTests.csproj::TargetFramework=net10.0]
C:\_prj\stevecisco\private\daiv3\tests\unit\Daiv3.UnitTests\ModelExecution\OnlineProviderRouterContextMinimizationTests.cs(182,9): warning IDISP003: Dispose previous before re-assigning (https://github.com/DotNetAnalyzers/IDisposableAnalyzers/blob/master/documentation/IDISP003.md) [C:\_prj\stevecisco\private\daiv3\tests\unit\Daiv3.UnitTests\Daiv3.UnitTests.csproj::TargetFramework=net10.0]
C:\_prj\stevecisco\private\daiv3\tests\unit\Daiv3.UnitTests\ModelExecution\OnlineProviderRouterContextMinimizationTests.cs(122,9): warning IDISP003: Dispose previous before re-assigning (https://github.com/DotNetAnalyzers/IDisposableAnalyzers/blob/master/documentation/IDISP003.md) [C:\_prj\stevecisco\private\daiv3\tests\unit\Daiv3.UnitTests\Daiv3.UnitTests.csproj::TargetFramework=net10.0]
C:\_prj\stevecisco\private\daiv3\tests\unit\Daiv3.UnitTests\ModelExecution\OnlineProviderRouterContextMinimizationTests.cs(154,9): warning IDISP003: Dispose previous before re-assigning (https://github.com/DotNetAnalyzers/IDisposableAnalyzers/blob/master/documentation/IDISP003.md) [C:\_prj\stevecisco\private\daiv3\tests\unit\Daiv3.UnitTests\Daiv3.UnitTests.csproj::TargetFramework=net10.0]
C:\_prj\stevecisco\private\daiv3\tests\unit\Daiv3.UnitTests\ModelExecution\OnlineProviderRouterContextMinimizationTests.cs(227,9): warning IDISP003: Dispose previous before re-assigning (https://github.com/DotNetAnalyzers/IDisposableAnalyzers/blob/master/documentation/IDISP003.md) [C:\_prj\stevecisco\private\daiv3\tests\unit\Daiv3.UnitTests\Daiv3.UnitTests.csproj::TargetFramework=net10.0]
C:\_prj\stevecisco\private\daiv3\tests\unit\Daiv3.UnitTests\ModelExecution\OnlineProviderRouterContextMinimizationTests.cs(248,9): warning IDISP003: Dispose previous before re-assigning (https://github.com/DotNetAnalyzers/IDisposableAnalyzers/blob/master/documentation/IDISP003.md) [C:\_prj\stevecisco\private\daiv3\tests\unit\Daiv3.UnitTests\Daiv3.UnitTests.csproj::TargetFramework=net10.0]
C:\_prj\stevecisco\private\daiv3\tests\unit\Daiv3.UnitTests\ModelExecution\OnlineProviderRouterConfirmationTests.cs(36,9): warning IDISP003: Dispose previous before re-assigning (https://github.com/DotNetAnalyzers/IDisposableAnalyzers/blob/master/documentation/IDISP003.md) [C:\_prj\stevecisco\private\daiv3\tests\unit\Daiv3.UnitTests\Daiv3.UnitTests.csproj::TargetFramework=net10.0]
C:\_prj\stevecisco\private\daiv3\tests\unit\Daiv3.UnitTests\ModelExecution\OnlineProviderRouterContextMinimizationTests.cs(93,9): warning IDISP003: Dispose previous before re-assigning (https://github.com/DotNetAnalyzers/IDisposableAnalyzers/blob/master/documentation/IDISP003.md) [C:\_prj\stevecisco\private\daiv3\tests\unit\Daiv3.UnitTests\Daiv3.UnitTests.csproj::TargetFramework=net10.0]
C:\_prj\stevecisco\private\daiv3\tests\unit\Daiv3.UnitTests\ModelExecution\OnlineProviderRouterContextMinimizationTests.cs(279,9): warning IDISP003: Dispose previous before re-assigning (https://github.com/DotNetAnalyzers/IDisposableAnalyzers/blob/master/documentation/IDISP003.md) [C:\_prj\stevecisco\private\daiv3\tests\unit\Daiv3.UnitTests\Daiv3.UnitTests.csproj::TargetFramework=net10.0]
C:\_prj\stevecisco\private\daiv3\tests\unit\Daiv3.UnitTests\ModelExecution\OnlineProviderRouterContextMinimizationTests.cs(207,9): warning IDISP003: Dispose previous before re-assigning (https://github.com/DotNetAnalyzers/IDisposableAnalyzers/blob/master/documentation/IDISP003.md) [C:\_prj\stevecisco\private\daiv3\tests\unit\Daiv3.UnitTests\Daiv3.UnitTests.csproj::TargetFramework=net10.0]
C:\_prj\stevecisco\private\daiv3\tests\unit\Daiv3.UnitTests\ModelExecution\OnlineProviderRouterContextMinimizationTests.cs(329,9): warning IDISP003: Dispose previous before re-assigning (https://github.com/DotNetAnalyzers/IDisposableAnalyzers/blob/master/documentation/IDISP003.md) [C:\_prj\stevecisco\private\daiv3\tests\unit\Daiv3.UnitTests\Daiv3.UnitTests.csproj::TargetFramework=net10.0]
C:\_prj\stevecisco\private\daiv3\tests\unit\Daiv3.UnitTests\ModelExecution\OnlineProviderRouterConfirmationTests.cs(81,9): warning IDISP003: Dispose previous before re-assigning (https://github.com/DotNetAnalyzers/IDisposableAnalyzers/blob/master/documentation/IDISP003.md) [C:\_prj\stevecisco\private\daiv3\tests\unit\Daiv3.UnitTests\Daiv3.UnitTests.csproj::TargetFramework=net10.0]
C:\_prj\stevecisco\private\daiv3\tests\unit\Daiv3.UnitTests\ModelExecution\OnlineProviderRouterConfirmationTests.cs(111,9): warning IDISP003: Dispose previous before re-assigning (https://github.com/DotNetAnalyzers/IDisposableAnalyzers/blob/master/documentation/IDISP003.md) [C:\_prj\stevecisco\private\daiv3\tests\unit\Daiv3.UnitTests\Daiv3.UnitTests.csproj::TargetFramework=net10.0]
C:\_prj\stevecisco\private\daiv3\tests\unit\Daiv3.UnitTests\ModelExecution\OnlineProviderRouterConfirmationTests.cs(96,9): warning IDISP003: Dispose previous before re-assigning (https://github.com/DotNetAnalyzers/IDisposableAnalyzers/blob/master/documentation/IDISP003.md) [C:\_prj\stevecisco\private\daiv3\tests\unit\Daiv3.UnitTests\Daiv3.UnitTests.csproj::TargetFramework=net10.0]
C:\_prj\stevecisco\private\daiv3\tests\unit\Daiv3.UnitTests\ModelExecution\OnlineProviderRouterConfirmationTests.cs(66,9): warning IDISP003: Dispose previous before re-assigning (https://github.com/DotNetAnalyzers/IDisposableAnalyzers/blob/master/documentation/IDISP003.md) [C:\_prj\stevecisco\private\daiv3\tests\unit\Daiv3.UnitTests\Daiv3.UnitTests.csproj::TargetFramework=net10.0]
C:\_prj\stevecisco\private\daiv3\tests\unit\Daiv3.UnitTests\ModelExecution\OnlineProviderRouterConfirmationTests.cs(51,9): warning IDISP003: Dispose previous before re-assigning (https://github.com/DotNetAnalyzers/IDisposableAnalyzers/blob/master/documentation/IDISP003.md) [C:\_prj\stevecisco\private\daiv3\tests\unit\Daiv3.UnitTests\Daiv3.UnitTests.csproj::TargetFramework=net10.0]
C:\_prj\stevecisco\private\daiv3\tests\unit\Daiv3.UnitTests\ModelExecution\OnlineProviderRouterContextMinimizationTests.cs(358,9): warning IDISP003: Dispose previous before re-assigning (https://github.com/DotNetAnalyzers/IDisposableAnalyzers/blob/master/documentation/IDISP003.md) [C:\_prj\stevecisco\private\daiv3\tests\unit\Daiv3.UnitTests\Daiv3.UnitTests.csproj::TargetFramework=net10.0]
C:\_prj\stevecisco\private\daiv3\tests\unit\Daiv3.UnitTests\ModelExecution\OnlineProviderRouterConfirmationTests.cs(195,9): warning IDISP003: Dispose previous before re-assigning (https://github.com/DotNetAnalyzers/IDisposableAnalyzers/blob/master/documentation/IDISP003.md) [C:\_prj\stevecisco\private\daiv3\tests\unit\Daiv3.UnitTests\Daiv3.UnitTests.csproj::TargetFramework=net10.0]
C:\_prj\stevecisco\private\daiv3\tests\unit\Daiv3.UnitTests\ModelExecution\OnlineProviderRouterConfirmationTests.cs(162,9): warning IDISP003: Dispose previous before re-assigning (https://github.com/DotNetAnalyzers/IDisposableAnalyzers/blob/master/documentation/IDISP003.md) [C:\_prj\stevecisco\private\daiv3\tests\unit\Daiv3.UnitTests\Daiv3.UnitTests.csproj::TargetFramework=net10.0]
C:\_prj\stevecisco\private\daiv3\tests\unit\Daiv3.UnitTests\ModelExecution\OnlineProviderRouterContextMinimizationTests.cs(299,9): warning IDISP003: Dispose previous before re-assigning (https://github.com/DotNetAnalyzers/IDisposableAnalyzers/blob/master/documentation/IDISP003.md) [C:\_prj\stevecisco\private\daiv3\tests\unit\Daiv3.UnitTests\Daiv3.UnitTests.csproj::TargetFramework=net10.0]
C:\_prj\stevecisco\private\daiv3\tests\unit\Daiv3.UnitTests\ModelExecution\OnlineProviderRouterConfirmationTests.cs(126,9): warning IDISP003: Dispose previous before re-assigning (https://github.com/DotNetAnalyzers/IDisposableAnalyzers/blob/master/documentation/IDISP003.md) [C:\_prj\stevecisco\private\daiv3\tests\unit\Daiv3.UnitTests\Daiv3.UnitTests.csproj::TargetFramework=net10.0]
C:\_prj\stevecisco\private\daiv3\tests\unit\Daiv3.UnitTests\ModelExecution\OnlineProviderRouterConfirmationTests.cs(227,9): warning IDISP003: Dispose previous before re-assigning (https://github.com/DotNetAnalyzers/IDisposableAnalyzers/blob/master/documentation/IDISP003.md) [C:\_prj\stevecisco\private\daiv3\tests\unit\Daiv3.UnitTests\Daiv3.UnitTests.csproj::TargetFramework=net10.0]
C:\_prj\stevecisco\private\daiv3\tests\unit\Daiv3.UnitTests\ModelExecution\OnlineProviderRouterConfirmationTests.cs(242,9): warning IDISP003: Dispose previous before re-assigning (https://github.com/DotNetAnalyzers/IDisposableAnalyzers/blob/master/documentation/IDISP003.md) [C:\_prj\stevecisco\private\daiv3\tests\unit\Daiv3.UnitTests\Daiv3.UnitTests.csproj::TargetFramework=net10.0]
C:\_prj\stevecisco\private\daiv3\tests\unit\Daiv3.UnitTests\ModelExecution\OnlineProviderRouterConfirmationTests.cs(211,9): warning IDISP003: Dispose previous before re-assigning (https://github.com/DotNetAnalyzers/IDisposableAnalyzers/blob/master/documentation/IDISP003.md) [C:\_prj\stevecisco\private\daiv3\tests\unit\Daiv3.UnitTests\Daiv3.UnitTests.csproj::TargetFramework=net10.0]
C:\_prj\stevecisco\private\daiv3\tests\unit\Daiv3.UnitTests\ModelExecution\OnlineProviderRouterConfirmationTests.cs(179,9): warning IDISP003: Dispose previous before re-assigning (https://github.com/DotNetAnalyzers/IDisposableAnalyzers/blob/master/documentation/IDISP003.md) [C:\_prj\stevecisco\private\daiv3\tests\unit\Daiv3.UnitTests\Daiv3.UnitTests.csproj::TargetFramework=net10.0]
C:\_prj\stevecisco\private\daiv3\tests\unit\Daiv3.UnitTests\ModelExecution\OnlineProviderRouterConfirmationTests.cs(257,9): warning IDISP003: Dispose previous before re-assigning (https://github.com/DotNetAnalyzers/IDisposableAnalyzers/blob/master/documentation/IDISP003.md) [C:\_prj\stevecisco\private\daiv3\tests\unit\Daiv3.UnitTests\Daiv3.UnitTests.csproj::TargetFramework=net10.0]
C:\_prj\stevecisco\private\daiv3\tests\unit\Daiv3.UnitTests\ModelExecution\OnlineProviderRouterConfirmationTests.cs(147,9): warning IDISP003: Dispose previous before re-assigning (https://github.com/DotNetAnalyzers/IDisposableAnalyzers/blob/master/documentation/IDISP003.md) [C:\_prj\stevecisco\private\daiv3\tests\unit\Daiv3.UnitTests\Daiv3.UnitTests.csproj::TargetFramework=net10.0]
C:\_prj\stevecisco\private\daiv3\tests\unit\Daiv3.UnitTests\ModelExecution\OnlineProviderRouterConfirmationTests.cs(277,9): warning IDISP003: Dispose previous before re-assigning (https://github.com/DotNetAnalyzers/IDisposableAnalyzers/blob/master/documentation/IDISP003.md) [C:\_prj\stevecisco\private\daiv3\tests\unit\Daiv3.UnitTests\Daiv3.UnitTests.csproj::TargetFramework=net10.0]
C:\_prj\stevecisco\private\daiv3\tests\unit\Daiv3.UnitTests\Orchestration\AgentManagerTests.cs(452,25): warning CS8604: Possible null reference argument for parameter 'collection' in 'void Assert.NotEmpty(IEnumerable collection)'. [C:\_prj\stevecisco\private\daiv3\tests\unit\Daiv3.UnitTests\Daiv3.UnitTests.csproj::TargetFramework=net10.0-windows10.0.26100]
C:\_prj\stevecisco\private\daiv3\tests\unit\Daiv3.UnitTests\Orchestration\AgentManagerTests.cs(492,29): warning CS8604: Possible null reference argument for parameter 'collection' in 'void Assert.NotEmpty(IEnumerable collection)'. [C:\_prj\stevecisco\private\daiv3\tests\unit\Daiv3.UnitTests\Daiv3.UnitTests.csproj::TargetFramework=net10.0-windows10.0.26100]
C:\_prj\stevecisco\private\daiv3\tests\unit\Daiv3.UnitTests\Orchestration\SkillExecutorTests.cs(126,47): warning CS8625: Cannot convert null literal to non-nullable reference type. [C:\_prj\stevecisco\private\daiv3\tests\unit\Daiv3.UnitTests\Daiv3.UnitTests.csproj::TargetFramework=net10.0-windows10.0.26100]
C:\_prj\stevecisco\private\daiv3\tests\unit\Daiv3.UnitTests\Orchestration\SkillExecutorTests.cs(372,66): warning CS8625: Cannot convert null literal to non-nullable reference type. [C:\_prj\stevecisco\private\daiv3\tests\unit\Daiv3.UnitTests\Daiv3.UnitTests.csproj::TargetFramework=net10.0-windows10.0.26100]
C:\_prj\stevecisco\private\daiv3\tests\unit\Daiv3.UnitTests\Orchestration\SkillExecutorTests.cs(416,45): warning CS8625: Cannot convert null literal to non-nullable reference type. [C:\_prj\stevecisco\private\daiv3\tests\unit\Daiv3.UnitTests\Daiv3.UnitTests.csproj::TargetFramework=net10.0-windows10.0.26100]
C:\_prj\stevecisco\private\daiv3\tests\unit\Daiv3.UnitTests\Orchestration\SkillExecutorTests.cs(32,23): warning CS8618: Non-nullable property 'Name' must contain a non-null value when exiting constructor. Consider adding the 'required' modifier or declaring the property as nullable. [C:\_prj\stevecisco\private\daiv3\tests\unit\Daiv3.UnitTests\Daiv3.UnitTests.csproj::TargetFramework=net10.0-windows10.0.26100]
C:\_prj\stevecisco\private\daiv3\tests\unit\Daiv3.UnitTests\Orchestration\SkillExecutorTests.cs(33,23): warning CS8618: Non-nullable property 'Description' must contain a non-null value when exiting constructor. Consider adding the 'required' modifier or declaring the property as nullable. [C:\_prj\stevecisco\private\daiv3\tests\unit\Daiv3.UnitTests\Daiv3.UnitTests.csproj::TargetFramework=net10.0-windows10.0.26100]
C:\_prj\stevecisco\private\daiv3\tests\unit\Daiv3.UnitTests\Orchestration\Messaging\MessageBrokerTests.cs(117,44): warning CS8625: Cannot convert null literal to non-nullable reference type. [C:\_prj\stevecisco\private\daiv3\tests\unit\Daiv3.UnitTests\Daiv3.UnitTests.csproj::TargetFramework=net10.0-windows10.0.26100]
C:\_prj\stevecisco\private\daiv3\tests\unit\Daiv3.UnitTests\Orchestration\AgentConfigFileLoaderTests.cs(13,14): warning IDISP025: Class with no virtual dispose method should be sealed (https://github.com/DotNetAnalyzers/IDisposableAnalyzers/blob/master/documentation/IDISP025.md) [C:\_prj\stevecisco\private\daiv3\tests\unit\Daiv3.UnitTests\Daiv3.UnitTests.csproj::TargetFramework=net10.0-windows10.0.26100]
C:\_prj\stevecisco\private\daiv3\tests\unit\Daiv3.UnitTests\Knowledge\Metrics\KnowledgeLayerTelemetryTests.cs(13,5): warning IDISP006: Implement IDisposable (https://github.com/DotNetAnalyzers/IDisposableAnalyzers/blob/master/documentation/IDISP006.md) [C:\_prj\stevecisco\private\daiv3\tests\unit\Daiv3.UnitTests\Daiv3.UnitTests.csproj::TargetFramework=net10.0-windows10.0.26100]
C:\_prj\stevecisco\private\daiv3\tests\unit\Daiv3.UnitTests\Persistence\LearningLifecycleTests.cs(16,5): warning IDISP006: Implement IDisposable (https://github.com/DotNetAnalyzers/IDisposableAnalyzers/blob/master/documentation/IDISP006.md) [C:\_prj\stevecisco\private\daiv3\tests\unit\Daiv3.UnitTests\Daiv3.UnitTests.csproj::TargetFramework=net10.0-windows10.0.26100]
C:\_prj\stevecisco\private\daiv3\tests\unit\Daiv3.UnitTests\ModelExecution\OnlineProviderRouterContextMinimizationTests.cs(14,14): warning IDISP025: Class with no virtual dispose method should be sealed (https://github.com/DotNetAnalyzers/IDisposableAnalyzers/blob/master/documentation/IDISP025.md) [C:\_prj\stevecisco\private\daiv3\tests\unit\Daiv3.UnitTests\Daiv3.UnitTests.csproj::TargetFramework=net10.0-windows10.0.26100]
C:\_prj\stevecisco\private\daiv3\tests\unit\Daiv3.UnitTests\ModelExecution\OnlineProviderRouterConfirmationTests.cs(14,14): warning IDISP025: Class with no virtual dispose method should be sealed (https://github.com/DotNetAnalyzers/IDisposableAnalyzers/blob/master/documentation/IDISP025.md) [C:\_prj\stevecisco\private\daiv3\tests\unit\Daiv3.UnitTests\Daiv3.UnitTests.csproj::TargetFramework=net10.0-windows10.0.26100]
C:\_prj\stevecisco\private\daiv3\tests\unit\Daiv3.UnitTests\ModelExecution\OnlineProviderRouterOfflineQueueingTests.cs(14,14): warning IDISP025: Class with no virtual dispose method should be sealed (https://github.com/DotNetAnalyzers/IDisposableAnalyzers/blob/master/documentation/IDISP025.md) [C:\_prj\stevecisco\private\daiv3\tests\unit\Daiv3.UnitTests\Daiv3.UnitTests.csproj::TargetFramework=net10.0-windows10.0.26100]
C:\_prj\stevecisco\private\daiv3\tests\unit\Daiv3.UnitTests\ModelExecution\OnlineProviderRouterSmartRoutingTests.cs(15,14): warning IDISP025: Class with no virtual dispose method should be sealed (https://github.com/DotNetAnalyzers/IDisposableAnalyzers/blob/master/documentation/IDISP025.md) [C:\_prj\stevecisco\private\daiv3\tests\unit\Daiv3.UnitTests\Daiv3.UnitTests.csproj::TargetFramework=net10.0-windows10.0.26100]
C:\_prj\stevecisco\private\daiv3\tests\unit\Daiv3.UnitTests\Scheduler\SchedulerConcurrencyTests.cs(14,5): warning IDISP006: Implement IDisposable (https://github.com/DotNetAnalyzers/IDisposableAnalyzers/blob/master/documentation/IDISP006.md) [C:\_prj\stevecisco\private\daiv3\tests\unit\Daiv3.UnitTests\Daiv3.UnitTests.csproj::TargetFramework=net10.0-windows10.0.26100]
C:\_prj\stevecisco\private\daiv3\tests\unit\Daiv3.UnitTests\Orchestration\Integration\AgentMixedToolEnvironmentTests.cs(20,5): warning IDISP006: Implement IDisposable (https://github.com/DotNetAnalyzers/IDisposableAnalyzers/blob/master/documentation/IDISP006.md) [C:\_prj\stevecisco\private\daiv3\tests\unit\Daiv3.UnitTests\Daiv3.UnitTests.csproj::TargetFramework=net10.0-windows10.0.26100]
C:\_prj\stevecisco\private\daiv3\tests\unit\Daiv3.UnitTests\Persistence\WebFetchMigrationTests.cs(17,5): warning IDISP006: Implement IDisposable (https://github.com/DotNetAnalyzers/IDisposableAnalyzers/blob/master/documentation/IDISP006.md) [C:\_prj\stevecisco\private\daiv3\tests\unit\Daiv3.UnitTests\Daiv3.UnitTests.csproj::TargetFramework=net10.0-windows10.0.26100]
C:\_prj\stevecisco\private\daiv3\tests\unit\Daiv3.UnitTests\Persistence\LearningRepositoryTests.cs(18,5): warning IDISP006: Implement IDisposable (https://github.com/DotNetAnalyzers/IDisposableAnalyzers/blob/master/documentation/IDISP006.md) [C:\_prj\stevecisco\private\daiv3\tests\unit\Daiv3.UnitTests\Daiv3.UnitTests.csproj::TargetFramework=net10.0-windows10.0.26100]
C:\_prj\stevecisco\private\daiv3\tests\unit\Daiv3.UnitTests\Persistence\WebFetchRepositoryTests.cs(18,5): warning IDISP006: Implement IDisposable (https://github.com/DotNetAnalyzers/IDisposableAnalyzers/blob/master/documentation/IDISP006.md) [C:\_prj\stevecisco\private\daiv3\tests\unit\Daiv3.UnitTests\Daiv3.UnitTests.csproj::TargetFramework=net10.0-windows10.0.26100]
C:\_prj\stevecisco\private\daiv3\tests\unit\Daiv3.UnitTests\Persistence\PromotionReversibilityTests.cs(17,5): warning IDISP006: Implement IDisposable (https://github.com/DotNetAnalyzers/IDisposableAnalyzers/blob/master/documentation/IDISP006.md) [C:\_prj\stevecisco\private\daiv3\tests\unit\Daiv3.UnitTests\Daiv3.UnitTests.csproj::TargetFramework=net10.0-windows10.0.26100]
C:\_prj\stevecisco\private\daiv3\tests\unit\Daiv3.UnitTests\Orchestration\SkillExecutorTests.cs(11,5): warning IDISP006: Implement IDisposable (https://github.com/DotNetAnalyzers/IDisposableAnalyzers/blob/master/documentation/IDISP006.md) [C:\_prj\stevecisco\private\daiv3\tests\unit\Daiv3.UnitTests\Daiv3.UnitTests.csproj::TargetFramework=net10.0-windows10.0.26100]
C:\_prj\stevecisco\private\daiv3\tests\unit\Daiv3.UnitTests\Scheduler\SchedulerHostedServiceTests.cs(15,5): warning IDISP006: Implement IDisposable (https://github.com/DotNetAnalyzers/IDisposableAnalyzers/blob/master/documentation/IDISP006.md) [C:\_prj\stevecisco\private\daiv3\tests\unit\Daiv3.UnitTests\Daiv3.UnitTests.csproj::TargetFramework=net10.0-windows10.0.26100]
C:\_prj\stevecisco\private\daiv3\tests\unit\Daiv3.UnitTests\Persistence\PromotionRepositoryTests.cs(17,5): warning IDISP006: Implement IDisposable (https://github.com/DotNetAnalyzers/IDisposableAnalyzers/blob/master/documentation/IDISP006.md) [C:\_prj\stevecisco\private\daiv3\tests\unit\Daiv3.UnitTests\Daiv3.UnitTests.csproj::TargetFramework=net10.0-windows10.0.26100]
C:\_prj\stevecisco\private\daiv3\tests\unit\Daiv3.UnitTests\WebFetch\WebFetchServiceExtensionsTests.cs(28,9): warning IDISP001: Dispose created (https://github.com/DotNetAnalyzers/IDisposableAnalyzers/blob/master/documentation/IDISP001.md) [C:\_prj\stevecisco\private\daiv3\tests\unit\Daiv3.UnitTests\Daiv3.UnitTests.csproj::TargetFramework=net10.0-windows10.0.26100]
C:\_prj\stevecisco\private\daiv3\tests\unit\Daiv3.UnitTests\WebFetch\WebFetchServiceExtensionsTests.cs(44,9): warning IDISP001: Dispose created (https://github.com/DotNetAnalyzers/IDisposableAnalyzers/blob/master/documentation/IDISP001.md) [C:\_prj\stevecisco\private\daiv3\tests\unit\Daiv3.UnitTests\Daiv3.UnitTests.csproj::TargetFramework=net10.0-windows10.0.26100]
C:\_prj\stevecisco\private\daiv3\tests\unit\Daiv3.UnitTests\WebFetch\WebFetchServiceExtensionsTests.cs(60,9): warning IDISP001: Dispose created (https://github.com/DotNetAnalyzers/IDisposableAnalyzers/blob/master/documentation/IDISP001.md) [C:\_prj\stevecisco\private\daiv3\tests\unit\Daiv3.UnitTests\Daiv3.UnitTests.csproj::TargetFramework=net10.0-windows10.0.26100]
C:\_prj\stevecisco\private\daiv3\tests\unit\Daiv3.UnitTests\WebFetch\WebFetchServiceExtensionsTests.cs(81,9): warning IDISP001: Dispose created (https://github.com/DotNetAnalyzers/IDisposableAnalyzers/blob/master/documentation/IDISP001.md) [C:\_prj\stevecisco\private\daiv3\tests\unit\Daiv3.UnitTests\Daiv3.UnitTests.csproj::TargetFramework=net10.0-windows10.0.26100]
C:\_prj\stevecisco\private\daiv3\tests\unit\Daiv3.UnitTests\WebFetch\WebFetchServiceExtensionsTests.cs(111,9): warning IDISP001: Dispose created (https://github.com/DotNetAnalyzers/IDisposableAnalyzers/blob/master/documentation/IDISP001.md) [C:\_prj\stevecisco\private\daiv3\tests\unit\Daiv3.UnitTests\Daiv3.UnitTests.csproj::TargetFramework=net10.0-windows10.0.26100]
C:\_prj\stevecisco\private\daiv3\tests\unit\Daiv3.UnitTests\Knowledge\Metrics\KnowledgeLayerTelemetryTests.cs(269,9): warning IDISP001: Dispose created (https://github.com/DotNetAnalyzers/IDisposableAnalyzers/blob/master/documentation/IDISP001.md) [C:\_prj\stevecisco\private\daiv3\tests\unit\Daiv3.UnitTests\Daiv3.UnitTests.csproj::TargetFramework=net10.0-windows10.0.26100]
C:\_prj\stevecisco\private\daiv3\tests\unit\Daiv3.UnitTests\Knowledge\Metrics\KnowledgeLayerTelemetryTests.cs(296,9): warning IDISP001: Dispose created (https://github.com/DotNetAnalyzers/IDisposableAnalyzers/blob/master/documentation/IDISP001.md) [C:\_prj\stevecisco\private\daiv3\tests\unit\Daiv3.UnitTests\Daiv3.UnitTests.csproj::TargetFramework=net10.0-windows10.0.26100]
C:\_prj\stevecisco\private\daiv3\tests\unit\Daiv3.UnitTests\Infrastructure\Shared\Hardware\HardwareDetectionProviderTests.cs(214,9): warning IDISP001: Dispose created (https://github.com/DotNetAnalyzers/IDisposableAnalyzers/blob/master/documentation/IDISP001.md) [C:\_prj\stevecisco\private\daiv3\tests\unit\Daiv3.UnitTests\Daiv3.UnitTests.csproj::TargetFramework=net10.0-windows10.0.26100]
C:\_prj\stevecisco\private\daiv3\tests\unit\Daiv3.UnitTests\Infrastructure\Shared\Hardware\HardwareDetectionProviderTests.cs(229,9): warning IDISP001: Dispose created (https://github.com/DotNetAnalyzers/IDisposableAnalyzers/blob/master/documentation/IDISP001.md) [C:\_prj\stevecisco\private\daiv3\tests\unit\Daiv3.UnitTests\Daiv3.UnitTests.csproj::TargetFramework=net10.0-windows10.0.26100]
C:\_prj\stevecisco\private\daiv3\tests\unit\Daiv3.UnitTests\ModelExecution\TaskTypeClassifierTests.cs(19,19): warning IDISP004: Don't ignore created IDisposable (https://github.com/DotNetAnalyzers/IDisposableAnalyzers/blob/master/documentation/IDISP004.md) [C:\_prj\stevecisco\private\daiv3\tests\unit\Daiv3.UnitTests\Daiv3.UnitTests.csproj::TargetFramework=net10.0-windows10.0.26100]
C:\_prj\stevecisco\private\daiv3\tests\unit\Daiv3.UnitTests\Knowledge\Embedding\OnnxSessionOptionsFactoryTests.cs(77,9): warning IDISP001: Dispose created (https://github.com/DotNetAnalyzers/IDisposableAnalyzers/blob/master/documentation/IDISP001.md) [C:\_prj\stevecisco\private\daiv3\tests\unit\Daiv3.UnitTests\Daiv3.UnitTests.csproj::TargetFramework=net10.0-windows10.0.26100]
C:\_prj\stevecisco\private\daiv3\tests\unit\Daiv3.UnitTests\Knowledge\Embedding\OnnxSessionOptionsFactoryTests.cs(96,9): warning IDISP001: Dispose created (https://github.com/DotNetAnalyzers/IDisposableAnalyzers/blob/master/documentation/IDISP001.md) [C:\_prj\stevecisco\private\daiv3\tests\unit\Daiv3.UnitTests\Daiv3.UnitTests.csproj::TargetFramework=net10.0-windows10.0.26100]
C:\_prj\stevecisco\private\daiv3\tests\unit\Daiv3.UnitTests\Knowledge\Embedding\OnnxSessionOptionsFactoryTests.cs(118,9): warning IDISP001: Dispose created (https://github.com/DotNetAnalyzers/IDisposableAnalyzers/blob/master/documentation/IDISP001.md) [C:\_prj\stevecisco\private\daiv3\tests\unit\Daiv3.UnitTests\Daiv3.UnitTests.csproj::TargetFramework=net10.0-windows10.0.26100]
C:\_prj\stevecisco\private\daiv3\tests\unit\Daiv3.UnitTests\Knowledge\Embedding\OnnxSessionOptionsFactoryTests.cs(140,9): warning IDISP001: Dispose created (https://github.com/DotNetAnalyzers/IDisposableAnalyzers/blob/master/documentation/IDISP001.md) [C:\_prj\stevecisco\private\daiv3\tests\unit\Daiv3.UnitTests\Daiv3.UnitTests.csproj::TargetFramework=net10.0-windows10.0.26100]
C:\_prj\stevecisco\private\daiv3\tests\unit\Daiv3.UnitTests\Knowledge\Embedding\OnnxSessionOptionsFactoryTests.cs(161,9): warning IDISP001: Dispose created (https://github.com/DotNetAnalyzers/IDisposableAnalyzers/blob/master/documentation/IDISP001.md) [C:\_prj\stevecisco\private\daiv3\tests\unit\Daiv3.UnitTests\Daiv3.UnitTests.csproj::TargetFramework=net10.0-windows10.0.26100]
C:\_prj\stevecisco\private\daiv3\tests\unit\Daiv3.UnitTests\WebFetch\HtmlParserTests.cs(179,9): warning xUnit2012: Do not use Assert.True() to check if a value exists in a collection. Use Assert.Contains instead. (https://xunit.net/xunit.analyzers/rules/xUnit2012) [C:\_prj\stevecisco\private\daiv3\tests\unit\Daiv3.UnitTests\Daiv3.UnitTests.csproj::TargetFramework=net10.0-windows10.0.26100]
C:\_prj\stevecisco\private\daiv3\tests\unit\Daiv3.UnitTests\WebFetch\HtmlParserTests.cs(180,9): warning xUnit2012: Do not use Assert.True() to check if a value exists in a collection. Use Assert.Contains instead. (https://xunit.net/xunit.analyzers/rules/xUnit2012) [C:\_prj\stevecisco\private\daiv3\tests\unit\Daiv3.UnitTests\Daiv3.UnitTests.csproj::TargetFramework=net10.0-windows10.0.26100]
C:\_prj\stevecisco\private\daiv3\tests\unit\Daiv3.UnitTests\Knowledge\DocProc\FileSystemWatcherServiceTests.cs(429,9): warning IDISP016: Don't use disposed instance (https://github.com/DotNetAnalyzers/IDisposableAnalyzers/blob/master/documentation/IDISP016.md) [C:\_prj\stevecisco\private\daiv3\tests\unit\Daiv3.UnitTests\Daiv3.UnitTests.csproj::TargetFramework=net10.0-windows10.0.26100]
C:\_prj\stevecisco\private\daiv3\tests\unit\Daiv3.UnitTests\Knowledge\Embedding\OnnxSessionOptionsFactoryTests.cs(201,9): warning IDISP001: Dispose created (https://github.com/DotNetAnalyzers/IDisposableAnalyzers/blob/master/documentation/IDISP001.md) [C:\_prj\stevecisco\private\daiv3\tests\unit\Daiv3.UnitTests\Daiv3.UnitTests.csproj::TargetFramework=net10.0-windows10.0.26100]
C:\_prj\stevecisco\private\daiv3\tests\unit\Daiv3.UnitTests\Knowledge\DocProc\FileSystemWatcherServiceTests.cs(442,9): warning IDISP016: Don't use disposed instance (https://github.com/DotNetAnalyzers/IDisposableAnalyzers/blob/master/documentation/IDISP016.md) [C:\_prj\stevecisco\private\daiv3\tests\unit\Daiv3.UnitTests\Daiv3.UnitTests.csproj::TargetFramework=net10.0-windows10.0.26100]
C:\_prj\stevecisco\private\daiv3\tests\unit\Daiv3.UnitTests\Knowledge\Embedding\OnnxSessionOptionsFactoryTests.cs(223,9): warning IDISP001: Dispose created (https://github.com/DotNetAnalyzers/IDisposableAnalyzers/blob/master/documentation/IDISP001.md) [C:\_prj\stevecisco\private\daiv3\tests\unit\Daiv3.UnitTests\Daiv3.UnitTests.csproj::TargetFramework=net10.0-windows10.0.26100]
C:\_prj\stevecisco\private\daiv3\tests\unit\Daiv3.UnitTests\Knowledge\Embedding\OnnxSessionOptionsFactoryTests.cs(244,9): warning IDISP001: Dispose created (https://github.com/DotNetAnalyzers/IDisposableAnalyzers/blob/master/documentation/IDISP001.md) [C:\_prj\stevecisco\private\daiv3\tests\unit\Daiv3.UnitTests\Daiv3.UnitTests.csproj::TargetFramework=net10.0-windows10.0.26100]
C:\_prj\stevecisco\private\daiv3\tests\unit\Daiv3.UnitTests\Knowledge\Embedding\OnnxSessionOptionsFactoryTests.cs(278,9): warning IDISP004: Don't ignore created IDisposable (https://github.com/DotNetAnalyzers/IDisposableAnalyzers/blob/master/documentation/IDISP004.md) [C:\_prj\stevecisco\private\daiv3\tests\unit\Daiv3.UnitTests\Daiv3.UnitTests.csproj::TargetFramework=net10.0-windows10.0.26100]
C:\_prj\stevecisco\private\daiv3\tests\unit\Daiv3.UnitTests\Knowledge\Embedding\OnnxSessionOptionsFactoryTests.cs(279,9): warning IDISP004: Don't ignore created IDisposable (https://github.com/DotNetAnalyzers/IDisposableAnalyzers/blob/master/documentation/IDISP004.md) [C:\_prj\stevecisco\private\daiv3\tests\unit\Daiv3.UnitTests\Daiv3.UnitTests.csproj::TargetFramework=net10.0-windows10.0.26100]
C:\_prj\stevecisco\private\daiv3\tests\unit\Daiv3.UnitTests\Knowledge\Embedding\OnnxSessionOptionsFactoryTests.cs(298,9): warning IDISP001: Dispose created (https://github.com/DotNetAnalyzers/IDisposableAnalyzers/blob/master/documentation/IDISP001.md) [C:\_prj\stevecisco\private\daiv3\tests\unit\Daiv3.UnitTests\Daiv3.UnitTests.csproj::TargetFramework=net10.0-windows10.0.26100]
C:\_prj\stevecisco\private\daiv3\tests\unit\Daiv3.UnitTests\Knowledge\Embedding\OnnxSessionOptionsFactoryTests.cs(322,9): warning IDISP001: Dispose created (https://github.com/DotNetAnalyzers/IDisposableAnalyzers/blob/master/documentation/IDISP001.md) [C:\_prj\stevecisco\private\daiv3\tests\unit\Daiv3.UnitTests\Daiv3.UnitTests.csproj::TargetFramework=net10.0-windows10.0.26100]
C:\_prj\stevecisco\private\daiv3\tests\unit\Daiv3.UnitTests\Knowledge\Embedding\OnnxSessionOptionsFactoryTests.cs(343,9): warning IDISP001: Dispose created (https://github.com/DotNetAnalyzers/IDisposableAnalyzers/blob/master/documentation/IDISP001.md) [C:\_prj\stevecisco\private\daiv3\tests\unit\Daiv3.UnitTests\Daiv3.UnitTests.csproj::TargetFramework=net10.0-windows10.0.26100]
C:\_prj\stevecisco\private\daiv3\tests\unit\Daiv3.UnitTests\Knowledge\Embedding\OnnxInferenceSessionProviderTests.cs(24,63): warning IDISP005: Return type should indicate that the value should be disposed (https://github.com/DotNetAnalyzers/IDisposableAnalyzers/blob/master/documentation/IDISP005.md) [C:\_prj\stevecisco\private\daiv3\tests\unit\Daiv3.UnitTests\Daiv3.UnitTests.csproj::TargetFramework=net10.0-windows10.0.26100]
C:\_prj\stevecisco\private\daiv3\tests\unit\Daiv3.UnitTests\Knowledge\Embedding\OnnxSessionOptionsFactoryTests.cs(180,9): warning IDISP001: Dispose created (https://github.com/DotNetAnalyzers/IDisposableAnalyzers/blob/master/documentation/IDISP001.md) [C:\_prj\stevecisco\private\daiv3\tests\unit\Daiv3.UnitTests\Daiv3.UnitTests.csproj::TargetFramework=net10.0-windows10.0.26100]
C:\_prj\stevecisco\private\daiv3\tests\unit\Daiv3.UnitTests\ModelExecution\PriorityAssignerTests.cs(19,19): warning IDISP004: Don't ignore created IDisposable (https://github.com/DotNetAnalyzers/IDisposableAnalyzers/blob/master/documentation/IDISP004.md) [C:\_prj\stevecisco\private\daiv3\tests\unit\Daiv3.UnitTests\Daiv3.UnitTests.csproj::TargetFramework=net10.0-windows10.0.26100]
C:\_prj\stevecisco\private\daiv3\tests\unit\Daiv3.UnitTests\Scheduler\SchedulerServiceExtensionsTests.cs(20,9): warning IDISP001: Dispose created (https://github.com/DotNetAnalyzers/IDisposableAnalyzers/blob/master/documentation/IDISP001.md) [C:\_prj\stevecisco\private\daiv3\tests\unit\Daiv3.UnitTests\Daiv3.UnitTests.csproj::TargetFramework=net10.0-windows10.0.26100]
C:\_prj\stevecisco\private\daiv3\tests\unit\Daiv3.UnitTests\Scheduler\SchedulerServiceExtensionsTests.cs(35,9): warning IDISP001: Dispose created (https://github.com/DotNetAnalyzers/IDisposableAnalyzers/blob/master/documentation/IDISP001.md) [C:\_prj\stevecisco\private\daiv3\tests\unit\Daiv3.UnitTests\Daiv3.UnitTests.csproj::TargetFramework=net10.0-windows10.0.26100]
C:\_prj\stevecisco\private\daiv3\tests\unit\Daiv3.UnitTests\Scheduler\SchedulerServiceExtensionsTests.cs(58,9): warning IDISP001: Dispose created (https://github.com/DotNetAnalyzers/IDisposableAnalyzers/blob/master/documentation/IDISP001.md) [C:\_prj\stevecisco\private\daiv3\tests\unit\Daiv3.UnitTests\Daiv3.UnitTests.csproj::TargetFramework=net10.0-windows10.0.26100]
C:\_prj\stevecisco\private\daiv3\tests\unit\Daiv3.UnitTests\Scheduler\SchedulerServiceExtensionsTests.cs(75,9): warning IDISP001: Dispose created (https://github.com/DotNetAnalyzers/IDisposableAnalyzers/blob/master/documentation/IDISP001.md) [C:\_prj\stevecisco\private\daiv3\tests\unit\Daiv3.UnitTests\Daiv3.UnitTests.csproj::TargetFramework=net10.0-windows10.0.26100]
C:\_prj\stevecisco\private\daiv3\tests\unit\Daiv3.UnitTests\Scheduler\SchedulerServiceExtensionsTests.cs(96,9): warning IDISP001: Dispose created (https://github.com/DotNetAnalyzers/IDisposableAnalyzers/blob/master/documentation/IDISP001.md) [C:\_prj\stevecisco\private\daiv3\tests\unit\Daiv3.UnitTests\Daiv3.UnitTests.csproj::TargetFramework=net10.0-windows10.0.26100]
C:\_prj\stevecisco\private\daiv3\tests\unit\Daiv3.UnitTests\Scheduler\CronExpressionTests.cs(30,17): warning xUnit1012: Null should not be used for type parameter 'expression' of type 'string'. Use a non-null value, or convert the parameter to a nullable type. (https://xunit.net/xunit.analyzers/rules/xUnit1012) [C:\_prj\stevecisco\private\daiv3\tests\unit\Daiv3.UnitTests\Daiv3.UnitTests.csproj::TargetFramework=net10.0-windows10.0.26100]
C:\_prj\stevecisco\private\daiv3\tests\unit\Daiv3.UnitTests\Scheduler\SchedulerPerformanceTests.cs(37,9): warning IDISP001: Dispose created (https://github.com/DotNetAnalyzers/IDisposableAnalyzers/blob/master/documentation/IDISP001.md) [C:\_prj\stevecisco\private\daiv3\tests\unit\Daiv3.UnitTests\Daiv3.UnitTests.csproj::TargetFramework=net10.0-windows10.0.26100]
C:\_prj\stevecisco\private\daiv3\tests\unit\Daiv3.UnitTests\Orchestration\AgentManagerTests.cs(44,9): warning IDISP001: Dispose created (https://github.com/DotNetAnalyzers/IDisposableAnalyzers/blob/master/documentation/IDISP001.md) [C:\_prj\stevecisco\private\daiv3\tests\unit\Daiv3.UnitTests\Daiv3.UnitTests.csproj::TargetFramework=net10.0-windows10.0.26100]
C:\_prj\stevecisco\private\daiv3\tests\unit\Daiv3.UnitTests\Knowledge\Embedding\EmbeddingTokenizerImplementationTests.cs(200,9): warning IDISP001: Dispose created (https://github.com/DotNetAnalyzers/IDisposableAnalyzers/blob/master/documentation/IDISP001.md) [C:\_prj\stevecisco\private\daiv3\tests\unit\Daiv3.UnitTests\Daiv3.UnitTests.csproj::TargetFramework=net10.0-windows10.0.26100]
C:\_prj\stevecisco\private\daiv3\tests\unit\Daiv3.UnitTests\Knowledge\Embedding\EmbeddingTokenizerImplementationTests.cs(215,9): warning IDISP001: Dispose created (https://github.com/DotNetAnalyzers/IDisposableAnalyzers/blob/master/documentation/IDISP001.md) [C:\_prj\stevecisco\private\daiv3\tests\unit\Daiv3.UnitTests\Daiv3.UnitTests.csproj::TargetFramework=net10.0-windows10.0.26100]
C:\_prj\stevecisco\private\daiv3\tests\unit\Daiv3.UnitTests\Scheduler\SchedulerConcurrencyTests.cs(91,9): warning IDISP001: Dispose created (https://github.com/DotNetAnalyzers/IDisposableAnalyzers/blob/master/documentation/IDISP001.md) [C:\_prj\stevecisco\private\daiv3\tests\unit\Daiv3.UnitTests\Daiv3.UnitTests.csproj::TargetFramework=net10.0-windows10.0.26100]
C:\_prj\stevecisco\private\daiv3\tests\unit\Daiv3.UnitTests\ModelExecution\OnlineProviderRouterTests.cs(80,9): warning IDISP001: Dispose created (https://github.com/DotNetAnalyzers/IDisposableAnalyzers/blob/master/documentation/IDISP001.md) [C:\_prj\stevecisco\private\daiv3\tests\unit\Daiv3.UnitTests\Daiv3.UnitTests.csproj::TargetFramework=net10.0-windows10.0.26100]
C:\_prj\stevecisco\private\daiv3\tests\unit\Daiv3.UnitTests\ModelExecution\OnlineProviderRouterTests.cs(58,9): warning IDISP001: Dispose created (https://github.com/DotNetAnalyzers/IDisposableAnalyzers/blob/master/documentation/IDISP001.md) [C:\_prj\stevecisco\private\daiv3\tests\unit\Daiv3.UnitTests\Daiv3.UnitTests.csproj::TargetFramework=net10.0-windows10.0.26100]
C:\_prj\stevecisco\private\daiv3\tests\unit\Daiv3.UnitTests\ModelExecution\OnlineProviderRouterTests.cs(90,9): warning IDISP001: Dispose created (https://github.com/DotNetAnalyzers/IDisposableAnalyzers/blob/master/documentation/IDISP001.md) [C:\_prj\stevecisco\private\daiv3\tests\unit\Daiv3.UnitTests\Daiv3.UnitTests.csproj::TargetFramework=net10.0-windows10.0.26100]
C:\_prj\stevecisco\private\daiv3\tests\unit\Daiv3.UnitTests\ModelExecution\OnlineProviderRouterTests.cs(105,9): warning IDISP001: Dispose created (https://github.com/DotNetAnalyzers/IDisposableAnalyzers/blob/master/documentation/IDISP001.md) [C:\_prj\stevecisco\private\daiv3\tests\unit\Daiv3.UnitTests\Daiv3.UnitTests.csproj::TargetFramework=net10.0-windows10.0.26100]
C:\_prj\stevecisco\private\daiv3\tests\unit\Daiv3.UnitTests\ModelExecution\OnlineProviderRouterTests.cs(120,9): warning IDISP001: Dispose created (https://github.com/DotNetAnalyzers/IDisposableAnalyzers/blob/master/documentation/IDISP001.md) [C:\_prj\stevecisco\private\daiv3\tests\unit\Daiv3.UnitTests\Daiv3.UnitTests.csproj::TargetFramework=net10.0-windows10.0.26100]
C:\_prj\stevecisco\private\daiv3\tests\unit\Daiv3.UnitTests\Orchestration\AgentToolInvocationTests.cs(48,9): warning IDISP001: Dispose created (https://github.com/DotNetAnalyzers/IDisposableAnalyzers/blob/master/documentation/IDISP001.md) [C:\_prj\stevecisco\private\daiv3\tests\unit\Daiv3.UnitTests\Daiv3.UnitTests.csproj::TargetFramework=net10.0-windows10.0.26100]
C:\_prj\stevecisco\private\daiv3\tests\unit\Daiv3.UnitTests\ModelExecution\OnlineProviderRouterTests.cs(130,9): warning IDISP001: Dispose created (https://github.com/DotNetAnalyzers/IDisposableAnalyzers/blob/master/documentation/IDISP001.md) [C:\_prj\stevecisco\private\daiv3\tests\unit\Daiv3.UnitTests\Daiv3.UnitTests.csproj::TargetFramework=net10.0-windows10.0.26100]
C:\_prj\stevecisco\private\daiv3\tests\unit\Daiv3.UnitTests\ModelExecution\OnlineProviderRouterTests.cs(145,9): warning IDISP001: Dispose created (https://github.com/DotNetAnalyzers/IDisposableAnalyzers/blob/master/documentation/IDISP001.md) [C:\_prj\stevecisco\private\daiv3\tests\unit\Daiv3.UnitTests\Daiv3.UnitTests.csproj::TargetFramework=net10.0-windows10.0.26100]
C:\_prj\stevecisco\private\daiv3\tests\unit\Daiv3.UnitTests\ModelExecution\OnlineProviderRouterTests.cs(158,9): warning IDISP001: Dispose created (https://github.com/DotNetAnalyzers/IDisposableAnalyzers/blob/master/documentation/IDISP001.md) [C:\_prj\stevecisco\private\daiv3\tests\unit\Daiv3.UnitTests\Daiv3.UnitTests.csproj::TargetFramework=net10.0-windows10.0.26100]
C:\_prj\stevecisco\private\daiv3\tests\unit\Daiv3.UnitTests\ModelExecution\OnlineProviderRouterTests.cs(171,9): warning IDISP001: Dispose created (https://github.com/DotNetAnalyzers/IDisposableAnalyzers/blob/master/documentation/IDISP001.md) [C:\_prj\stevecisco\private\daiv3\tests\unit\Daiv3.UnitTests\Daiv3.UnitTests.csproj::TargetFramework=net10.0-windows10.0.26100]
C:\_prj\stevecisco\private\daiv3\tests\unit\Daiv3.UnitTests\ModelExecution\LocalModelIntentClassifierTests.cs(156,9): warning xUnit2002: Do not use Assert.NotNull() on value type 'TaskType'. Remove this assert. (https://xunit.net/xunit.analyzers/rules/xUnit2002) [C:\_prj\stevecisco\private\daiv3\tests\unit\Daiv3.UnitTests\Daiv3.UnitTests.csproj::TargetFramework=net10.0-windows10.0.26100]
C:\_prj\stevecisco\private\daiv3\tests\unit\Daiv3.UnitTests\Orchestration\AgentManagerTests.cs(278,9): warning IDISP001: Dispose created (https://github.com/DotNetAnalyzers/IDisposableAnalyzers/blob/master/documentation/IDISP001.md) [C:\_prj\stevecisco\private\daiv3\tests\unit\Daiv3.UnitTests\Daiv3.UnitTests.csproj::TargetFramework=net10.0-windows10.0.26100]
C:\_prj\stevecisco\private\daiv3\tests\unit\Daiv3.UnitTests\Orchestration\AgentManagerTests.cs(299,9): warning IDISP001: Dispose created (https://github.com/DotNetAnalyzers/IDisposableAnalyzers/blob/master/documentation/IDISP001.md) [C:\_prj\stevecisco\private\daiv3\tests\unit\Daiv3.UnitTests\Daiv3.UnitTests.csproj::TargetFramework=net10.0-windows10.0.26100]
C:\_prj\stevecisco\private\daiv3\tests\unit\Daiv3.UnitTests\Orchestration\AgentMcpToolSelectionTests.cs(45,9): warning IDISP001: Dispose created (https://github.com/DotNetAnalyzers/IDisposableAnalyzers/blob/master/documentation/IDISP001.md) [C:\_prj\stevecisco\private\daiv3\tests\unit\Daiv3.UnitTests\Daiv3.UnitTests.csproj::TargetFramework=net10.0-windows10.0.26100]
C:\_prj\stevecisco\private\daiv3\tests\unit\Daiv3.UnitTests\Orchestration\AgentExecutionMetricsCollectorTests.cs(340,14): warning xUnit1031: Test methods should not use blocking task operations, as they can cause deadlocks. Use an async test method and await instead. (https://xunit.net/xunit.analyzers/rules/xUnit1031) [C:\_prj\stevecisco\private\daiv3\tests\unit\Daiv3.UnitTests\Daiv3.UnitTests.csproj::TargetFramework=net10.0-windows10.0.26100]
C:\_prj\stevecisco\private\daiv3\tests\unit\Daiv3.UnitTests\ModelExecution\ModelSelectorTests.cs(19,19): warning IDISP004: Don't ignore created IDisposable (https://github.com/DotNetAnalyzers/IDisposableAnalyzers/blob/master/documentation/IDISP004.md) [C:\_prj\stevecisco\private\daiv3\tests\unit\Daiv3.UnitTests\Daiv3.UnitTests.csproj::TargetFramework=net10.0-windows10.0.26100]
C:\_prj\stevecisco\private\daiv3\tests\unit\Daiv3.UnitTests\Scheduler\SchedulerConcurrencyTests.cs(33,9): warning IDISP003: Dispose previous before re-assigning (https://github.com/DotNetAnalyzers/IDisposableAnalyzers/blob/master/documentation/IDISP003.md) [C:\_prj\stevecisco\private\daiv3\tests\unit\Daiv3.UnitTests\Daiv3.UnitTests.csproj::TargetFramework=net10.0-windows10.0.26100]
C:\_prj\stevecisco\private\daiv3\tests\unit\Daiv3.UnitTests\ModelExecution\OnlineProviderRouterTests.cs(228,9): warning IDISP001: Dispose created (https://github.com/DotNetAnalyzers/IDisposableAnalyzers/blob/master/documentation/IDISP001.md) [C:\_prj\stevecisco\private\daiv3\tests\unit\Daiv3.UnitTests\Daiv3.UnitTests.csproj::TargetFramework=net10.0-windows10.0.26100]
C:\_prj\stevecisco\private\daiv3\tests\unit\Daiv3.UnitTests\ModelExecution\OnlineProviderRouterTests.cs(257,9): warning IDISP001: Dispose created (https://github.com/DotNetAnalyzers/IDisposableAnalyzers/blob/master/documentation/IDISP001.md) [C:\_prj\stevecisco\private\daiv3\tests\unit\Daiv3.UnitTests\Daiv3.UnitTests.csproj::TargetFramework=net10.0-windows10.0.26100]
C:\_prj\stevecisco\private\daiv3\tests\unit\Daiv3.UnitTests\ModelExecution\OnlineProviderRouterTests.cs(301,9): warning IDISP001: Dispose created (https://github.com/DotNetAnalyzers/IDisposableAnalyzers/blob/master/documentation/IDISP001.md) [C:\_prj\stevecisco\private\daiv3\tests\unit\Daiv3.UnitTests\Daiv3.UnitTests.csproj::TargetFramework=net10.0-windows10.0.26100]
C:\_prj\stevecisco\private\daiv3\tests\unit\Daiv3.UnitTests\ModelExecution\OnlineProviderRouterTests.cs(286,9): warning IDISP001: Dispose created (https://github.com/DotNetAnalyzers/IDisposableAnalyzers/blob/master/documentation/IDISP001.md) [C:\_prj\stevecisco\private\daiv3\tests\unit\Daiv3.UnitTests\Daiv3.UnitTests.csproj::TargetFramework=net10.0-windows10.0.26100]
C:\_prj\stevecisco\private\daiv3\tests\unit\Daiv3.UnitTests\ModelExecution\OnlineProviderRouterTests.cs(320,9): warning IDISP001: Dispose created (https://github.com/DotNetAnalyzers/IDisposableAnalyzers/blob/master/documentation/IDISP001.md) [C:\_prj\stevecisco\private\daiv3\tests\unit\Daiv3.UnitTests\Daiv3.UnitTests.csproj::TargetFramework=net10.0-windows10.0.26100]
C:\_prj\stevecisco\private\daiv3\tests\unit\Daiv3.UnitTests\ModelExecution\OnlineProviderRouterTests.cs(339,9): warning IDISP001: Dispose created (https://github.com/DotNetAnalyzers/IDisposableAnalyzers/blob/master/documentation/IDISP001.md) [C:\_prj\stevecisco\private\daiv3\tests\unit\Daiv3.UnitTests\Daiv3.UnitTests.csproj::TargetFramework=net10.0-windows10.0.26100]
C:\_prj\stevecisco\private\daiv3\tests\unit\Daiv3.UnitTests\ModelExecution\OnlineProviderRouterTests.cs(359,9): warning IDISP001: Dispose created (https://github.com/DotNetAnalyzers/IDisposableAnalyzers/blob/master/documentation/IDISP001.md) [C:\_prj\stevecisco\private\daiv3\tests\unit\Daiv3.UnitTests\Daiv3.UnitTests.csproj::TargetFramework=net10.0-windows10.0.26100]
C:\_prj\stevecisco\private\daiv3\tests\unit\Daiv3.UnitTests\ModelExecution\OnlineProviderRouterTests.cs(369,9): warning IDISP001: Dispose created (https://github.com/DotNetAnalyzers/IDisposableAnalyzers/blob/master/documentation/IDISP001.md) [C:\_prj\stevecisco\private\daiv3\tests\unit\Daiv3.UnitTests\Daiv3.UnitTests.csproj::TargetFramework=net10.0-windows10.0.26100]
C:\_prj\stevecisco\private\daiv3\tests\unit\Daiv3.UnitTests\ModelExecution\OnlineProviderRouterSmartRoutingTests.cs(74,9): warning IDISP001: Dispose created (https://github.com/DotNetAnalyzers/IDisposableAnalyzers/blob/master/documentation/IDISP001.md) [C:\_prj\stevecisco\private\daiv3\tests\unit\Daiv3.UnitTests\Daiv3.UnitTests.csproj::TargetFramework=net10.0-windows10.0.26100]
C:\_prj\stevecisco\private\daiv3\tests\unit\Daiv3.UnitTests\ModelExecution\OnlineProviderRouterSmartRoutingTests.cs(106,9): warning IDISP001: Dispose created (https://github.com/DotNetAnalyzers/IDisposableAnalyzers/blob/master/documentation/IDISP001.md) [C:\_prj\stevecisco\private\daiv3\tests\unit\Daiv3.UnitTests\Daiv3.UnitTests.csproj::TargetFramework=net10.0-windows10.0.26100]
C:\_prj\stevecisco\private\daiv3\tests\unit\Daiv3.UnitTests\ModelExecution\OnlineProviderRouterSmartRoutingTests.cs(127,9): warning IDISP001: Dispose created (https://github.com/DotNetAnalyzers/IDisposableAnalyzers/blob/master/documentation/IDISP001.md) [C:\_prj\stevecisco\private\daiv3\tests\unit\Daiv3.UnitTests\Daiv3.UnitTests.csproj::TargetFramework=net10.0-windows10.0.26100]
C:\_prj\stevecisco\private\daiv3\tests\unit\Daiv3.UnitTests\ModelExecution\OnlineProviderRouterSmartRoutingTests.cs(143,9): warning IDISP001: Dispose created (https://github.com/DotNetAnalyzers/IDisposableAnalyzers/blob/master/documentation/IDISP001.md) [C:\_prj\stevecisco\private\daiv3\tests\unit\Daiv3.UnitTests\Daiv3.UnitTests.csproj::TargetFramework=net10.0-windows10.0.26100]
C:\_prj\stevecisco\private\daiv3\tests\unit\Daiv3.UnitTests\ModelExecution\OnlineProviderRouterSmartRoutingTests.cs(180,9): warning IDISP001: Dispose created (https://github.com/DotNetAnalyzers/IDisposableAnalyzers/blob/master/documentation/IDISP001.md) [C:\_prj\stevecisco\private\daiv3\tests\unit\Daiv3.UnitTests\Daiv3.UnitTests.csproj::TargetFramework=net10.0-windows10.0.26100]
C:\_prj\stevecisco\private\daiv3\tests\unit\Daiv3.UnitTests\ModelExecution\OnlineProviderRouterSmartRoutingTests.cs(164,9): warning IDISP001: Dispose created (https://github.com/DotNetAnalyzers/IDisposableAnalyzers/blob/master/documentation/IDISP001.md) [C:\_prj\stevecisco\private\daiv3\tests\unit\Daiv3.UnitTests\Daiv3.UnitTests.csproj::TargetFramework=net10.0-windows10.0.26100]
C:\_prj\stevecisco\private\daiv3\tests\unit\Daiv3.UnitTests\Orchestration\McpToolInvocationTests.cs(36,9): warning IDISP001: Dispose created (https://github.com/DotNetAnalyzers/IDisposableAnalyzers/blob/master/documentation/IDISP001.md) [C:\_prj\stevecisco\private\daiv3\tests\unit\Daiv3.UnitTests\Daiv3.UnitTests.csproj::TargetFramework=net10.0-windows10.0.26100]
C:\_prj\stevecisco\private\daiv3\tests\unit\Daiv3.UnitTests\Persistence\DatabaseContextTests.cs(110,9): warning IDISP016: Don't use disposed instance (https://github.com/DotNetAnalyzers/IDisposableAnalyzers/blob/master/documentation/IDISP016.md) [C:\_prj\stevecisco\private\daiv3\tests\unit\Daiv3.UnitTests\Daiv3.UnitTests.csproj::TargetFramework=net10.0-windows10.0.26100]
C:\_prj\stevecisco\private\daiv3\tests\unit\Daiv3.UnitTests\Orchestration\AgentManagerTests.cs(521,9): warning IDISP001: Dispose created (https://github.com/DotNetAnalyzers/IDisposableAnalyzers/blob/master/documentation/IDISP001.md) [C:\_prj\stevecisco\private\daiv3\tests\unit\Daiv3.UnitTests\Daiv3.UnitTests.csproj::TargetFramework=net10.0-windows10.0.26100]
C:\_prj\stevecisco\private\daiv3\tests\unit\Daiv3.UnitTests\ModelExecution\OnlineProviderRouterTests.cs(199,9): warning IDISP001: Dispose created (https://github.com/DotNetAnalyzers/IDisposableAnalyzers/blob/master/documentation/IDISP001.md) [C:\_prj\stevecisco\private\daiv3\tests\unit\Daiv3.UnitTests\Daiv3.UnitTests.csproj::TargetFramework=net10.0-windows10.0.26100]
C:\_prj\stevecisco\private\daiv3\tests\unit\Daiv3.UnitTests\Orchestration\SkillConfigurationTests.cs(19,9): warning IDISP001: Dispose created (https://github.com/DotNetAnalyzers/IDisposableAnalyzers/blob/master/documentation/IDISP001.md) [C:\_prj\stevecisco\private\daiv3\tests\unit\Daiv3.UnitTests\Daiv3.UnitTests.csproj::TargetFramework=net10.0-windows10.0.26100]
C:\_prj\stevecisco\private\daiv3\tests\unit\Daiv3.UnitTests\Orchestration\SkillConfigurationTests.cs(44,9): warning IDISP001: Dispose created (https://github.com/DotNetAnalyzers/IDisposableAnalyzers/blob/master/documentation/IDISP001.md) [C:\_prj\stevecisco\private\daiv3\tests\unit\Daiv3.UnitTests\Daiv3.UnitTests.csproj::TargetFramework=net10.0-windows10.0.26100]
C:\_prj\stevecisco\private\daiv3\tests\unit\Daiv3.UnitTests\Orchestration\SkillConfigurationTests.cs(69,9): warning IDISP001: Dispose created (https://github.com/DotNetAnalyzers/IDisposableAnalyzers/blob/master/documentation/IDISP001.md) [C:\_prj\stevecisco\private\daiv3\tests\unit\Daiv3.UnitTests\Daiv3.UnitTests.csproj::TargetFramework=net10.0-windows10.0.26100]
C:\_prj\stevecisco\private\daiv3\tests\unit\Daiv3.UnitTests\Orchestration\SkillConfigurationTests.cs(93,9): warning IDISP001: Dispose created (https://github.com/DotNetAnalyzers/IDisposableAnalyzers/blob/master/documentation/IDISP001.md) [C:\_prj\stevecisco\private\daiv3\tests\unit\Daiv3.UnitTests\Daiv3.UnitTests.csproj::TargetFramework=net10.0-windows10.0.26100]
C:\_prj\stevecisco\private\daiv3\tests\unit\Daiv3.UnitTests\Orchestration\ToolRoutingServiceTests.cs(32,22): warning IDISP004: Don't ignore created IDisposable (https://github.com/DotNetAnalyzers/IDisposableAnalyzers/blob/master/documentation/IDISP004.md) [C:\_prj\stevecisco\private\daiv3\tests\unit\Daiv3.UnitTests\Daiv3.UnitTests.csproj::TargetFramework=net10.0-windows10.0.26100]
C:\_prj\stevecisco\private\daiv3\tests\unit\Daiv3.UnitTests\ModelExecution\OnlineProviderRouterConfirmationTests.cs(36,9): warning IDISP003: Dispose previous before re-assigning (https://github.com/DotNetAnalyzers/IDisposableAnalyzers/blob/master/documentation/IDISP003.md) [C:\_prj\stevecisco\private\daiv3\tests\unit\Daiv3.UnitTests\Daiv3.UnitTests.csproj::TargetFramework=net10.0-windows10.0.26100]
C:\_prj\stevecisco\private\daiv3\tests\unit\Daiv3.UnitTests\ModelExecution\OnlineProviderRouterConfirmationTests.cs(66,9): warning IDISP003: Dispose previous before re-assigning (https://github.com/DotNetAnalyzers/IDisposableAnalyzers/blob/master/documentation/IDISP003.md) [C:\_prj\stevecisco\private\daiv3\tests\unit\Daiv3.UnitTests\Daiv3.UnitTests.csproj::TargetFramework=net10.0-windows10.0.26100]
C:\_prj\stevecisco\private\daiv3\tests\unit\Daiv3.UnitTests\Orchestration\SkillExecutorTests.cs(270,9): warning IDISP001: Dispose created (https://github.com/DotNetAnalyzers/IDisposableAnalyzers/blob/master/documentation/IDISP001.md) [C:\_prj\stevecisco\private\daiv3\tests\unit\Daiv3.UnitTests\Daiv3.UnitTests.csproj::TargetFramework=net10.0-windows10.0.26100]
C:\_prj\stevecisco\private\daiv3\tests\unit\Daiv3.UnitTests\Orchestration\McpToolInvocationTests.cs(457,9): warning IDISP001: Dispose created (https://github.com/DotNetAnalyzers/IDisposableAnalyzers/blob/master/documentation/IDISP001.md) [C:\_prj\stevecisco\private\daiv3\tests\unit\Daiv3.UnitTests\Daiv3.UnitTests.csproj::TargetFramework=net10.0-windows10.0.26100]
C:\_prj\stevecisco\private\daiv3\tests\unit\Daiv3.UnitTests\ModelExecution\OnlineProviderRouterSmartRoutingTests.cs(193,9): warning IDISP001: Dispose created (https://github.com/DotNetAnalyzers/IDisposableAnalyzers/blob/master/documentation/IDISP001.md) [C:\_prj\stevecisco\private\daiv3\tests\unit\Daiv3.UnitTests\Daiv3.UnitTests.csproj::TargetFramework=net10.0-windows10.0.26100]
C:\_prj\stevecisco\private\daiv3\tests\unit\Daiv3.UnitTests\ModelExecution\OnlineProviderRouterSmartRoutingTests.cs(206,9): warning IDISP001: Dispose created (https://github.com/DotNetAnalyzers/IDisposableAnalyzers/blob/master/documentation/IDISP001.md) [C:\_prj\stevecisco\private\daiv3\tests\unit\Daiv3.UnitTests\Daiv3.UnitTests.csproj::TargetFramework=net10.0-windows10.0.26100]
C:\_prj\stevecisco\private\daiv3\tests\unit\Daiv3.UnitTests\ModelExecution\OnlineProviderRouterSmartRoutingTests.cs(228,9): warning IDISP017: Prefer using (https://github.com/DotNetAnalyzers/IDisposableAnalyzers/blob/master/documentation/IDISP017.md) [C:\_prj\stevecisco\private\daiv3\tests\unit\Daiv3.UnitTests\Daiv3.UnitTests.csproj::TargetFramework=net10.0-windows10.0.26100]
C:\_prj\stevecisco\private\daiv3\tests\unit\Daiv3.UnitTests\ModelExecution\OnlineProviderRouterSmartRoutingTests.cs(281,9): warning IDISP001: Dispose created (https://github.com/DotNetAnalyzers/IDisposableAnalyzers/blob/master/documentation/IDISP001.md) [C:\_prj\stevecisco\private\daiv3\tests\unit\Daiv3.UnitTests\Daiv3.UnitTests.csproj::TargetFramework=net10.0-windows10.0.26100]
C:\_prj\stevecisco\private\daiv3\tests\unit\Daiv3.UnitTests\ModelExecution\OnlineProviderRouterSmartRoutingTests.cs(331,9): warning IDISP001: Dispose created (https://github.com/DotNetAnalyzers/IDisposableAnalyzers/blob/master/documentation/IDISP001.md) [C:\_prj\stevecisco\private\daiv3\tests\unit\Daiv3.UnitTests\Daiv3.UnitTests.csproj::TargetFramework=net10.0-windows10.0.26100]
C:\_prj\stevecisco\private\daiv3\tests\unit\Daiv3.UnitTests\ModelExecution\OnlineProviderRouterRateLimitingTests.cs(26,9): warning IDISP001: Dispose created (https://github.com/DotNetAnalyzers/IDisposableAnalyzers/blob/master/documentation/IDISP001.md) [C:\_prj\stevecisco\private\daiv3\tests\unit\Daiv3.UnitTests\Daiv3.UnitTests.csproj::TargetFramework=net10.0-windows10.0.26100]
C:\_prj\stevecisco\private\daiv3\tests\unit\Daiv3.UnitTests\ModelExecution\OnlineProviderRouterRateLimitingTests.cs(62,9): warning IDISP001: Dispose created (https://github.com/DotNetAnalyzers/IDisposableAnalyzers/blob/master/documentation/IDISP001.md) [C:\_prj\stevecisco\private\daiv3\tests\unit\Daiv3.UnitTests\Daiv3.UnitTests.csproj::TargetFramework=net10.0-windows10.0.26100]
C:\_prj\stevecisco\private\daiv3\tests\unit\Daiv3.UnitTests\ModelExecution\OnlineProviderRouterContextMinimizationTests.cs(62,9): warning IDISP003: Dispose previous before re-assigning (https://github.com/DotNetAnalyzers/IDisposableAnalyzers/blob/master/documentation/IDISP003.md) [C:\_prj\stevecisco\private\daiv3\tests\unit\Daiv3.UnitTests\Daiv3.UnitTests.csproj::TargetFramework=net10.0-windows10.0.26100]
C:\_prj\stevecisco\private\daiv3\tests\unit\Daiv3.UnitTests\ModelExecution\OnlineProviderRouterRateLimitingTests.cs(98,9): warning IDISP001: Dispose created (https://github.com/DotNetAnalyzers/IDisposableAnalyzers/blob/master/documentation/IDISP001.md) [C:\_prj\stevecisco\private\daiv3\tests\unit\Daiv3.UnitTests\Daiv3.UnitTests.csproj::TargetFramework=net10.0-windows10.0.26100]
C:\_prj\stevecisco\private\daiv3\tests\unit\Daiv3.UnitTests\ModelExecution\OnlineProviderRouterConfirmationTests.cs(81,9): warning IDISP003: Dispose previous before re-assigning (https://github.com/DotNetAnalyzers/IDisposableAnalyzers/blob/master/documentation/IDISP003.md) [C:\_prj\stevecisco\private\daiv3\tests\unit\Daiv3.UnitTests\Daiv3.UnitTests.csproj::TargetFramework=net10.0-windows10.0.26100]
C:\_prj\stevecisco\private\daiv3\tests\unit\Daiv3.UnitTests\ModelExecution\OnlineProviderRouterParallelExecutionTests.cs(26,9): warning IDISP001: Dispose created (https://github.com/DotNetAnalyzers/IDisposableAnalyzers/blob/master/documentation/IDISP001.md) [C:\_prj\stevecisco\private\daiv3\tests\unit\Daiv3.UnitTests\Daiv3.UnitTests.csproj::TargetFramework=net10.0-windows10.0.26100]
C:\_prj\stevecisco\private\daiv3\tests\unit\Daiv3.UnitTests\ModelExecution\OnlineProviderRouterParallelExecutionTests.cs(35,9): warning IDISP001: Dispose created (https://github.com/DotNetAnalyzers/IDisposableAnalyzers/blob/master/documentation/IDISP001.md) [C:\_prj\stevecisco\private\daiv3\tests\unit\Daiv3.UnitTests\Daiv3.UnitTests.csproj::TargetFramework=net10.0-windows10.0.26100]
C:\_prj\stevecisco\private\daiv3\tests\unit\Daiv3.UnitTests\ModelExecution\OnlineProviderRouterOfflineQueueingTests.cs(52,9): warning IDISP001: Dispose created (https://github.com/DotNetAnalyzers/IDisposableAnalyzers/blob/master/documentation/IDISP001.md) [C:\_prj\stevecisco\private\daiv3\tests\unit\Daiv3.UnitTests\Daiv3.UnitTests.csproj::TargetFramework=net10.0-windows10.0.26100]
C:\_prj\stevecisco\private\daiv3\tests\unit\Daiv3.UnitTests\ModelExecution\OnlineProviderRouterConfirmationTests.cs(96,9): warning IDISP003: Dispose previous before re-assigning (https://github.com/DotNetAnalyzers/IDisposableAnalyzers/blob/master/documentation/IDISP003.md) [C:\_prj\stevecisco\private\daiv3\tests\unit\Daiv3.UnitTests\Daiv3.UnitTests.csproj::TargetFramework=net10.0-windows10.0.26100]
C:\_prj\stevecisco\private\daiv3\tests\unit\Daiv3.UnitTests\ModelExecution\OnlineProviderRouterConfirmationTests.cs(51,9): warning IDISP003: Dispose previous before re-assigning (https://github.com/DotNetAnalyzers/IDisposableAnalyzers/blob/master/documentation/IDISP003.md) [C:\_prj\stevecisco\private\daiv3\tests\unit\Daiv3.UnitTests\Daiv3.UnitTests.csproj::TargetFramework=net10.0-windows10.0.26100]
C:\_prj\stevecisco\private\daiv3\tests\unit\Daiv3.UnitTests\Scheduler\SchedulerHostedServiceTests.cs(37,9): warning IDISP003: Dispose previous before re-assigning (https://github.com/DotNetAnalyzers/IDisposableAnalyzers/blob/master/documentation/IDISP003.md) [C:\_prj\stevecisco\private\daiv3\tests\unit\Daiv3.UnitTests\Daiv3.UnitTests.csproj::TargetFramework=net10.0-windows10.0.26100]
C:\_prj\stevecisco\private\daiv3\tests\unit\Daiv3.UnitTests\ModelExecution\OnlineProviderRouterContextMinimizationTests.cs(38,9): warning IDISP003: Dispose previous before re-assigning (https://github.com/DotNetAnalyzers/IDisposableAnalyzers/blob/master/documentation/IDISP003.md) [C:\_prj\stevecisco\private\daiv3\tests\unit\Daiv3.UnitTests\Daiv3.UnitTests.csproj::TargetFramework=net10.0-windows10.0.26100]
C:\_prj\stevecisco\private\daiv3\tests\unit\Daiv3.UnitTests\ModelExecution\OnlineProviderRouterConfirmationTests.cs(111,9): warning IDISP003: Dispose previous before re-assigning (https://github.com/DotNetAnalyzers/IDisposableAnalyzers/blob/master/documentation/IDISP003.md) [C:\_prj\stevecisco\private\daiv3\tests\unit\Daiv3.UnitTests\Daiv3.UnitTests.csproj::TargetFramework=net10.0-windows10.0.26100]
C:\_prj\stevecisco\private\daiv3\tests\unit\Daiv3.UnitTests\ModelExecution\OnlineProviderRouterParallelExecutionTests.cs(45,9): warning IDISP001: Dispose created (https://github.com/DotNetAnalyzers/IDisposableAnalyzers/blob/master/documentation/IDISP001.md) [C:\_prj\stevecisco\private\daiv3\tests\unit\Daiv3.UnitTests\Daiv3.UnitTests.csproj::TargetFramework=net10.0-windows10.0.26100]
C:\_prj\stevecisco\private\daiv3\tests\unit\Daiv3.UnitTests\ModelExecution\OnlineProviderRouterConfirmationTests.cs(147,9): warning IDISP003: Dispose previous before re-assigning (https://github.com/DotNetAnalyzers/IDisposableAnalyzers/blob/master/documentation/IDISP003.md) [C:\_prj\stevecisco\private\daiv3\tests\unit\Daiv3.UnitTests\Daiv3.UnitTests.csproj::TargetFramework=net10.0-windows10.0.26100]
C:\_prj\stevecisco\private\daiv3\tests\unit\Daiv3.UnitTests\ModelExecution\OnlineProviderRouterConfirmationTests.cs(126,9): warning IDISP003: Dispose previous before re-assigning (https://github.com/DotNetAnalyzers/IDisposableAnalyzers/blob/master/documentation/IDISP003.md) [C:\_prj\stevecisco\private\daiv3\tests\unit\Daiv3.UnitTests\Daiv3.UnitTests.csproj::TargetFramework=net10.0-windows10.0.26100]
C:\_prj\stevecisco\private\daiv3\tests\unit\Daiv3.UnitTests\ModelExecution\OnlineProviderRouterConfirmationTests.cs(162,9): warning IDISP003: Dispose previous before re-assigning (https://github.com/DotNetAnalyzers/IDisposableAnalyzers/blob/master/documentation/IDISP003.md) [C:\_prj\stevecisco\private\daiv3\tests\unit\Daiv3.UnitTests\Daiv3.UnitTests.csproj::TargetFramework=net10.0-windows10.0.26100]
C:\_prj\stevecisco\private\daiv3\tests\unit\Daiv3.UnitTests\ModelExecution\OnlineProviderRouterParallelExecutionTests.cs(77,9): warning IDISP001: Dispose created (https://github.com/DotNetAnalyzers/IDisposableAnalyzers/blob/master/documentation/IDISP001.md) [C:\_prj\stevecisco\private\daiv3\tests\unit\Daiv3.UnitTests\Daiv3.UnitTests.csproj::TargetFramework=net10.0-windows10.0.26100]
C:\_prj\stevecisco\private\daiv3\tests\unit\Daiv3.UnitTests\ModelExecution\OnlineProviderRouterOfflineQueueingTests.cs(91,9): warning IDISP001: Dispose created (https://github.com/DotNetAnalyzers/IDisposableAnalyzers/blob/master/documentation/IDISP001.md) [C:\_prj\stevecisco\private\daiv3\tests\unit\Daiv3.UnitTests\Daiv3.UnitTests.csproj::TargetFramework=net10.0-windows10.0.26100]
C:\_prj\stevecisco\private\daiv3\tests\unit\Daiv3.UnitTests\Scheduler\SchedulerHostedServiceTests.cs(349,9): warning xUnit2002: Do not use Assert.NotNull() on value type 'DateTime'. Remove this assert. (https://xunit.net/xunit.analyzers/rules/xUnit2002) [C:\_prj\stevecisco\private\daiv3\tests\unit\Daiv3.UnitTests\Daiv3.UnitTests.csproj::TargetFramework=net10.0-windows10.0.26100]
C:\_prj\stevecisco\private\daiv3\tests\unit\Daiv3.UnitTests\ModelExecution\OnlineProviderRouterConfirmationTests.cs(195,9): warning IDISP003: Dispose previous before re-assigning (https://github.com/DotNetAnalyzers/IDisposableAnalyzers/blob/master/documentation/IDISP003.md) [C:\_prj\stevecisco\private\daiv3\tests\unit\Daiv3.UnitTests\Daiv3.UnitTests.csproj::TargetFramework=net10.0-windows10.0.26100]
C:\_prj\stevecisco\private\daiv3\tests\unit\Daiv3.UnitTests\ModelExecution\OnlineProviderRouterOfflineQueueingTests.cs(126,9): warning IDISP001: Dispose created (https://github.com/DotNetAnalyzers/IDisposableAnalyzers/blob/master/documentation/IDISP001.md) [C:\_prj\stevecisco\private\daiv3\tests\unit\Daiv3.UnitTests\Daiv3.UnitTests.csproj::TargetFramework=net10.0-windows10.0.26100]
C:\_prj\stevecisco\private\daiv3\tests\unit\Daiv3.UnitTests\ModelExecution\OnlineProviderRouterOfflineQueueingTests.cs(154,9): warning IDISP001: Dispose created (https://github.com/DotNetAnalyzers/IDisposableAnalyzers/blob/master/documentation/IDISP001.md) [C:\_prj\stevecisco\private\daiv3\tests\unit\Daiv3.UnitTests\Daiv3.UnitTests.csproj::TargetFramework=net10.0-windows10.0.26100]
C:\_prj\stevecisco\private\daiv3\tests\unit\Daiv3.UnitTests\ModelExecution\OnlineProviderRouterOfflineQueueingTests.cs(181,9): warning IDISP001: Dispose created (https://github.com/DotNetAnalyzers/IDisposableAnalyzers/blob/master/documentation/IDISP001.md) [C:\_prj\stevecisco\private\daiv3\tests\unit\Daiv3.UnitTests\Daiv3.UnitTests.csproj::TargetFramework=net10.0-windows10.0.26100]
C:\_prj\stevecisco\private\daiv3\tests\unit\Daiv3.UnitTests\ModelExecution\OnlineProviderRouterConfirmationTests.cs(179,9): warning IDISP003: Dispose previous before re-assigning (https://github.com/DotNetAnalyzers/IDisposableAnalyzers/blob/master/documentation/IDISP003.md) [C:\_prj\stevecisco\private\daiv3\tests\unit\Daiv3.UnitTests\Daiv3.UnitTests.csproj::TargetFramework=net10.0-windows10.0.26100]
C:\_prj\stevecisco\private\daiv3\tests\unit\Daiv3.UnitTests\ModelExecution\OnlineProviderRouterConfirmationTests.cs(227,9): warning IDISP003: Dispose previous before re-assigning (https://github.com/DotNetAnalyzers/IDisposableAnalyzers/blob/master/documentation/IDISP003.md) [C:\_prj\stevecisco\private\daiv3\tests\unit\Daiv3.UnitTests\Daiv3.UnitTests.csproj::TargetFramework=net10.0-windows10.0.26100]
C:\_prj\stevecisco\private\daiv3\tests\unit\Daiv3.UnitTests\ModelExecution\OnlineProviderRouterOfflineQueueingTests.cs(222,9): warning IDISP001: Dispose created (https://github.com/DotNetAnalyzers/IDisposableAnalyzers/blob/master/documentation/IDISP001.md) [C:\_prj\stevecisco\private\daiv3\tests\unit\Daiv3.UnitTests\Daiv3.UnitTests.csproj::TargetFramework=net10.0-windows10.0.26100]
C:\_prj\stevecisco\private\daiv3\tests\unit\Daiv3.UnitTests\ModelExecution\OnlineProviderRouterConfirmationTests.cs(242,9): warning IDISP003: Dispose previous before re-assigning (https://github.com/DotNetAnalyzers/IDisposableAnalyzers/blob/master/documentation/IDISP003.md) [C:\_prj\stevecisco\private\daiv3\tests\unit\Daiv3.UnitTests\Daiv3.UnitTests.csproj::TargetFramework=net10.0-windows10.0.26100]
C:\_prj\stevecisco\private\daiv3\tests\unit\Daiv3.UnitTests\ModelExecution\OnlineProviderRouterConfirmationTests.cs(257,9): warning IDISP003: Dispose previous before re-assigning (https://github.com/DotNetAnalyzers/IDisposableAnalyzers/blob/master/documentation/IDISP003.md) [C:\_prj\stevecisco\private\daiv3\tests\unit\Daiv3.UnitTests\Daiv3.UnitTests.csproj::TargetFramework=net10.0-windows10.0.26100]
C:\_prj\stevecisco\private\daiv3\tests\unit\Daiv3.UnitTests\ModelExecution\OnlineProviderRouterConfirmationTests.cs(211,9): warning IDISP003: Dispose previous before re-assigning (https://github.com/DotNetAnalyzers/IDisposableAnalyzers/blob/master/documentation/IDISP003.md) [C:\_prj\stevecisco\private\daiv3\tests\unit\Daiv3.UnitTests\Daiv3.UnitTests.csproj::TargetFramework=net10.0-windows10.0.26100]
C:\_prj\stevecisco\private\daiv3\tests\unit\Daiv3.UnitTests\ModelExecution\OnlineProviderRouterConfirmationTests.cs(277,9): warning IDISP003: Dispose previous before re-assigning (https://github.com/DotNetAnalyzers/IDisposableAnalyzers/blob/master/documentation/IDISP003.md) [C:\_prj\stevecisco\private\daiv3\tests\unit\Daiv3.UnitTests\Daiv3.UnitTests.csproj::TargetFramework=net10.0-windows10.0.26100]
C:\_prj\stevecisco\private\daiv3\tests\unit\Daiv3.UnitTests\ModelExecution\OnlineProviderRouterOfflineQueueingTests.cs(258,9): warning IDISP001: Dispose created (https://github.com/DotNetAnalyzers/IDisposableAnalyzers/blob/master/documentation/IDISP001.md) [C:\_prj\stevecisco\private\daiv3\tests\unit\Daiv3.UnitTests\Daiv3.UnitTests.csproj::TargetFramework=net10.0-windows10.0.26100]
C:\_prj\stevecisco\private\daiv3\tests\unit\Daiv3.UnitTests\ModelExecution\OnlineProviderRouterContextMinimizationTests.cs(182,9): warning IDISP003: Dispose previous before re-assigning (https://github.com/DotNetAnalyzers/IDisposableAnalyzers/blob/master/documentation/IDISP003.md) [C:\_prj\stevecisco\private\daiv3\tests\unit\Daiv3.UnitTests\Daiv3.UnitTests.csproj::TargetFramework=net10.0-windows10.0.26100]
C:\_prj\stevecisco\private\daiv3\tests\unit\Daiv3.UnitTests\ModelExecution\OnlineProviderRouterContextMinimizationTests.cs(122,9): warning IDISP003: Dispose previous before re-assigning (https://github.com/DotNetAnalyzers/IDisposableAnalyzers/blob/master/documentation/IDISP003.md) [C:\_prj\stevecisco\private\daiv3\tests\unit\Daiv3.UnitTests\Daiv3.UnitTests.csproj::TargetFramework=net10.0-windows10.0.26100]
C:\_prj\stevecisco\private\daiv3\tests\unit\Daiv3.UnitTests\ModelExecution\OnlineProviderRouterContextMinimizationTests.cs(93,9): warning IDISP003: Dispose previous before re-assigning (https://github.com/DotNetAnalyzers/IDisposableAnalyzers/blob/master/documentation/IDISP003.md) [C:\_prj\stevecisco\private\daiv3\tests\unit\Daiv3.UnitTests\Daiv3.UnitTests.csproj::TargetFramework=net10.0-windows10.0.26100]
C:\_prj\stevecisco\private\daiv3\tests\unit\Daiv3.UnitTests\ModelExecution\OnlineProviderRouterContextMinimizationTests.cs(154,9): warning IDISP003: Dispose previous before re-assigning (https://github.com/DotNetAnalyzers/IDisposableAnalyzers/blob/master/documentation/IDISP003.md) [C:\_prj\stevecisco\private\daiv3\tests\unit\Daiv3.UnitTests\Daiv3.UnitTests.csproj::TargetFramework=net10.0-windows10.0.26100]
C:\_prj\stevecisco\private\daiv3\tests\unit\Daiv3.UnitTests\ModelExecution\OnlineProviderRouterContextMinimizationTests.cs(248,9): warning IDISP003: Dispose previous before re-assigning (https://github.com/DotNetAnalyzers/IDisposableAnalyzers/blob/master/documentation/IDISP003.md) [C:\_prj\stevecisco\private\daiv3\tests\unit\Daiv3.UnitTests\Daiv3.UnitTests.csproj::TargetFramework=net10.0-windows10.0.26100]
C:\_prj\stevecisco\private\daiv3\tests\unit\Daiv3.UnitTests\ModelExecution\OnlineProviderRouterContextMinimizationTests.cs(207,9): warning IDISP003: Dispose previous before re-assigning (https://github.com/DotNetAnalyzers/IDisposableAnalyzers/blob/master/documentation/IDISP003.md) [C:\_prj\stevecisco\private\daiv3\tests\unit\Daiv3.UnitTests\Daiv3.UnitTests.csproj::TargetFramework=net10.0-windows10.0.26100]
C:\_prj\stevecisco\private\daiv3\tests\unit\Daiv3.UnitTests\ModelExecution\OnlineProviderRouterContextMinimizationTests.cs(279,9): warning IDISP003: Dispose previous before re-assigning (https://github.com/DotNetAnalyzers/IDisposableAnalyzers/blob/master/documentation/IDISP003.md) [C:\_prj\stevecisco\private\daiv3\tests\unit\Daiv3.UnitTests\Daiv3.UnitTests.csproj::TargetFramework=net10.0-windows10.0.26100]
C:\_prj\stevecisco\private\daiv3\tests\unit\Daiv3.UnitTests\ModelExecution\OnlineProviderRouterContextMinimizationTests.cs(227,9): warning IDISP003: Dispose previous before re-assigning (https://github.com/DotNetAnalyzers/IDisposableAnalyzers/blob/master/documentation/IDISP003.md) [C:\_prj\stevecisco\private\daiv3\tests\unit\Daiv3.UnitTests\Daiv3.UnitTests.csproj::TargetFramework=net10.0-windows10.0.26100]
C:\_prj\stevecisco\private\daiv3\tests\unit\Daiv3.UnitTests\ModelExecution\OnlineProviderRouterContextMinimizationTests.cs(299,9): warning IDISP003: Dispose previous before re-assigning (https://github.com/DotNetAnalyzers/IDisposableAnalyzers/blob/master/documentation/IDISP003.md) [C:\_prj\stevecisco\private\daiv3\tests\unit\Daiv3.UnitTests\Daiv3.UnitTests.csproj::TargetFramework=net10.0-windows10.0.26100]
C:\_prj\stevecisco\private\daiv3\tests\unit\Daiv3.UnitTests\ModelExecution\OnlineProviderRouterContextMinimizationTests.cs(329,9): warning IDISP003: Dispose previous before re-assigning (https://github.com/DotNetAnalyzers/IDisposableAnalyzers/blob/master/documentation/IDISP003.md) [C:\_prj\stevecisco\private\daiv3\tests\unit\Daiv3.UnitTests\Daiv3.UnitTests.csproj::TargetFramework=net10.0-windows10.0.26100]
C:\_prj\stevecisco\private\daiv3\tests\unit\Daiv3.UnitTests\ModelExecution\OnlineProviderRouterContextMinimizationTests.cs(358,9): warning IDISP003: Dispose previous before re-assigning (https://github.com/DotNetAnalyzers/IDisposableAnalyzers/blob/master/documentation/IDISP003.md) [C:\_prj\stevecisco\private\daiv3\tests\unit\Daiv3.UnitTests\Daiv3.UnitTests.csproj::TargetFramework=net10.0-windows10.0.26100]
C:\_prj\stevecisco\private\daiv3\tests\unit\Daiv3.UnitTests\Persistence\PromotionReversibilityTests.cs(40,9): warning IDISP003: Dispose previous before re-assigning (https://github.com/DotNetAnalyzers/IDisposableAnalyzers/blob/master/documentation/IDISP003.md) [C:\_prj\stevecisco\private\daiv3\tests\unit\Daiv3.UnitTests\Daiv3.UnitTests.csproj::TargetFramework=net10.0-windows10.0.26100]
C:\_prj\stevecisco\private\daiv3\tests\unit\Daiv3.UnitTests\Orchestration\SkillSourceAndConfigurationTests.cs(22,9): warning IDISP001: Dispose created (https://github.com/DotNetAnalyzers/IDisposableAnalyzers/blob/master/documentation/IDISP001.md) [C:\_prj\stevecisco\private\daiv3\tests\unit\Daiv3.UnitTests\Daiv3.UnitTests.csproj::TargetFramework=net10.0-windows10.0.26100]
C:\_prj\stevecisco\private\daiv3\tests\unit\Daiv3.UnitTests\Orchestration\SkillSourceAndConfigurationTests.cs(41,9): warning IDISP001: Dispose created (https://github.com/DotNetAnalyzers/IDisposableAnalyzers/blob/master/documentation/IDISP001.md) [C:\_prj\stevecisco\private\daiv3\tests\unit\Daiv3.UnitTests\Daiv3.UnitTests.csproj::TargetFramework=net10.0-windows10.0.26100]
C:\_prj\stevecisco\private\daiv3\tests\unit\Daiv3.UnitTests\Orchestration\SkillSourceAndConfigurationTests.cs(61,9): warning IDISP001: Dispose created (https://github.com/DotNetAnalyzers/IDisposableAnalyzers/blob/master/documentation/IDISP001.md) [C:\_prj\stevecisco\private\daiv3\tests\unit\Daiv3.UnitTests\Daiv3.UnitTests.csproj::TargetFramework=net10.0-windows10.0.26100]
C:\_prj\stevecisco\private\daiv3\tests\unit\Daiv3.UnitTests\Orchestration\SkillSourceAndConfigurationTests.cs(81,9): warning IDISP001: Dispose created (https://github.com/DotNetAnalyzers/IDisposableAnalyzers/blob/master/documentation/IDISP001.md) [C:\_prj\stevecisco\private\daiv3\tests\unit\Daiv3.UnitTests\Daiv3.UnitTests.csproj::TargetFramework=net10.0-windows10.0.26100]
C:\_prj\stevecisco\private\daiv3\tests\unit\Daiv3.UnitTests\Orchestration\SkillSourceAndConfigurationTests.cs(101,9): warning IDISP001: Dispose created (https://github.com/DotNetAnalyzers/IDisposableAnalyzers/blob/master/documentation/IDISP001.md) [C:\_prj\stevecisco\private\daiv3\tests\unit\Daiv3.UnitTests\Daiv3.UnitTests.csproj::TargetFramework=net10.0-windows10.0.26100]
C:\_prj\stevecisco\private\daiv3\tests\unit\Daiv3.UnitTests\Orchestration\SkillSourceAndConfigurationTests.cs(127,9): warning IDISP001: Dispose created (https://github.com/DotNetAnalyzers/IDisposableAnalyzers/blob/master/documentation/IDISP001.md) [C:\_prj\stevecisco\private\daiv3\tests\unit\Daiv3.UnitTests\Daiv3.UnitTests.csproj::TargetFramework=net10.0-windows10.0.26100]
C:\_prj\stevecisco\private\daiv3\tests\unit\Daiv3.UnitTests\Orchestration\SkillSourceAndConfigurationTests.cs(146,9): warning IDISP001: Dispose created (https://github.com/DotNetAnalyzers/IDisposableAnalyzers/blob/master/documentation/IDISP001.md) [C:\_prj\stevecisco\private\daiv3\tests\unit\Daiv3.UnitTests\Daiv3.UnitTests.csproj::TargetFramework=net10.0-windows10.0.26100]
C:\_prj\stevecisco\private\daiv3\tests\unit\Daiv3.UnitTests\Orchestration\TaskOrchestratorTests.cs(157,9): warning IDISP001: Dispose created (https://github.com/DotNetAnalyzers/IDisposableAnalyzers/blob/master/documentation/IDISP001.md) [C:\_prj\stevecisco\private\daiv3\tests\unit\Daiv3.UnitTests\Daiv3.UnitTests.csproj::TargetFramework=net10.0-windows10.0.26100]
C:\_prj\stevecisco\private\daiv3\tests\unit\Daiv3.UnitTests\Persistence\WebFetchMigrationTests.cs(79,16): error CS0117: 'Assert' does not contain a definition for 'GreaterThanOrEqual' [C:\_prj\stevecisco\private\daiv3\tests\unit\Daiv3.UnitTests\Daiv3.UnitTests.csproj::TargetFramework=net10.0]
C:\_prj\stevecisco\private\daiv3\tests\unit\Daiv3.UnitTests\Persistence\WebFetchMigrationTests.cs(102,28): error CS0118: 'WebFetch' is a namespace but is used like a type [C:\_prj\stevecisco\private\daiv3\tests\unit\Daiv3.UnitTests\Daiv3.UnitTests.csproj::TargetFramework=net10.0]
C:\_prj\stevecisco\private\daiv3\tests\unit\Daiv3.UnitTests\Persistence\WebFetchMigrationTests.cs(140,28): error CS0118: 'WebFetch' is a namespace but is used like a type [C:\_prj\stevecisco\private\daiv3\tests\unit\Daiv3.UnitTests\Daiv3.UnitTests.csproj::TargetFramework=net10.0]
C:\_prj\stevecisco\private\daiv3\tests\unit\Daiv3.UnitTests\Persistence\WebFetchMigrationTests.cs(189,28): error CS0118: 'WebFetch' is a namespace but is used like a type [C:\_prj\stevecisco\private\daiv3\tests\unit\Daiv3.UnitTests\Daiv3.UnitTests.csproj::TargetFramework=net10.0]
C:\_prj\stevecisco\private\daiv3\tests\unit\Daiv3.UnitTests\Persistence\WebFetchMigrationTests.cs(235,28): error CS0118: 'WebFetch' is a namespace but is used like a type [C:\_prj\stevecisco\private\daiv3\tests\unit\Daiv3.UnitTests\Daiv3.UnitTests.csproj::TargetFramework=net10.0]
C:\_prj\stevecisco\private\daiv3\tests\unit\Daiv3.UnitTests\Persistence\WebFetchMigrationTests.cs(281,28): error CS0118: 'WebFetch' is a namespace but is used like a type [C:\_prj\stevecisco\private\daiv3\tests\unit\Daiv3.UnitTests\Daiv3.UnitTests.csproj::TargetFramework=net10.0]
C:\_prj\stevecisco\private\daiv3\tests\unit\Daiv3.UnitTests\Persistence\WebFetchMigrationTests.cs(327,28): error CS0118: 'WebFetch' is a namespace but is used like a type [C:\_prj\stevecisco\private\daiv3\tests\unit\Daiv3.UnitTests\Daiv3.UnitTests.csproj::TargetFramework=net10.0]
C:\_prj\stevecisco\private\daiv3\tests\unit\Daiv3.UnitTests\Persistence\WebFetchMigrationTests.cs(402,32): error CS0118: 'WebFetch' is a namespace but is used like a type [C:\_prj\stevecisco\private\daiv3\tests\unit\Daiv3.UnitTests\Daiv3.UnitTests.csproj::TargetFramework=net10.0]
C:\_prj\stevecisco\private\daiv3\tests\unit\Daiv3.UnitTests\Persistence\WebFetchMigrationTests.cs(79,16): error CS0117: 'Assert' does not contain a definition for 'GreaterThanOrEqual' [C:\_prj\stevecisco\private\daiv3\tests\unit\Daiv3.UnitTests\Daiv3.UnitTests.csproj::TargetFramework=net10.0-windows10.0.26100]
C:\_prj\stevecisco\private\daiv3\tests\unit\Daiv3.UnitTests\Persistence\WebFetchMigrationTests.cs(102,28): error CS0118: 'WebFetch' is a namespace but is used like a type [C:\_prj\stevecisco\private\daiv3\tests\unit\Daiv3.UnitTests\Daiv3.UnitTests.csproj::TargetFramework=net10.0-windows10.0.26100]
C:\_prj\stevecisco\private\daiv3\tests\unit\Daiv3.UnitTests\Persistence\WebFetchMigrationTests.cs(140,28): error CS0118: 'WebFetch' is a namespace but is used like a type [C:\_prj\stevecisco\private\daiv3\tests\unit\Daiv3.UnitTests\Daiv3.UnitTests.csproj::TargetFramework=net10.0-windows10.0.26100]
C:\_prj\stevecisco\private\daiv3\tests\unit\Daiv3.UnitTests\Persistence\WebFetchMigrationTests.cs(189,28): error CS0118: 'WebFetch' is a namespace but is used like a type [C:\_prj\stevecisco\private\daiv3\tests\unit\Daiv3.UnitTests\Daiv3.UnitTests.csproj::TargetFramework=net10.0-windows10.0.26100]
C:\_prj\stevecisco\private\daiv3\tests\unit\Daiv3.UnitTests\Persistence\WebFetchMigrationTests.cs(235,28): error CS0118: 'WebFetch' is a namespace but is used like a type [C:\_prj\stevecisco\private\daiv3\tests\unit\Daiv3.UnitTests\Daiv3.UnitTests.csproj::TargetFramework=net10.0-windows10.0.26100]
C:\_prj\stevecisco\private\daiv3\tests\unit\Daiv3.UnitTests\Persistence\WebFetchMigrationTests.cs(281,28): error CS0118: 'WebFetch' is a namespace but is used like a type [C:\_prj\stevecisco\private\daiv3\tests\unit\Daiv3.UnitTests\Daiv3.UnitTests.csproj::TargetFramework=net10.0-windows10.0.26100]
C:\_prj\stevecisco\private\daiv3\tests\unit\Daiv3.UnitTests\Persistence\WebFetchMigrationTests.cs(327,28): error CS0118: 'WebFetch' is a namespace but is used like a type [C:\_prj\stevecisco\private\daiv3\tests\unit\Daiv3.UnitTests\Daiv3.UnitTests.csproj::TargetFramework=net10.0-windows10.0.26100]
C:\_prj\stevecisco\private\daiv3\tests\unit\Daiv3.UnitTests\Persistence\WebFetchMigrationTests.cs(402,32): error CS0118: 'WebFetch' is a namespace but is used like a type [C:\_prj\stevecisco\private\daiv3\tests\unit\Daiv3.UnitTests\Daiv3.UnitTests.csproj::TargetFramework=net10.0-windows10.0.26100]
    373 Warning(s)
    16 Error(s)

Time Elapsed 00:00:19.80
